Component: ARM Compiler 5.06 update 4 (build 422) Tool: armlink [4d35d2]

==============================================================================

Section Cross References

    startup_stm32f10x_md.o(RESET) refers to startup_stm32f10x_md.o(STACK) for __initial_sp
    startup_stm32f10x_md.o(RESET) refers to startup_stm32f10x_md.o(.text) for Reset_Handler
    startup_stm32f10x_md.o(RESET) refers to stm32f10x_it.o(i.NMI_Handler) for NMI_Handler
    startup_stm32f10x_md.o(RESET) refers to stm32f10x_it.o(i.HardFault_Handler) for HardFault_Handler
    startup_stm32f10x_md.o(RESET) refers to stm32f10x_it.o(i.MemManage_Handler) for MemManage_Handler
    startup_stm32f10x_md.o(RESET) refers to stm32f10x_it.o(i.BusFault_Handler) for BusFault_Handler
    startup_stm32f10x_md.o(RESET) refers to stm32f10x_it.o(i.UsageFault_Handler) for UsageFault_Handler
    startup_stm32f10x_md.o(RESET) refers to stm32f10x_it.o(i.SVC_Handler) for SVC_Handler
    startup_stm32f10x_md.o(RESET) refers to stm32f10x_it.o(i.DebugMon_Handler) for DebugMon_Handler
    startup_stm32f10x_md.o(RESET) refers to los_dispatch.o(KERNEL) for PendSV_Handler
    startup_stm32f10x_md.o(RESET) refers to los_tick.o(i.SysTick_Handler) for SysTick_Handler
    startup_stm32f10x_md.o(RESET) refers to timer.o(i.TIM2_IRQHandler) for TIM2_IRQHandler
    startup_stm32f10x_md.o(RESET) refers to timer.o(i.TIM3_IRQHandler) for TIM3_IRQHandler
    startup_stm32f10x_md.o(RESET) refers to usart.o(i.USART1_IRQHandler) for USART1_IRQHandler
    startup_stm32f10x_md.o(RESET) refers to usart2.o(i.USART2_IRQHandler) for USART2_IRQHandler
    startup_stm32f10x_md.o(RESET) refers to usart3.o(i.USART3_IRQHandler) for USART3_IRQHandler
    startup_stm32f10x_md.o(.text) refers to system_stm32f10x.o(i.SystemInit) for SystemInit
    startup_stm32f10x_md.o(.text) refers to entry.o(.ARM.Collect$$$$00000000) for __main
    system_stm32f10x.o(i.SetSysClock) refers to system_stm32f10x.o(i.SetSysClockTo72) for SetSysClockTo72
    system_stm32f10x.o(i.SystemCoreClockUpdate) refers to system_stm32f10x.o(.data) for SystemCoreClock
    system_stm32f10x.o(i.SystemInit) refers to system_stm32f10x.o(i.SetSysClock) for SetSysClock
    stm32f10x_adc.o(i.ADC_DeInit) refers to stm32f10x_rcc.o(i.RCC_APB2PeriphResetCmd) for RCC_APB2PeriphResetCmd
    stm32f10x_bkp.o(i.BKP_DeInit) refers to stm32f10x_rcc.o(i.RCC_BackupResetCmd) for RCC_BackupResetCmd
    stm32f10x_can.o(i.CAN_DeInit) refers to stm32f10x_rcc.o(i.RCC_APB1PeriphResetCmd) for RCC_APB1PeriphResetCmd
    stm32f10x_can.o(i.CAN_GetITStatus) refers to stm32f10x_can.o(i.CheckITStatus) for CheckITStatus
    stm32f10x_cec.o(i.CEC_DeInit) refers to stm32f10x_rcc.o(i.RCC_APB1PeriphResetCmd) for RCC_APB1PeriphResetCmd
    stm32f10x_dac.o(i.DAC_DeInit) refers to stm32f10x_rcc.o(i.RCC_APB1PeriphResetCmd) for RCC_APB1PeriphResetCmd
    stm32f10x_flash.o(i.FLASH_EnableWriteProtection) refers to stm32f10x_flash.o(i.FLASH_WaitForLastOperation) for FLASH_WaitForLastOperation
    stm32f10x_flash.o(i.FLASH_EraseAllBank1Pages) refers to stm32f10x_flash.o(i.FLASH_WaitForLastBank1Operation) for FLASH_WaitForLastBank1Operation
    stm32f10x_flash.o(i.FLASH_EraseAllPages) refers to stm32f10x_flash.o(i.FLASH_WaitForLastOperation) for FLASH_WaitForLastOperation
    stm32f10x_flash.o(i.FLASH_EraseOptionBytes) refers to stm32f10x_flash.o(i.FLASH_GetReadOutProtectionStatus) for FLASH_GetReadOutProtectionStatus
    stm32f10x_flash.o(i.FLASH_EraseOptionBytes) refers to stm32f10x_flash.o(i.FLASH_WaitForLastOperation) for FLASH_WaitForLastOperation
    stm32f10x_flash.o(i.FLASH_ErasePage) refers to stm32f10x_flash.o(i.FLASH_WaitForLastOperation) for FLASH_WaitForLastOperation
    stm32f10x_flash.o(i.FLASH_ProgramHalfWord) refers to stm32f10x_flash.o(i.FLASH_WaitForLastOperation) for FLASH_WaitForLastOperation
    stm32f10x_flash.o(i.FLASH_ProgramOptionByteData) refers to stm32f10x_flash.o(i.FLASH_WaitForLastOperation) for FLASH_WaitForLastOperation
    stm32f10x_flash.o(i.FLASH_ProgramWord) refers to stm32f10x_flash.o(i.FLASH_WaitForLastOperation) for FLASH_WaitForLastOperation
    stm32f10x_flash.o(i.FLASH_ReadOutProtection) refers to stm32f10x_flash.o(i.FLASH_WaitForLastOperation) for FLASH_WaitForLastOperation
    stm32f10x_flash.o(i.FLASH_UserOptionByteConfig) refers to stm32f10x_flash.o(i.FLASH_WaitForLastOperation) for FLASH_WaitForLastOperation
    stm32f10x_flash.o(i.FLASH_WaitForLastBank1Operation) refers to stm32f10x_flash.o(i.FLASH_GetBank1Status) for FLASH_GetBank1Status
    stm32f10x_flash.o(i.FLASH_WaitForLastOperation) refers to stm32f10x_flash.o(i.FLASH_GetBank1Status) for FLASH_GetBank1Status
    stm32f10x_gpio.o(i.GPIO_AFIODeInit) refers to stm32f10x_rcc.o(i.RCC_APB2PeriphResetCmd) for RCC_APB2PeriphResetCmd
    stm32f10x_gpio.o(i.GPIO_DeInit) refers to stm32f10x_rcc.o(i.RCC_APB2PeriphResetCmd) for RCC_APB2PeriphResetCmd
    stm32f10x_i2c.o(i.I2C_DeInit) refers to stm32f10x_rcc.o(i.RCC_APB1PeriphResetCmd) for RCC_APB1PeriphResetCmd
[...]
    .text                                    0x080004ac   Section        0  ddiv.o(.text)
    .text                                    0x0800058a   Section        0  dfixul.o(.text)
    .text                                    0x080005ba   Section        0  uidiv.o(.text)
    .text                                    0x080005e6   Section        0  llshl.o(.text)
    .text                                    0x08000604   Section        0  llushr.o(.text)
    .text                                    0x08000624   Section        0  llsshr.o(.text)
    .text                                    0x08000648   Section        0  strtol.o(.text)
    .text                                    0x080006b8   Section        0  depilogue.o(.text)
    .text                                    0x080006b8   Section        0  iusefp.o(.text)
    .text                                    0x08000774   Section       48  cdrcmple.o(.text)
    .text                                    0x080007a4   Section       36  init.o(.text)
    .text                                    0x080007c8   Section        0  ctype_o.o(.text)
    .text                                    0x080007d0   Section        0  _strtoul.o(.text)
    .text                                    0x0800086e   Section        0  _chval.o(.text)
    .text                                    0x0800088a   Section        0  __dczerorl2.o(.text)
    KERNEL                                   0x080008e0   Section      128  los_dispatch.o(KERNEL)
    i.BusFault_Handler                       0x08000960   Section        0  stm32f10x_it.o(i.BusFault_Handler)
    i.DebugMon_Handler                       0x08000964   Section        0  stm32f10x_it.o(i.DebugMon_Handler)
    i.Delay                                  0x08000966   Section        0  main.o(i.Delay)
    i.FLASH_PrefetchBufferCmd                0x08000978   Section        0  stm32f10x_flash.o(i.FLASH_PrefetchBufferCmd)
    i.FLASH_SetLatency                       0x08000994   Section        0  stm32f10x_flash.o(i.FLASH_SetLatency)
    i.GPIO_EXTILineConfig                    0x080009ac   Section        0  stm32f10x_gpio.o(i.GPIO_EXTILineConfig)
    i.GPIO_Init                              0x080009ec   Section        0  stm32f10x_gpio.o(i.GPIO_Init)
    i.HardFault_Handler                      0x08000b02   Section        0  stm32f10x_it.o(i.HardFault_Handler)
    i.LOS_Align                              0x08000b06   Section        0  los_misc.o(i.LOS_Align)
    i.LOS_DLnkInitMultiHead                  0x08000b22   Section        0  los_multipledlinkhead.o(i.LOS_DLnkInitMultiHead)
    i.LOS_DLnkMultiHead                      0x08000b40   Section        0  los_multipledlinkhead.o(i.LOS_DLnkMultiHead)
    i.LOS_ListAdd                            0x08000b6a   Section        0  los_task.o(i.LOS_ListAdd)
    LOS_ListAdd                              0x08000b6b   Thumb Code    14  los_task.o(i.LOS_ListAdd)
    i.LOS_ListAdd                            0x08000b78   Section        0  los_mux.o(i.LOS_ListAdd)
    LOS_ListAdd                              0x08000b79   Thumb Code    14  los_mux.o(i.LOS_ListAdd)
    i.LOS_ListAdd                            0x08000b86   Section        0  los_queue.o(i.LOS_ListAdd)
    LOS_ListAdd                              0x08000b87   Thumb Code    14  los_queue.o(i.LOS_ListAdd)
    i.LOS_ListAdd                            0x08000b94   Section        0  los_sem.o(i.LOS_ListAdd)
    LOS_ListAdd                              0x08000b95   Thumb Code    14  los_sem.o(i.LOS_ListAdd)
    i.LOS_ListAdd                            0x08000ba2   Section        0  los_memory.o(i.LOS_ListAdd)
    LOS_ListAdd                              0x08000ba3   Thumb Code    14  los_memory.o(i.LOS_ListAdd)
    i.LOS_ListDelete                         0x08000bb0   Section        0  los_task.o(i.LOS_ListDelete)
    LOS_ListDelete                           0x08000bb1   Thumb Code    20  los_task.o(i.LOS_ListDelete)
    i.LOS_ListDelete                         0x08000bc4   Section        0  los_sem.o(i.LOS_ListDelete)
    LOS_ListDelete                           0x08000bc5   Thumb Code    20  los_sem.o(i.LOS_ListDelete)
    i.LOS_ListDelete                         0x08000bd8   Section        0  los_memory.o(i.LOS_ListDelete)
    LOS_ListDelete                           0x08000bd9   Thumb Code    20  los_memory.o(i.LOS_ListDelete)
    i.LOS_ListEmpty                          0x08000bec   Section        0  los_task.o(i.LOS_ListEmpty)
    LOS_ListEmpty                            0x08000bed   Thumb Code    16  los_task.o(i.LOS_ListEmpty)
    i.LOS_ListEmpty                          0x08000bfc   Section        0  los_queue.o(i.LOS_ListEmpty)
    LOS_ListEmpty                            0x08000bfd   Thumb Code    16  los_queue.o(i.LOS_ListEmpty)
    i.LOS_ListEmpty                          0x08000c0c   Section        0  los_sem.o(i.LOS_ListEmpty)
    LOS_ListEmpty                            0x08000c0d   Thumb Code    16  los_sem.o(i.LOS_ListEmpty)
    i.LOS_ListInit                           0x08000c1c   Section        0  los_task.o(i.LOS_ListInit)
    LOS_ListInit                             0x08000c1d   Thumb Code     6  los_task.o(i.LOS_ListInit)
    i.LOS_ListInit                           0x08000c22   Section        0  los_mux.o(i.LOS_ListInit)
    LOS_ListInit                             0x08000c23   Thumb Code     6  los_mux.o(i.LOS_ListInit)
    i.LOS_ListInit                           0x08000c28   Section        0  los_queue.o(i.LOS_ListInit)
    LOS_ListInit                             0x08000c29   Thumb Code     6  los_queue.o(i.LOS_ListInit)
    i.LOS_ListInit                           0x08000c2e   Section        0  los_sem.o(i.LOS_ListInit)
    LOS_ListInit                             0x08000c2f   Thumb Code     6  los_sem.o(i.LOS_ListInit)
    i.LOS_ListTailInsert                     0x08000c34   Section        0  los_task.o(i.LOS_ListTailInsert)
    LOS_ListTailInsert                       0x08000c35   Thumb Code    16  los_task.o(i.LOS_ListTailInsert)
    i.LOS_ListTailInsert                     0x08000c44   Section        0  los_mux.o(i.LOS_ListTailInsert)
    LOS_ListTailInsert                       0x08000c45   Thumb Code    16  los_mux.o(i.LOS_ListTailInsert)
    i.LOS_ListTailInsert                     0x08000c54   Section        0  los_sem.o(i.LOS_ListTailInsert)
    LOS_ListTailInsert                       0x08000c55   Thumb Code    16  los_sem.o(i.LOS_ListTailInsert)
    i.LOS_Log2                               0x08000c64   Section        0  los_multipledlinkhead.o(i.LOS_Log2)
    LOS_Log2                                 0x08000c65   Thumb Code   320  los_multipledlinkhead.o(i.LOS_Log2)
    i.LOS_MemAlloc                           0x08000da8   Section        0  los_memory.o(i.LOS_MemAlloc)
    i.LOS_MemAllocAlign                      0x08000de2   Section        0  los_memory.o(i.LOS_MemAllocAlign)
    i.LOS_MemFree                            0x08000e4e   Section        0  los_memory.o(i.LOS_MemFree)
    i.LOS_MemInit                            0x08000ea2   Section        0  los_memory.o(i.LOS_MemInit)
    i.LOS_MemboxAlloc                        0x08000f48   Section        0  los_membox.o(i.LOS_MemboxAlloc)
    i.LOS_MemboxFree                         0x08000f88   Section        0  los_membox.o(i.LOS_MemboxFree)
    i.LOS_MemboxInit                         0x0800102c   Section        0  los_membox.o(i.LOS_MemboxInit)
    i.LOS_PriqueueDequeue                    0x080010ac   Section        0  los_priqueue.o(i.LOS_PriqueueDequeue)
    i.LOS_PriqueueEnqueue                    0x080010c4   Section        0  los_priqueue.o(i.LOS_PriqueueEnqueue)
    i.LOS_PriqueueSize                       0x080010e8   Section        0  los_priqueue.o(i.LOS_PriqueueSize)
    i.LOS_PriqueueTop                        0x08001110   Section        0  los_priqueue.o(i.LOS_PriqueueTop)
    i.LOS_QueueCreate                        0x0800114c   Section        0  los_queue.o(i.LOS_QueueCreate)
    i.LOS_QueueRead                          0x080011c8   Section        0  los_queue.o(i.LOS_QueueRead)
    i.LOS_QueueWrite                         0x080012f8   Section        0  los_queue.o(i.LOS_QueueWrite)
    i.LOS_Schedule                           0x08001434   Section        0  los_hw.o(i.LOS_Schedule)
    i.LOS_SemPost                            0x08001474   Section        0  los_sem.o(i.LOS_SemPost)
    i.LOS_Start                              0x0800152c   Section        0  los_config.o(i.LOS_Start)
    i.LOS_TaskCreate                         0x08001544   Section        0  los_task.o(i.LOS_TaskCreate)
    i.LOS_TaskCreateOnly                     0x080015e0   Section        0  los_task.o(i.LOS_TaskCreateOnly)
    i.LOS_TaskDelay                          0x08001764   Section        0  los_task.o(i.LOS_TaskDelay)
    i.LOS_TaskLock                           0x080017e4   Section        0  los_task.o(i.LOS_TaskLock)
    i.LOS_TaskUnlock                         0x08001804   Section        0  los_task.o(i.LOS_TaskUnlock)
    i.LOS_TaskYield                          0x08001840   Section        0  los_task.o(i.LOS_TaskYield)
    i.MemManage_Handler                      0x080018c4   Section        0  stm32f10x_it.o(i.MemManage_Handler)
    i.NMI_Handler                            0x080018c8   Section        0  stm32f10x_it.o(i.NMI_Handler)
    i.NVIC_Configuration                     0x080018ca   Section        0  mcu_init.o(i.NVIC_Configuration)
    i.NVIC_Init                              0x08001978   Section        0  misc.o(i.NVIC_Init)
    i.NVIC_PriorityGroupConfig               0x080019e8   Section        0  misc.o(i.NVIC_PriorityGroupConfig)
    i.NVIC_SetVectorTable                    0x080019fc   Section        0  misc.o(i.NVIC_SetVectorTable)
    i.RCC_ADCCLKConfig                       0x08001a10   Section        0  stm32f10x_rcc.o(i.RCC_ADCCLKConfig)
    i.RCC_APB1PeriphClockCmd                 0x08001a28   Section        0  stm32f10x_rcc.o(i.RCC_APB1PeriphClockCmd)
    i.RCC_APB1PeriphResetCmd                 0x08001a48   Section        0  stm32f10x_rcc.o(i.RCC_APB1PeriphResetCmd)
    i.RCC_APB2PeriphClockCmd                 0x08001a68   Section        0  stm32f10x_rcc.o(i.RCC_APB2PeriphClockCmd)
    i.RCC_APB2PeriphResetCmd                 0x08001a88   Section        0  stm32f10x_rcc.o(i.RCC_APB2PeriphResetCmd)
    i.RCC_Configuration                      0x08001aa8   Section        0  mcu_init.o(i.RCC_Configuration)
    i.RCC_DeInit                             0x08001b28   Section        0  stm32f10x_rcc.o(i.RCC_DeInit)
    i.RCC_GetClocksFreq                      0x08001b74   Section        0  stm32f10x_rcc.o(i.RCC_GetClocksFreq)
    i.RCC_GetFlagStatus                      0x08001c48   Section        0  stm32f10x_rcc.o(i.RCC_GetFlagStatus)
    i.RCC_GetSYSCLKSource                    0x08001c84   Section        0  stm32f10x_rcc.o(i.RCC_GetSYSCLKSource)
    i.RCC_HCLKConfig                         0x08001c94   Section        0  stm32f10x_rcc.o(i.RCC_HCLKConfig)
    i.RCC_HSEConfig                          0x08001cac   Section        0  stm32f10x_rcc.o(i.RCC_HSEConfig)
    i.RCC_PCLK1Config                        0x08001cf8   Section        0  stm32f10x_rcc.o(i.RCC_PCLK1Config)
    i.RCC_PCLK2Config                        0x08001d10   Section        0  stm32f10x_rcc.o(i.RCC_PCLK2Config)
    i.RCC_PLLCmd                             0x08001d28   Section        0  stm32f10x_rcc.o(i.RCC_PLLCmd)
    i.RCC_PLLConfig                          0x08001d34   Section        0  stm32f10x_rcc.o(i.RCC_PLLConfig)
    i.RCC_SYSCLKConfig                       0x08001d50   Section        0  stm32f10x_rcc.o(i.RCC_SYSCLKConfig)
    i.RCC_WaitForHSEStartUp                  0x08001d68   Section        0  stm32f10x_rcc.o(i.RCC_WaitForHSEStartUp)
    i.SVC_Handler                            0x08001da0   Section        0  stm32f10x_it.o(i.SVC_Handler)
    i.SetSysClock                            0x08001da2   Section        0  system_stm32f10x.o(i.SetSysClock)
    SetSysClock                              0x08001da3   Thumb Code     8  system_stm32f10x.o(i.SetSysClock)
    i.SetSysClockTo72                        0x08001dac   Section        0  system_stm32f10x.o(i.SetSysClockTo72)
    SetSysClockTo72                          0x08001dad   Thumb Code   214  system_stm32f10x.o(i.SetSysClockTo72)
    i.SysTick_Handler                        0x08001e8c   Section        0  los_tick.o(i.SysTick_Handler)
    i.SystemInit                             0x08001eb4   Section        0  system_stm32f10x.o(i.SystemInit)
    i.Systick_Init                           0x08001f14   Section        0  ult.o(i.Systick_Init)
    i.TIM2_IRQHandler                        0x08001f28   Section        0  timer.o(i.TIM2_IRQHandler)
    i.TIM3_IRQHandler                        0x08001f68   Section        0  timer.o(i.TIM3_IRQHandler)
    i.TIM_ClearFlag                          0x08001f84   Section        0  stm32f10x_tim.o(i.TIM_ClearFlag)
    i.TIM_ClearITPendingBit                  0x08001f8a   Section        0  stm32f10x_tim.o(i.TIM_ClearITPendingBit)
    i.TIM_Cmd                                0x08001f90   Section        0  stm32f10x_tim.o(i.TIM_Cmd)
    i.TIM_DeInit                             0x08001fa8   Section        0  stm32f10x_tim.o(i.TIM_DeInit)
    i.TIM_GetITStatus                        0x08002190   Section        0  stm32f10x_tim.o(i.TIM_GetITStatus)
    i.TIM_ITConfig                           0x080021b2   Section        0  stm32f10x_tim.o(i.TIM_ITConfig)
    i.TIM_TimeBaseInit                       0x080021c4   Section        0  stm32f10x_tim.o(i.TIM_TimeBaseInit)
    i.Timer_Config                           0x08002268   Section        0  timer.o(i.Timer_Config)
    i.USART1_IRQHandler                      0x080022b4   Section        0  usart.o(i.USART1_IRQHandler)
    i.USART1_Init                            0x08002300   Section        0  usart.o(i.USART1_Init)
    i.USART2_IRQHandler                      0x08002384   Section        0  usart2.o(i.USART2_IRQHandler)
    i.USART3_IRQHandler                      0x080023c8   Section        0  usart3.o(i.USART3_IRQHandler)
    i.USART_Cmd                              0x08002418   Section        0  stm32f10x_usart.o(i.USART_Cmd)
    i.USART_DeInit                           0x08002430   Section        0  stm32f10x_usart.o(i.USART_DeInit)
    i.USART_GetFlagStatus                    0x080024cc   Section        0  stm32f10x_usart.o(i.USART_GetFlagStatus)
    i.USART_GetITStatus                      0x080024e6   Section        0  stm32f10x_usart.o(i.USART_GetITStatus)
    i.USART_ITConfig                         0x0800253a   Section        0  stm32f10x_usart.o(i.USART_ITConfig)
    i.USART_Init                             0x08002584   Section        0  stm32f10x_usart.o(i.USART_Init)
    i.USART_ReceiveData                      0x0800265c   Section        0  stm32f10x_usart.o(i.USART_ReceiveData)
    i.USART_SendData                         0x08002666   Section        0  stm32f10x_usart.o(i.USART_SendData)
    i.UsageFault_Handler                     0x0800266e   Section        0  stm32f10x_it.o(i.UsageFault_Handler)
    i.__0printf                              0x08002674   Section        0  printfa.o(i.__0printf)
    i.__0sprintf                             0x08002694   Section        0  printfa.o(i.__0sprintf)
    i.__0vsprintf                            0x080026bc   Section        0  printfa.o(i.__0vsprintf)
    i.__aeabi_errno_addr                     0x080026e0   Section        0  errno.o(i.__aeabi_errno_addr)
    i.__scatterload_copy                     0x080026e8   Section       14  handlers.o(i.__scatterload_copy)
    i.__scatterload_null                     0x080026f6   Section        2  handlers.o(i.__scatterload_null)
    i.__scatterload_zeroinit                 0x080026f8   Section       14  handlers.o(i.__scatterload_zeroinit)
    i._fp_digits                             0x08002708   Section        0  printfa.o(i._fp_digits)
    _fp_digits                               0x08002709   Thumb Code   366  printfa.o(i._fp_digits)
    i._printf_core                           0x0800288c   Section        0  printfa.o(i._printf_core)
    _printf_core                             0x0800288d   Thumb Code  1744  printfa.o(i._printf_core)
    i._printf_post_padding                   0x08002f68   Section        0  printfa.o(i._printf_post_padding)
    _printf_post_padding                     0x08002f69   Thumb Code    36  printfa.o(i._printf_post_padding)
    i._printf_pre_padding                    0x08002f8c   Section        0  printfa.o(i._printf_pre_padding)
    _printf_pre_padding                      0x08002f8d   Thumb Code    46  printfa.o(i._printf_pre_padding)
    i._sputc                                 0x08002fba   Section        0  printfa.o(i._sputc)
    _sputc                                   0x08002fbb   Thumb Code    10  printfa.o(i._sputc)
    i.creat_task_lbs                         0x08002fc4   Section        0  task.o(i.creat_task_lbs)
    i.creat_task_mqtt                        0x08003004   Section        0  mqtt_task.o(i.creat_task_mqtt)
    i.creat_task_test                        0x08003048   Section        0  task.o(i.creat_task_test)
    i.fputc                                  0x0800308c   Section        0  usart.o(i.fputc)
    i.get_lbs_station_task                   0x080030b0   Section        0  task.o(i.get_lbs_station_task)
    i.hardware_init                          0x080031e0   Section        0  main.o(i.hardware_init)
    i.main                                   0x0800320e   Section        0  los_config.o(i.main)
    i.osAppInit                              0x08003228   Section        0  main.o(i.osAppInit)
    i.osHwiDefaultHandler                    0x08003264   Section        0  los_hwi.o(i.osHwiDefaultHandler)
    i.osHwiInit                              0x0800326c   Section        0  los_hwi.o(i.osHwiInit)
    i.osIdleTask                             0x0800329c   Section        0  los_task.o(i.osIdleTask)
    i.osIdleTaskCreate                       0x080032a0   Section        0  los_task.o(i.osIdleTaskCreate)
    i.osInterrupt                            0x080032ec   Section        0  los_hwi.o(i.osInterrupt)
    i.osMain                                 0x0800333c   Section        0  los_config.o(i.osMain)
    i.osMemAllocWithCheck                    0x080033a2   Section        0  los_memory.o(i.osMemAllocWithCheck)
    osMemAllocWithCheck                      0x080033a3   Thumb Code    92  los_memory.o(i.osMemAllocWithCheck)
    i.osMemCheckUsedNode                     0x080033fe   Section        0  los_memory.o(i.osMemCheckUsedNode)
    osMemCheckUsedNode                       0x080033ff   Thumb Code   152  los_memory.o(i.osMemCheckUsedNode)
    i.osMemFindSuitableFreeBlock             0x08003496   Section        0  los_memory.o(i.osMemFindSuitableFreeBlock)
    osMemFindSuitableFreeBlock               0x08003497   Thumb Code    80  los_memory.o(i.osMemFindSuitableFreeBlock)
    i.osMemFreeNode                          0x080034e6   Section        0  los_memory.o(i.osMemFreeNode)
    osMemFreeNode                            0x080034e7   Thumb Code   178  los_memory.o(i.osMemFreeNode)
    i.osMemIsNodeValid                       0x08003598   Section        0  los_memory.o(i.osMemIsNodeValid)
    osMemIsNodeValid                         0x08003599   Thumb Code    62  los_memory.o(i.osMemIsNodeValid)
    i.osMemMergeNode                         0x080035d6   Section        0  los_memory.o(i.osMemMergeNode)
    osMemMergeNode                           0x080035d7   Thumb Code    36  los_memory.o(i.osMemMergeNode)
    i.osMemSetMagicNumAndTaskid              0x080035fc   Section        0  los_memory.o(i.osMemSetMagicNumAndTaskid)
    osMemSetMagicNumAndTaskid                0x080035fd   Thumb Code    28  los_memory.o(i.osMemSetMagicNumAndTaskid)
    i.osMemSpitNode                          0x0800361c   Section        0  los_memory.o(i.osMemSpitNode)
    osMemSpitNode                            0x0800361d   Thumb Code    92  los_memory.o(i.osMemSpitNode)
    i.osMemSystemInit                        0x08003678   Section        0  los_memory.o(i.osMemSystemInit)
    i.osMuxInit                              0x0800369c   Section        0  los_mux.o(i.osMuxInit)
    i.osPriqueueInit                         0x080036f8   Section        0  los_priqueue.o(i.osPriqueueInit)
    i.osQueueCreate                          0x08003740   Section        0  los_queue.o(i.osQueueCreate)
    i.osQueueInit                            0x080037b0   Section        0  los_queue.o(i.osQueueInit)
    i.osQueuePend                            0x080037e8   Section        0  los_queue.o(i.osQueuePend)
    osQueuePend                              0x080037e9   Thumb Code   132  los_queue.o(i.osQueuePend)
    i.osQueueWakeUp                          0x0800386c   Section        0  los_queue.o(i.osQueueWakeUp)
    osQueueWakeUp                            0x0800386d   Thumb Code    90  los_queue.o(i.osQueueWakeUp)
    i.osRegister                             0x080038c8   Section        0  los_config.o(i.osRegister)
    i.osSchedule                             0x080038e4   Section        0  los_hw.o(i.osSchedule)
    i.osSemInit                              0x080038ec   Section        0  los_sem.o(i.osSemInit)
    i.osSwTmrInit                            0x08003944   Section        0  los_swtmr.o(i.osSwTmrInit)
    i.osSwTmrStart                           0x080039f0   Section        0  los_swtmr.o(i.osSwTmrStart)
    i.osSwTmrTask                            0x08003a50   Section        0  los_swtmr.o(i.osSwTmrTask)
    i.osSwTmrTaskCreate                      0x08003aa0   Section        0  los_swtmr.o(i.osSwTmrTaskCreate)
    i.osSwTmrTimeoutHandle                   0x08003ae8   Section        0  los_swtmr.o(i.osSwTmrTimeoutHandle)
    osSwTmrTimeoutHandle                     0x08003ae9   Thumb Code   128  los_swtmr.o(i.osSwTmrTimeoutHandle)
    i.osSwtmrDelete                          0x08003b74   Section        0  los_swtmr.o(i.osSwtmrDelete)
    osSwtmrDelete                            0x08003b75   Thumb Code    16  los_swtmr.o(i.osSwtmrDelete)
    i.osSwtmrScan                            0x08003b88   Section        0  los_swtmr.o(i.osSwtmrScan)
    i.osTaskAdd2TimerList                    0x08003bac   Section        0  los_task.o(i.osTaskAdd2TimerList)
    i.osTaskEntry                            0x08003c6c   Section        0  los_task.o(i.osTaskEntry)
    i.osTaskExit                             0x08003d10   Section        0  los_hw.o(i.osTaskExit)
    i.osTaskInit                             0x08003d18   Section        0  los_task.o(i.osTaskInit)
    i.osTaskMemUsedDec                       0x08003e40   Section        0  los_memstat.o(i.osTaskMemUsedDec)
    i.osTaskMemUsedInc                       0x08003e74   Section        0  los_memstat.o(i.osTaskMemUsedInc)
    i.osTaskScan                             0x08003eb0   Section        0  los_task.o(i.osTaskScan)
    i.osTaskSelfDelete                       0x08003f8c   Section        0  los_task.o(i.osTaskSelfDelete)
    i.osTickStart                            0x08004088   Section        0  los_hw_tick.o(i.osTickStart)
    i.osTimerListDelete                      0x080040e0   Section        0  los_task.o(i.osTimerListDelete)
    i.osTimesliceCheck                       0x08004128   Section        0  los_timeslice.o(i.osTimesliceCheck)
    i.osTimesliceInit                        0x08004174   Section        0  los_timeslice.o(i.osTimesliceInit)
    i.osTskStackInit                         0x08004184   Section        0  los_hw.o(i.osTskStackInit)
    i.task_mqtt                              0x0800420c   Section        0  mqtt_task.o(i.task_mqtt)
    i.task_test                              0x08004278   Section        0  task.o(i.task_test)
    i.time2_disable                          0x0800429c   Section        0  timer.o(i.time2_disable)
    i.timer2_enable                          0x080042aa   Section        0  timer.o(i.timer2_enable)
    i.timer_init                             0x080042b6   Section        0  timer.o(i.timer_init)
    i.usart1_init                            0x080042be   Section        0  usart.o(i.usart1_init)
    i.usart2_init                            0x080042cc   Section        0  usart2.o(i.usart2_init)
    i.usart3_init                            0x08004358   Section        0  usart3.o(i.usart3_init)
    i.usart3_printf                          0x080043ec   Section        0  usart3.o(i.usart3_printf)
    i.usart3_rx_disable                      0x0800443c   Section        0  usart3.o(i.usart3_rx_disable)
    i.usart3_rx_enable                       0x08004450   Section        0  usart3.o(i.usart3_rx_enable)
    .constdata                               0x08004464   Section      129  ctype_o.o(.constdata)
    .constdata                               0x080044e8   Section        4  ctype_o.o(.constdata)
    table                                    0x080044e8   Data           4  ctype_o.o(.constdata)
    .vector.bss                              0x20000000   Section     1024  los_hwi.o(.vector.bss)
    .data                                    0x20000600   Section       20  stm32f10x_rcc.o(.data)
    APBAHBPrescTable                         0x20000600   Data          16  stm32f10x_rcc.o(.data)
    ADCPrescTable                            0x20000610   Data           4  stm32f10x_rcc.o(.data)
    .data                                    0x20000614   Section        4  main.o(.data)
    .data                                    0x20000618   Section        4  los_priqueue.o(.data)
    .data                                    0x2000061c   Section       16  los_swtmr.o(.data)
    .data                                    0x2000062c   Section       68  los_task.o(.data)
    .data                                    0x20000670   Section       16  los_tick.o(.data)
    .data                                    0x20000680   Section        8  los_timeslice.o(.data)
    .data                                    0x20000688   Section       12  los_mux.o(.data)
    .data                                    0x20000694   Section        4  los_queue.o(.data)
    .data                                    0x20000698   Section       12  los_sem.o(.data)
    .data                                    0x200006a4   Section        8  los_config.o(.data)
    .data                                    0x200006ac   Section        4  los_hw_tick.o(.data)
    .data                                    0x200006b0   Section        4  los_hwi.o(.data)
    .data                                    0x200006b4   Section        1  usart3.o(.data)
    .data                                    0x200006b8   Section        9  task.o(.data)
    .data                                    0x200006c4   Section        4  strtok.o(.data)
    state                                    0x200006c4   Data           4  strtok.o(.data)
    .data                                    0x200006c8   Section        4  stdout.o(.data)
    .data                                    0x200006cc   Section        4  errno.o(.data)
    _errno                                   0x200006cc   Data           4  errno.o(.data)
    .bss                                     0x200006d0   Section      208  los_swtmr.o(.bss)
    .bss                                     0x200007a0   Section    12288  los_memory.o(.bss)
    .bss                                     0x200037a0   Section       64  los_memstat.o(.bss)
    .bss                                     0x200037e0   Section     1024  los_hwi.o(.bss)
    .bss                                     0x20003be0   Section      128  usart3.o(.bss)
    .bss                                     0x20003c60   Section       64  mqtt_task.o(.bss)
    STACK                                    0x20003ca0   Section     1024  startup_stm32f10x_md.o(STACK)

    Global Symbols

    Symbol Name                              Value     Ov Type        Size  Object(Section)

    BuildAttributes$$THM_ISAv4$P$D$K$B$S$PE$A:L22UL41UL21$X:L11$S22US41US21$IEEE1$IW$USESV6$~STKCKD$USESV7$~SHL$OTIME$ROPI$IEEEX$EBA8$MICROLIB$REQ8$PRES8$EABIv2 0x00000000   Number         0  anon$$obj.o ABSOLUTE
    __ARM_use_no_argv                        0x00000000   Number         0  los_config.o ABSOLUTE
    _printf_a                                0x00000000   Number         0  stubs.o ABSOLUTE
    _printf_c                                0x00000000   Number         0  stubs.o ABSOLUTE
    _printf_charcount                        0x00000000   Number         0  stubs.o ABSOLUTE
    _printf_d                                0x00000000   Number         0  stubs.o ABSOLUTE
    _printf_e                                0x00000000   Number         0  stubs.o ABSOLUTE
    _printf_f                                0x00000000   Number         0  stubs.o ABSOLUTE
    _printf_flags                            0x00000000   Number         0  stubs.o ABSOLUTE
    _printf_fp_dec                           0x00000000   Number         0  stubs.o ABSOLUTE
    _printf_fp_hex                           0x00000000   Number         0  stubs.o ABSOLUTE
    _printf_g                                0x00000000   Number         0  stubs.o ABSOLUTE
    _printf_i                                0x00000000   Number         0  stubs.o ABSOLUTE
    _printf_int_dec                          0x00000000   Number         0  stubs.o ABSOLUTE
    _printf_l                                0x00000000   Number         0  stubs.o ABSOLUTE
    _printf_lc                               0x00000000   Number         0  stubs.o ABSOLUTE
    _printf_ll                               0x00000000   Number         0  stubs.o ABSOLUTE
    _printf_lld                              0x00000000   Number         0  stubs.o ABSOLUTE
    _printf_lli                              0x00000000   Number         0  stubs.o ABSOLUTE
    _printf_llo                              0x00000000   Number         0  stubs.o ABSOLUTE
    _printf_llu                              0x00000000   Number         0  stubs.o ABSOLUTE
    _printf_llx                              0x00000000   Number         0  stubs.o ABSOLUTE
    _printf_longlong_dec                     0x00000000   Number         0  stubs.o ABSOLUTE
    _printf_longlong_hex                     0x00000000   Number         0  stubs.o ABSOLUTE
    _printf_longlong_oct                     0x00000000   Number         0  stubs.o ABSOLUTE
    _printf_ls                               0x00000000   Number         0  stubs.o ABSOLUTE
    _printf_mbtowc                           0x00000000   Number         0  stubs.o ABSOLUTE
    _printf_n                                0x00000000   Number         0  stubs.o ABSOLUTE
    _printf_o                                0x00000000   Number         0  stubs.o ABSOLUTE
    _printf_p                                0x00000000   Number         0  stubs.o ABSOLUTE
    _printf_percent                          0x00000000   Number         0  stubs.o ABSOLUTE
    _printf_pre_padding                      0x00000000   Number         0  stubs.o ABSOLUTE
    _printf_return_value                     0x00000000   Number         0  stubs.o ABSOLUTE
    _printf_s                                0x00000000   Number         0  stubs.o ABSOLUTE
    _printf_sizespec                         0x00000000   Number         0  stubs.o ABSOLUTE
    _printf_str                              0x00000000   Number         0  stubs.o ABSOLUTE
    _printf_truncate_signed                  0x00000000   Number         0  stubs.o ABSOLUTE
    _printf_truncate_unsigned                0x00000000   Number         0  stubs.o ABSOLUTE
    _printf_u                                0x00000000   Number         0  stubs.o ABSOLUTE
    _printf_wc                               0x00000000   Number         0  stubs.o ABSOLUTE
    _printf_wctomb                           0x00000000   Number         0  stubs.o ABSOLUTE
    _printf_widthprec                        0x00000000   Number         0  stubs.o ABSOLUTE
    _printf_x                                0x00000000   Number         0  stubs.o ABSOLUTE
    __cpp_initialize__aeabi_                  - Undefined Weak Reference
    __cxa_finalize                            - Undefined Weak Reference
    _clock_init                               - Undefined Weak Reference
    _microlib_exit                            - Undefined Weak Reference
    __Vectors_Size                           0x000000ec   Number         0  startup_stm32f10x_md.o ABSOLUTE
    __Vectors                                0x08000000   Data           4  startup_stm32f10x_md.o(RESET)
    __Vectors_End                            0x080000ec   Data           0  startup_stm32f10x_md.o(RESET)
    __main                                   0x080000ed   Thumb Code     0  entry.o(.ARM.Collect$$$$00000000)
    _main_stk                                0x080000ed   Thumb Code     0  entry3.o(.ARM.Collect$$$$00000002)
    _main_scatterload                        0x080000f1   Thumb Code     0  entry5.o(.ARM.Collect$$$$00000004)
    __main_after_scatterload                 0x080000f5   Thumb Code     0  entry5.o(.ARM.Collect$$$$00000004)
    _main_clock                              0x080000f5   Thumb Code     0  entry7b.o(.ARM.Collect$$$$00000008)
    _main_cpp_init                           0x080000f5   Thumb Code     0  entry8b.o(.ARM.Collect$$$$0000000A)
    _main_init                               0x080000f5   Thumb Code     0  entry9a.o(.ARM.Collect$$$$0000000B)
    __rt_final_cpp                           0x080000fd   Thumb Code     0  entry10a.o(.ARM.Collect$$$$0000000D)
    __rt_final_exit                          0x080000fd   Thumb Code     0  entry11a.o(.ARM.Collect$$$$0000000F)
    osIntNumGet                              0x08000101   Thumb Code     6  los_hwi.o(.emb_text)
    Reset_Handler                            0x08000109   Thumb Code     8  startup_stm32f10x_md.o(.text)
    ADC1_2_IRQHandler                        0x08000123   Thumb Code     0  startup_stm32f10x_md.o(.text)
    CAN1_RX1_IRQHandler                      0x08000123   Thumb Code     0  startup_stm32f10x_md.o(.text)
    CAN1_SCE_IRQHandler                      0x08000123   Thumb Code     0  startup_stm32f10x_md.o(.text)
    DMA1_Channel1_IRQHandler                 0x08000123   Thumb Code     0  startup_stm32f10x_md.o(.text)
    DMA1_Channel2_IRQHandler                 0x08000123   Thumb Code     0  startup_stm32f10x_md.o(.text)
    DMA1_Channel3_IRQHandler                 0x08000123   Thumb Code     0  startup_stm32f10x_md.o(.text)
    DMA1_Channel4_IRQHandler                 0x08000123   Thumb Code     0  startup_stm32f10x_md.o(.text)
    DMA1_Channel5_IRQHandler                 0x08000123   Thumb Code     0  startup_stm32f10x_md.o(.text)
    DMA1_Channel6_IRQHandler                 0x08000123   Thumb Code     0  startup_stm32f10x_md.o(.text)
    DMA1_Channel7_IRQHandler                 0x08000123   Thumb Code     0  startup_stm32f10x_md.o(.text)
    EXTI0_IRQHandler                         0x08000123   Thumb Code     0  startup_stm32f10x_md.o(.text)
    EXTI15_10_IRQHandler                     0x08000123   Thumb Code     0  startup_stm32f10x_md.o(.text)
    EXTI1_IRQHandler                         0x08000123   Thumb Code     0  startup_stm32f10x_md.o(.text)
    EXTI2_IRQHandler                         0x08000123   Thumb Code     0  startup_stm32f10x_md.o(.text)
    EXTI3_IRQHandler                         0x08000123   Thumb Code     0  startup_stm32f10x_md.o(.text)
    EXTI4_IRQHandler                         0x08000123   Thumb Code     0  startup_stm32f10x_md.o(.text)
    EXTI9_5_IRQHandler                       0x08000123   Thumb Code     0  startup_stm32f10x_md.o(.text)
    FLASH_IRQHandler                         0x08000123   Thumb Code     0  startup_stm32f10x_md.o(.text)
    I2C1_ER_IRQHandler                       0x08000123   Thumb Code     0  startup_stm32f10x_md.o(.text)
    I2C1_EV_IRQHandler                       0x08000123   Thumb Code     0  startup_stm32f10x_md.o(.text)
    I2C2_ER_IRQHandler                       0x08000123   Thumb Code     0  startup_stm32f10x_md.o(.text)
    I2C2_EV_IRQHandler                       0x08000123   Thumb Code     0  startup_stm32f10x_md.o(.text)
    PVD_IRQHandler                           0x08000123   Thumb Code     0  startup_stm32f10x_md.o(.text)
    RCC_IRQHandler                           0x08000123   Thumb Code     0  startup_stm32f10x_md.o(.text)
    RTCAlarm_IRQHandler                      0x08000123   Thumb Code     0  startup_stm32f10x_md.o(.text)
    RTC_IRQHandler                           0x08000123   Thumb Code     0  startup_stm32f10x_md.o(.text)
    SPI1_IRQHandler                          0x08000123   Thumb Code     0  startup_stm32f10x_md.o(.text)
    SPI2_IRQHandler                          0x08000123   Thumb Code     0  startup_stm32f10x_md.o(.text)
    TAMPER_IRQHandler                        0x08000123   Thumb Code     0  startup_stm32f10x_md.o(.text)
    TIM1_BRK_IRQHandler                      0x08000123   Thumb Code     0  startup_stm32f10x_md.o(.text)
    TIM1_CC_IRQHandler                       0x08000123   Thumb Code     0  startup_stm32f10x_md.o(.text)
    TIM1_TRG_COM_IRQHandler                  0x08000123   Thumb Code     0  startup_stm32f10x_md.o(.text)
    TIM1_UP_IRQHandler                       0x08000123   Thumb Code     0  startup_stm32f10x_md.o(.text)
    TIM4_IRQHandler                          0x08000123   Thumb Code     0  startup_stm32f10x_md.o(.text)
    USBWakeUp_IRQHandler                     0x08000123   Thumb Code     0  startup_stm32f10x_md.o(.text)
    USB_HP_CAN1_TX_IRQHandler                0x08000123   Thumb Code     0  startup_stm32f10x_md.o(.text)
    USB_LP_CAN1_RX0_IRQHandler               0x08000123   Thumb Code     0  startup_stm32f10x_md.o(.text)
    WWDG_IRQHandler                          0x08000123   Thumb Code     0  startup_stm32f10x_md.o(.text)
    LOS_StartToRun                           0x0800012d   Thumb Code     0  los_dispatch.o(.text)
    __aeabi_uldivmod                         0x08000189   Thumb Code    98  uldiv.o(.text)
    __aeabi_memset                           0x080001eb   Thumb Code    14  memseta.o(.text)
    __aeabi_memset4                          0x080001eb   Thumb Code     0  memseta.o(.text)
    __aeabi_memset8                          0x080001eb   Thumb Code     0  memseta.o(.text)
    __aeabi_memclr                           0x080001f9   Thumb Code     4  memseta.o(.text)
    __aeabi_memclr4                          0x080001f9   Thumb Code     0  memseta.o(.text)
    __aeabi_memclr8                          0x080001f9   Thumb Code     0  memseta.o(.text)
    _memset$wrapper                          0x080001fd   Thumb Code    18  memseta.o(.text)
    strlen                                   0x0800020f   Thumb Code    14  strlen.o(.text)
    strtok                                   0x0800021d   Thumb Code    62  strtok.o(.text)
    atoi                                     0x08000261   Thumb Code    26  atoi.o(.text)
    __aeabi_dadd                             0x0800027b   Thumb Code   322  dadd.o(.text)
    __aeabi_dsub                             0x080003bd   Thumb Code     6  dadd.o(.text)
    __aeabi_drsub                            0x080003c3   Thumb Code     6  dadd.o(.text)
    __aeabi_dmul                             0x080003c9   Thumb Code   228  dmul.o(.text)
    __aeabi_ddiv                             0x080004ad   Thumb Code   222  ddiv.o(.text)
    __aeabi_d2ulz                            0x0800058b   Thumb Code    48  dfixul.o(.text)
    __aeabi_uidiv                            0x080005bb   Thumb Code     0  uidiv.o(.text)
    __aeabi_uidivmod                         0x080005bb   Thumb Code    44  uidiv.o(.text)
    __aeabi_llsl                             0x080005e7   Thumb Code    30  llshl.o(.text)
    _ll_shift_l                              0x080005e7   Thumb Code     0  llshl.o(.text)
    __aeabi_llsr                             0x08000605   Thumb Code    32  llushr.o(.text)
    _ll_ushift_r                             0x08000605   Thumb Code     0  llushr.o(.text)
    __aeabi_lasr                             0x08000625   Thumb Code    36  llsshr.o(.text)
    _ll_sshift_r                             0x08000625   Thumb Code     0  llsshr.o(.text)
    strtol                                   0x08000649   Thumb Code   112  strtol.o(.text)
    __I$use$fp                               0x080006b9   Thumb Code     0  iusefp.o(.text)
    _double_round                            0x080006b9   Thumb Code    30  depilogue.o(.text)
    _double_epilogue                         0x080006d7   Thumb Code   156  depilogue.o(.text)
    __aeabi_cdrcmple                         0x08000775   Thumb Code    48  cdrcmple.o(.text)
    __scatterload                            0x080007a5   Thumb Code    28  init.o(.text)
    __scatterload_rt2                        0x080007a5   Thumb Code     0  init.o(.text)
    __rt_ctype_table                         0x080007c9   Thumb Code     4  ctype_o.o(.text)
    _strtoul                                 0x080007d1   Thumb Code   158  _strtoul.o(.text)
    _chval                                   0x0800086f   Thumb Code    28  _chval.o(.text)
    __decompress                             0x0800088b   Thumb Code     0  __dczerorl2.o(.text)
    __decompress1                            0x0800088b   Thumb Code    86  __dczerorl2.o(.text)
    LOS_IntLock                              0x080008e1   Thumb Code     0  los_dispatch.o(KERNEL)
    LOS_IntUnLock                            0x080008e9   Thumb Code     0  los_dispatch.o(KERNEL)
    LOS_IntRestore                           0x080008f1   Thumb Code     0  los_dispatch.o(KERNEL)
    osTaskSchedule                           0x080008f7   Thumb Code     0  los_dispatch.o(KERNEL)
    PendSV_Handler                           0x08000901   Thumb Code     0  los_dispatch.o(KERNEL)
    BusFault_Handler                         0x08000961   Thumb Code     4  stm32f10x_it.o(i.BusFault_Handler)
    DebugMon_Handler                         0x08000965   Thumb Code     2  stm32f10x_it.o(i.DebugMon_Handler)
    Delay                                    0x08000967   Thumb Code    18  main.o(i.Delay)
    FLASH_PrefetchBufferCmd                  0x08000979   Thumb Code    22  stm32f10x_flash.o(i.FLASH_PrefetchBufferCmd)
    FLASH_SetLatency                         0x08000995   Thumb Code    18  stm32f10x_flash.o(i.FLASH_SetLatency)
    GPIO_EXTILineConfig                      0x080009ad   Thumb Code    60  stm32f10x_gpio.o(i.GPIO_EXTILineConfig)
    GPIO_Init                                0x080009ed   Thumb Code   278  stm32f10x_gpio.o(i.GPIO_Init)
    HardFault_Handler                        0x08000b03   Thumb Code     4  stm32f10x_it.o(i.HardFault_Handler)
    LOS_Align                                0x08000b07   Thumb Code    28  los_misc.o(i.LOS_Align)
    LOS_DLnkInitMultiHead                    0x08000b23   Thumb Code    30  los_multipledlinkhead.o(i.LOS_DLnkInitMultiHead)
    LOS_DLnkMultiHead                        0x08000b41   Thumb Code    42  los_multipledlinkhead.o(i.LOS_DLnkMultiHead)
    LOS_MemAlloc                             0x08000da9   Thumb Code    58  los_memory.o(i.LOS_MemAlloc)
    LOS_MemAllocAlign                        0x08000de3   Thumb Code   108  los_memory.o(i.LOS_MemAllocAlign)
    LOS_MemFree                              0x08000e4f   Thumb Code    84  los_memory.o(i.LOS_MemFree)
    LOS_MemInit                              0x08000ea3   Thumb Code   166  los_memory.o(i.LOS_MemInit)
    LOS_MemboxAlloc                          0x08000f49   Thumb Code    60  los_membox.o(i.LOS_MemboxAlloc)
    LOS_MemboxFree                           0x08000f89   Thumb Code   158  los_membox.o(i.LOS_MemboxFree)
    LOS_MemboxInit                           0x0800102d   Thumb Code   128  los_membox.o(i.LOS_MemboxInit)
    LOS_PriqueueDequeue                      0x080010ad   Thumb Code    24  los_priqueue.o(i.LOS_PriqueueDequeue)
    LOS_PriqueueEnqueue                      0x080010c5   Thumb Code    32  los_priqueue.o(i.LOS_PriqueueEnqueue)
    LOS_PriqueueSize                         0x080010e9   Thumb Code    36  los_priqueue.o(i.LOS_PriqueueSize)
    LOS_PriqueueTop                          0x08001111   Thumb Code    54  los_priqueue.o(i.LOS_PriqueueTop)
    LOS_QueueCreate                          0x0800114d   Thumb Code   118  los_queue.o(i.LOS_QueueCreate)
    LOS_QueueRead                            0x080011c9   Thumb Code   282  los_queue.o(i.LOS_QueueRead)
    LOS_QueueWrite                           0x080012f9   Thumb Code   296  los_queue.o(i.LOS_QueueWrite)
    LOS_Schedule                             0x08001435   Thumb Code    56  los_hw.o(i.LOS_Schedule)
    LOS_SemPost                              0x08001475   Thumb Code   176  los_sem.o(i.LOS_SemPost)
    LOS_Start                                0x0800152d   Thumb Code    22  los_config.o(i.LOS_Start)
    LOS_TaskCreate                           0x08001545   Thumb Code   140  los_task.o(i.LOS_TaskCreate)
    LOS_TaskCreateOnly                       0x080015e1   Thumb Code   368  los_task.o(i.LOS_TaskCreateOnly)
    LOS_TaskDelay                            0x08001765   Thumb Code   106  los_task.o(i.LOS_TaskDelay)
    LOS_TaskLock                             0x080017e5   Thumb Code    26  los_task.o(i.LOS_TaskLock)
    LOS_TaskUnlock                           0x08001805   Thumb Code    54  los_task.o(i.LOS_TaskUnlock)
    LOS_TaskYield                            0x08001841   Thumb Code   118  los_task.o(i.LOS_TaskYield)
    MemManage_Handler                        0x080018c5   Thumb Code     4  stm32f10x_it.o(i.MemManage_Handler)
    NMI_Handler                              0x080018c9   Thumb Code     2  stm32f10x_it.o(i.NMI_Handler)
    NVIC_Configuration                       0x080018cb   Thumb Code   172  mcu_init.o(i.NVIC_Configuration)
    NVIC_Init                                0x08001979   Thumb Code   100  misc.o(i.NVIC_Init)
    NVIC_PriorityGroupConfig                 0x080019e9   Thumb Code    10  misc.o(i.NVIC_PriorityGroupConfig)
    NVIC_SetVectorTable                      0x080019fd   Thumb Code    12  misc.o(i.NVIC_SetVectorTable)
    RCC_ADCCLKConfig                         0x08001a11   Thumb Code    18  stm32f10x_rcc.o(i.RCC_ADCCLKConfig)
    RCC_APB1PeriphClockCmd                   0x08001a29   Thumb Code    26  stm32f10x_rcc.o(i.RCC_APB1PeriphClockCmd)
    RCC_APB1PeriphResetCmd                   0x08001a49   Thumb Code    26  stm32f10x_rcc.o(i.RCC_APB1PeriphResetCmd)
    RCC_APB2PeriphClockCmd                   0x08001a69   Thumb Code    26  stm32f10x_rcc.o(i.RCC_APB2PeriphClockCmd)
    RCC_APB2PeriphResetCmd                   0x08001a89   Thumb Code    26  stm32f10x_rcc.o(i.RCC_APB2PeriphResetCmd)
    RCC_Configuration                        0x08001aa9   Thumb Code   124  mcu_init.o(i.RCC_Configuration)
    RCC_DeInit                               0x08001b29   Thumb Code    64  stm32f10x_rcc.o(i.RCC_DeInit)
    RCC_GetClocksFreq                        0x08001b75   Thumb Code   192  stm32f10x_rcc.o(i.RCC_GetClocksFreq)
    RCC_GetFlagStatus                        0x08001c49   Thumb Code    56  stm32f10x_rcc.o(i.RCC_GetFlagStatus)
    RCC_GetSYSCLKSource                      0x08001c85   Thumb Code    10  stm32f10x_rcc.o(i.RCC_GetSYSCLKSource)
    RCC_HCLKConfig                           0x08001c95   Thumb Code    18  stm32f10x_rcc.o(i.RCC_HCLKConfig)
    RCC_HSEConfig                            0x08001cad   Thumb Code    70  stm32f10x_rcc.o(i.RCC_HSEConfig)
    RCC_PCLK1Config                          0x08001cf9   Thumb Code    18  stm32f10x_rcc.o(i.RCC_PCLK1Config)
    RCC_PCLK2Config                          0x08001d11   Thumb Code    20  stm32f10x_rcc.o(i.RCC_PCLK2Config)
    RCC_PLLCmd                               0x08001d29   Thumb Code     6  stm32f10x_rcc.o(i.RCC_PLLCmd)
    RCC_PLLConfig                            0x08001d35   Thumb Code    24  stm32f10x_rcc.o(i.RCC_PLLConfig)
    RCC_SYSCLKConfig                         0x08001d51   Thumb Code    18  stm32f10x_rcc.o(i.RCC_SYSCLKConfig)
    RCC_WaitForHSEStartUp                    0x08001d69   Thumb Code    56  stm32f10x_rcc.o(i.RCC_WaitForHSEStartUp)
    SVC_Handler                              0x08001da1   Thumb Code     2  stm32f10x_it.o(i.SVC_Handler)
    SysTick_Handler                          0x08001e8d   Thumb Code    34  los_tick.o(i.SysTick_Handler)
    SystemInit                               0x08001eb5   Thumb Code    78  system_stm32f10x.o(i.SystemInit)
    Systick_Init                             0x08001f15   Thumb Code    18  ult.o(i.Systick_Init)
    TIM2_IRQHandler                          0x08001f29   Thumb Code    54  timer.o(i.TIM2_IRQHandler)
    TIM3_IRQHandler                          0x08001f69   Thumb Code    22  timer.o(i.TIM3_IRQHandler)
    TIM_ClearFlag                            0x08001f85   Thumb Code     6  stm32f10x_tim.o(i.TIM_ClearFlag)
    TIM_ClearITPendingBit                    0x08001f8b   Thumb Code     6  stm32f10x_tim.o(i.TIM_ClearITPendingBit)
    TIM_Cmd                                  0x08001f91   Thumb Code    24  stm32f10x_tim.o(i.TIM_Cmd)
    TIM_DeInit                               0x08001fa9   Thumb Code   424  stm32f10x_tim.o(i.TIM_DeInit)
    TIM_GetITStatus                          0x08002191   Thumb Code    34  stm32f10x_tim.o(i.TIM_GetITStatus)
    TIM_ITConfig                             0x080021b3   Thumb Code    18  stm32f10x_tim.o(i.TIM_ITConfig)
    TIM_TimeBaseInit                         0x080021c5   Thumb Code   122  stm32f10x_tim.o(i.TIM_TimeBaseInit)
    Timer_Config                             0x08002269   Thumb Code    74  timer.o(i.Timer_Config)
    USART1_IRQHandler                        0x080022b5   Thumb Code    70  usart.o(i.USART1_IRQHandler)
    USART1_Init                              0x08002301   Thumb Code   124  usart.o(i.USART1_Init)
    USART2_IRQHandler                        0x08002385   Thumb Code    62  usart2.o(i.USART2_IRQHandler)
    USART3_IRQHandler                        0x080023c9   Thumb Code    68  usart3.o(i.USART3_IRQHandler)
    USART_Cmd                                0x08002419   Thumb Code    24  stm32f10x_usart.o(i.USART_Cmd)
    USART_DeInit                             0x08002431   Thumb Code   134  stm32f10x_usart.o(i.USART_DeInit)
    USART_GetFlagStatus                      0x080024cd   Thumb Code    26  stm32f10x_usart.o(i.USART_GetFlagStatus)
    USART_GetITStatus                        0x080024e7   Thumb Code    84  stm32f10x_usart.o(i.USART_GetITStatus)
    USART_ITConfig                           0x0800253b   Thumb Code    74  stm32f10x_usart.o(i.USART_ITConfig)
    USART_Init                               0x08002585   Thumb Code   210  stm32f10x_usart.o(i.USART_Init)
    USART_ReceiveData                        0x0800265d   Thumb Code    10  stm32f10x_usart.o(i.USART_ReceiveData)
    USART_SendData                           0x08002667   Thumb Code     8  stm32f10x_usart.o(i.USART_SendData)
    UsageFault_Handler                       0x0800266f   Thumb Code     4  stm32f10x_it.o(i.UsageFault_Handler)
    __0printf                                0x08002675   Thumb Code    22  printfa.o(i.__0printf)
    __1printf                                0x08002675   Thumb Code     0  printfa.o(i.__0printf)
    __2printf                                0x08002675   Thumb Code     0  printfa.o(i.__0printf)
    __c89printf                              0x08002675   Thumb Code     0  printfa.o(i.__0printf)
    printf                                   0x08002675   Thumb Code     0  printfa.o(i.__0printf)
    __0sprintf                               0x08002695   Thumb Code    34  printfa.o(i.__0sprintf)
    __1sprintf                               0x08002695   Thumb Code     0  printfa.o(i.__0sprintf)
    __2sprintf                               0x08002695   Thumb Code     0  printfa.o(i.__0sprintf)
    __c89sprintf                             0x08002695   Thumb Code     0  printfa.o(i.__0sprintf)
    sprintf                                  0x08002695   Thumb Code     0  printfa.o(i.__0sprintf)
    __0vsprintf                              0x080026bd   Thumb Code    30  printfa.o(i.__0vsprintf)
    __1vsprintf                              0x080026bd   Thumb Code     0  printfa.o(i.__0vsprintf)
    __2vsprintf                              0x080026bd   Thumb Code     0  printfa.o(i.__0vsprintf)
    __c89vsprintf                            0x080026bd   Thumb Code     0  printfa.o(i.__0vsprintf)
    vsprintf                                 0x080026bd   Thumb Code     0  printfa.o(i.__0vsprintf)
    __aeabi_errno_addr                       0x080026e1   Thumb Code     4  errno.o(i.__aeabi_errno_addr)
    __rt_errno_addr                          0x080026e1   Thumb Code     0  errno.o(i.__aeabi_errno_addr)
    __scatterload_copy                       0x080026e9   Thumb Code    14  handlers.o(i.__scatterload_copy)
    __scatterload_null                       0x080026f7   Thumb Code     2  handlers.o(i.__scatterload_null)
    __scatterload_zeroinit                   0x080026f9   Thumb Code    14  handlers.o(i.__scatterload_zeroinit)
    creat_task_lbs                           0x08002fc5   Thumb Code    52  task.o(i.creat_task_lbs)
    creat_task_mqtt                          0x08003005   Thumb Code    52  mqtt_task.o(i.creat_task_mqtt)
    creat_task_test                          0x08003049   Thumb Code    52  task.o(i.creat_task_test)
    fputc                                    0x0800308d   Thumb Code    32  usart.o(i.fputc)
    get_lbs_station_task                     0x080030b1   Thumb Code   192  task.o(i.get_lbs_station_task)
    hardware_init                            0x080031e1   Thumb Code    46  main.o(i.hardware_init)
    main                                     0x0800320f   Thumb Code    26  los_config.o(i.main)
    osAppInit                                0x08003229   Thumb Code    54  main.o(i.osAppInit)
    osHwiDefaultHandler                      0x08003265   Thumb Code     8  los_hwi.o(i.osHwiDefaultHandler)
    osHwiInit                                0x0800326d   Thumb Code    32  los_hwi.o(i.osHwiInit)
    osIdleTask                               0x0800329d   Thumb Code     4  los_task.o(i.osIdleTask)
    osIdleTaskCreate                         0x080032a1   Thumb Code    54  los_task.o(i.osIdleTaskCreate)
    osInterrupt                              0x080032ed   Thumb Code    70  los_hwi.o(i.osInterrupt)
    osMain                                   0x0800333d   Thumb Code   102  los_config.o(i.osMain)
    osMemSystemInit                          0x08003679   Thumb Code    26  los_memory.o(i.osMemSystemInit)
    osMuxInit                                0x0800369d   Thumb Code    74  los_mux.o(i.osMuxInit)
    osPriqueueInit                           0x080036f9   Thumb Code    64  los_priqueue.o(i.osPriqueueInit)
    osQueueCreate                            0x08003741   Thumb Code   100  los_queue.o(i.osQueueCreate)
    osQueueInit                              0x080037b1   Thumb Code    44  los_queue.o(i.osQueueInit)
    osRegister                               0x080038c9   Thumb Code    14  los_config.o(i.osRegister)
    osSchedule                               0x080038e5   Thumb Code     8  los_hw.o(i.osSchedule)
    osSemInit                                0x080038ed   Thumb Code    70  los_sem.o(i.osSemInit)
    osSwTmrInit                              0x08003945   Thumb Code   142  los_swtmr.o(i.osSwTmrInit)
    osSwTmrStart                             0x080039f1   Thumb Code    92  los_swtmr.o(i.osSwTmrStart)
    osSwTmrTask                              0x08003a51   Thumb Code    70  los_swtmr.o(i.osSwTmrTask)
    osSwTmrTaskCreate                        0x08003aa1   Thumb Code    52  los_swtmr.o(i.osSwTmrTaskCreate)
    osSwtmrScan                              0x08003b89   Thumb Code    32  los_swtmr.o(i.osSwtmrScan)
    osTaskAdd2TimerList                      0x08003bad   Thumb Code   188  los_task.o(i.osTaskAdd2TimerList)
    osTaskEntry                              0x08003c6d   Thumb Code   154  los_task.o(i.osTaskEntry)
    osTaskExit                               0x08003d11   Thumb Code     6  los_hw.o(i.osTaskExit)
    osTaskInit                               0x08003d19   Thumb Code   258  los_task.o(i.osTaskInit)
    osTaskMemUsedDec                         0x08003e41   Thumb Code    40  los_memstat.o(i.osTaskMemUsedDec)
    osTaskMemUsedInc                         0x08003e75   Thumb Code    48  los_memstat.o(i.osTaskMemUsedInc)
    osTaskScan                               0x08003eb1   Thumb Code   214  los_task.o(i.osTaskScan)
    osTaskSelfDelete                         0x08003f8d   Thumb Code   236  los_task.o(i.osTaskSelfDelete)
    osTickStart                              0x08004089   Thumb Code    56  los_hw_tick.o(i.osTickStart)
    osTimerListDelete                        0x080040e1   Thumb Code    66  los_task.o(i.osTimerListDelete)
    osTimesliceCheck                         0x08004129   Thumb Code    64  los_timeslice.o(i.osTimesliceCheck)
    osTimesliceInit                          0x08004175   Thumb Code    12  los_timeslice.o(i.osTimesliceInit)
    osTskStackInit                           0x08004185   Thumb Code   128  los_hw.o(i.osTskStackInit)
    task_mqtt                                0x0800420d   Thumb Code    70  mqtt_task.o(i.task_mqtt)
    task_test                                0x08004279   Thumb Code    28  task.o(i.task_test)
    time2_disable                            0x0800429d   Thumb Code    14  timer.o(i.time2_disable)
    timer2_enable                            0x080042ab   Thumb Code    12  timer.o(i.timer2_enable)
    timer_init                               0x080042b7   Thumb Code     8  timer.o(i.timer_init)
    usart1_init                              0x080042bf   Thumb Code    12  usart.o(i.usart1_init)
    usart2_init                              0x080042cd   Thumb Code   132  usart2.o(i.usart2_init)
    usart3_init                              0x08004359   Thumb Code   134  usart3.o(i.usart3_init)
    usart3_printf                            0x080043ed   Thumb Code    72  usart3.o(i.usart3_printf)
    usart3_rx_disable                        0x0800443d   Thumb Code    16  usart3.o(i.usart3_rx_disable)
    usart3_rx_enable                         0x08004451   Thumb Code    16  usart3.o(i.usart3_rx_enable)
    __ctype_table                            0x08004464   Data         129  ctype_o.o(.constdata)
    Region$$Table$$Base                      0x080044ec   Number         0  anon$$obj.o(Region$$Table)
    Region$$Table$$Limit                     0x0800451c   Number         0  anon$$obj.o(Region$$Table)
    m_pstHwiForm                             0x20000000   Data        1024  los_hwi.o(.vector.bss)
    Image$$ARM_LIB_STACKHEAP$$ZI$$Limit      0x20000600   Number         0  anon$$obj.o ABSOLUTE
    g_TestTskHandle                          0x20000614   Data           4  main.o(.data)
    g_pstLosPriorityQueueList                0x20000618   Data           4  los_priqueue.o(.data)
    m_uwSwTmrHandlerQueue                    0x2000061c   Data           4  los_swtmr.o(.data)
    m_pstSwtmrCBArray                        0x20000620   Data           4  los_swtmr.o(.data)
    m_pstSwtmrFreeList                       0x20000624   Data           4  los_swtmr.o(.data)
    m_pstSwtmrSortList                       0x20000628   Data           4  los_swtmr.o(.data)
    g_pstTaskCBArray                         0x2000062c   Data           4  los_task.o(.data)
    g_stLosTask                              0x20000630   Data           8  los_task.o(.data)
    g_usLosTaskLock                          0x20000638   Data           2  los_task.o(.data)
    g_uwTskMaxNum                            0x2000063c   Data           4  los_task.o(.data)
    g_uwIdleTaskID                           0x20000640   Data           4  los_task.o(.data)
    g_uwSwtmrTaskID                          0x20000644   Data           4  los_task.o(.data)
    g_stTaskTimerList                        0x20000648   Data           8  los_task.o(.data)
    g_stLosFreeTask                          0x20000650   Data           8  los_task.o(.data)
    g_stTskRecyleList                        0x20000658   Data           8  los_task.o(.data)
    g_stTskSortLink                          0x20000660   Data           8  los_task.o(.data)
    g_bTaskScheduled                         0x20000668   Data           4  los_task.o(.data)
    g_pfnTskSwitchHook                       0x2000066c   Data           4  los_task.o(.data)
    g_ullTickCount                           0x20000670   Data           8  los_tick.o(.data)
    g_uwTicksPerSec                          0x20000678   Data           4  los_tick.o(.data)
    g_uwCyclePerSec                          0x2000067c   Data           4  los_tick.o(.data)
    g_stTaskTimeSlice                        0x20000680   Data           8  los_timeslice.o(.data)
    g_pstAllMux                              0x20000688   Data           4  los_mux.o(.data)
    g_stUnusedMuxList                        0x2000068c   Data           8  los_mux.o(.data)
    g_pstAllQueue                            0x20000694   Data           4  los_queue.o(.data)
    g_stUnusedSemList                        0x20000698   Data           8  los_sem.o(.data)
    g_pstAllSem                              0x200006a0   Data           4  los_sem.o(.data)
    m_aucSysMem0                             0x200006a4   Data           4  los_config.o(.data)
    g_sys_mem_addr_end                       0x200006a8   Data           4  los_config.o(.data)
    g_uwCyclesPerTick                        0x200006ac   Data           4  los_hw_tick.o(.data)
    g_vuwIntCount                            0x200006b0   Data           4  los_hwi.o(.data)
    rx_buf_len                               0x200006b4   Data           1  usart3.o(.data)
    cid_num                                  0x200006b8   Data           4  task.o(.data)
    lac_num                                  0x200006bc   Data           4  task.o(.data)
    rcv_jsonpack_flag                        0x200006c0   Data           1  task.o(.data)
    __stdout                                 0x200006c8   Data           4  stdout.o(.data)
    m_aucSwTmrHandlerPool                    0x200006d0   Data         208  los_swtmr.o(.bss)
    g_ucMemStart                             0x200007a0   Data       12288  los_memory.o(.bss)
    g_TskMemUsedInfo                         0x200037a0   Data          64  los_memstat.o(.bss)
    m_pstHwiSlaveForm                        0x200037e0   Data        1024  los_hwi.o(.bss)
    USART3_RX_BUF                            0x20003be0   Data          64  usart3.o(.bss)
    USART3_TX_BUF                            0x20003c20   Data          64  usart3.o(.bss)
    json_buf                                 0x20003c60   Data          64  mqtt_task.o(.bss)
    __initial_sp                             0x200040a0   Data           0  startup_stm32f10x_md.o(STACK)



==============================================================================

Memory Map of the image

  Image Entry point : 0x080000ed

  Load Region LR_IROM1 (Base: 0x08000000, Size: 0x000049ec, Max: 0x00020000, ABSOLUTE, COMPRESSED[0x00004608])

    Execution Region ER_IROM1 (Base: 0x08000000, Size: 0x0000451c, Max: 0x00020000, ABSOLUTE)

    Base Addr    Size         Type   Attr      Idx    E Section Name        Object

    0x08000000   0x000000ec   Data   RO            4    RESET               startup_stm32f10x_md.o
    0x080000ec   0x00000000   Code   RO         5329  * .ARM.Collect$$$$00000000  mc_w.l(entry.o)
    0x080000ec   0x00000004   Code   RO         5667    .ARM.Collect$$$$00000002  mc_w.l(entry3.o)
    0x080000f0   0x00000004   Code   RO         5670    .ARM.Collect$$$$00000004  mc_w.l(entry5.o)
    0x080000f4   0x00000000   Code   RO         5672    .ARM.Collect$$$$00000008  mc_w.l(entry7b.o)
    0x080000f4   0x00000000   Code   RO         5674    .ARM.Collect$$$$0000000A  mc_w.l(entry8b.o)
    0x080000f4   0x00000008   Code   RO         5675    .ARM.Collect$$$$0000000B  mc_w.l(entry9a.o)
    0x080000fc   0x00000000   Code   RO         5677    .ARM.Collect$$$$0000000D  mc_w.l(entry10a.o)
    0x080000fc   0x00000000   Code   RO         5679    .ARM.Collect$$$$0000000F  mc_w.l(entry11a.o)
    0x080000fc   0x00000004   Code   RO         5668    .ARM.Collect$$$$00002713  mc_w.l(entry3.o)
    0x08000100   0x00000006   Code   RO         4467    .emb_text           los_hwi.o
    0x08000106   0x00000002   PAD
    0x08000108   0x00000024   Code   RO            5    .text               startup_stm32f10x_md.o
    0x0800012c   0x0000005c   Code   RO         4516    .text               los_dispatch.o
    0x08000188   0x00000062   Code   RO         5332    .text               mc_w.l(uldiv.o)
    0x080001ea   0x00000024   Code   RO         5336    .text               mc_w.l(memseta.o)
    0x0800020e   0x0000000e   Code   RO         5342    .text               mc_w.l(strlen.o)
    0x0800021c   0x00000044   Code   RO         5346    .text               mc_w.l(strtok.o)
    0x08000260   0x0000001a   Code   RO         5615    .text               mc_w.l(atoi.o)
    0x0800027a   0x0000014e   Code   RO         5621    .text               mf_w.l(dadd.o)
    0x080003c8   0x000000e4   Code   RO         5623    .text               mf_w.l(dmul.o)
    0x080004ac   0x000000de   Code   RO         5625    .text               mf_w.l(ddiv.o)
    0x0800058a   0x00000030   Code   RO         5633    .text               mf_w.l(dfixul.o)
    0x080005ba   0x0000002c   Code   RO         5682    .text               mc_w.l(uidiv.o)
    0x080005e6   0x0000001e   Code   RO         5684    .text               mc_w.l(llshl.o)
    0x08000604   0x00000020   Code   RO         5686    .text               mc_w.l(llushr.o)
    0x08000624   0x00000024   Code   RO         5688    .text               mc_w.l(llsshr.o)
    0x08000648   0x00000070   Code   RO         5697    .text               mc_w.l(strtol.o)
    0x080006b8   0x00000000   Code   RO         5699    .text               mc_w.l(iusefp.o)
    0x080006b8   0x000000ba   Code   RO         5702    .text               mf_w.l(depilogue.o)
    0x08000772   0x00000002   PAD
    0x08000774   0x00000030   Code   RO         5708    .text               mf_w.l(cdrcmple.o)
    0x080007a4   0x00000024   Code   RO         5713    .text               mc_w.l(init.o)
    0x080007c8   0x00000008   Code   RO         5715    .text               mc_w.l(ctype_o.o)
    0x080007d0   0x0000009e   Code   RO         5743    .text               mc_w.l(_strtoul.o)
    0x0800086e   0x0000001c   Code   RO         5745    .text               mc_w.l(_chval.o)
    0x0800088a   0x00000056   Code   RO         5755    .text               mc_w.l(__dczerorl2.o)
    0x080008e0   0x00000080   Code   RO         4517    KERNEL              los_dispatch.o
    0x08000960   0x00000004   Code   RO         3231    i.BusFault_Handler  stm32f10x_it.o
    0x08000964   0x00000002   Code   RO         3232    i.DebugMon_Handler  stm32f10x_it.o
    0x08000966   0x00000012   Code   RO         3109    i.Delay             main.o
    0x08000978   0x0000001c   Code   RO         1010    i.FLASH_PrefetchBufferCmd  stm32f10x_flash.o
    0x08000994   0x00000018   Code   RO         1015    i.FLASH_SetLatency  stm32f10x_flash.o
    0x080009ac   0x00000040   Code   RO         1290    i.GPIO_EXTILineConfig  stm32f10x_gpio.o
    0x080009ec   0x00000116   Code   RO         1293    i.GPIO_Init         stm32f10x_gpio.o
    0x08000b02   0x00000004   Code   RO         3233    i.HardFault_Handler  stm32f10x_it.o
    0x08000b06   0x0000001c   Code   RO         4345    i.LOS_Align         los_misc.o
    0x08000b22   0x0000001e   Code   RO         4313    i.LOS_DLnkInitMultiHead  los_multipledlinkhead.o
    0x08000b40   0x0000002a   Code   RO         4314    i.LOS_DLnkMultiHead  los_multipledlinkhead.o
    0x08000b6a   0x0000000e   Code   RO         3580    i.LOS_ListAdd       los_task.o
    0x08000b78   0x0000000e   Code   RO         3877    i.LOS_ListAdd       los_mux.o
    0x08000b86   0x0000000e   Code   RO         3951    i.LOS_ListAdd       los_queue.o
    0x08000b94   0x0000000e   Code   RO         4056    i.LOS_ListAdd       los_sem.o
    0x08000ba2   0x0000000e   Code   RO         4159    i.LOS_ListAdd       los_memory.o
    0x08000bb0   0x00000014   Code   RO         3581    i.LOS_ListDelete    los_task.o
    0x08000bc4   0x00000014   Code   RO         4057    i.LOS_ListDelete    los_sem.o
    0x08000bd8   0x00000014   Code   RO         4160    i.LOS_ListDelete    los_memory.o
    0x08000bec   0x00000010   Code   RO         3582    i.LOS_ListEmpty     los_task.o
    0x08000bfc   0x00000010   Code   RO         3952    i.LOS_ListEmpty     los_queue.o
    0x08000c0c   0x00000010   Code   RO         4058    i.LOS_ListEmpty     los_sem.o
    0x08000c1c   0x00000006   Code   RO         3583    i.LOS_ListInit      los_task.o
    0x08000c22   0x00000006   Code   RO         3880    i.LOS_ListInit      los_mux.o
    0x08000c28   0x00000006   Code   RO         3953    i.LOS_ListInit      los_queue.o
    0x08000c2e   0x00000006   Code   RO         4059    i.LOS_ListInit      los_sem.o
    0x08000c34   0x00000010   Code   RO         3584    i.LOS_ListTailInsert  los_task.o
    0x08000c44   0x00000010   Code   RO         3881    i.LOS_ListTailInsert  los_mux.o
    0x08000c54   0x00000010   Code   RO         4060    i.LOS_ListTailInsert  los_sem.o
    0x08000c64   0x00000144   Code   RO         4315    i.LOS_Log2          los_multipledlinkhead.o
    0x08000da8   0x0000003a   Code   RO         4161    i.LOS_MemAlloc      los_memory.o
    0x08000de2   0x0000006c   Code   RO         4162    i.LOS_MemAllocAlign  los_memory.o
    0x08000e4e   0x00000054   Code   RO         4163    i.LOS_MemFree       los_memory.o
    0x08000ea2   0x000000a6   Code   RO         4164    i.LOS_MemInit       los_memory.o
    0x08000f48   0x00000040   Code   RO         4126    i.LOS_MemboxAlloc   los_membox.o
    0x08000f88   0x000000a4   Code   RO         4128    i.LOS_MemboxFree    los_membox.o
    0x0800102c   0x00000080   Code   RO         4129    i.LOS_MemboxInit    los_membox.o
    0x080010ac   0x00000018   Code   RO         3282    i.LOS_PriqueueDequeue  los_priqueue.o
    0x080010c4   0x00000024   Code   RO         3283    i.LOS_PriqueueEnqueue  los_priqueue.o
    0x080010e8   0x00000028   Code   RO         3284    i.LOS_PriqueueSize  los_priqueue.o
    0x08001110   0x0000003c   Code   RO         3285    i.LOS_PriqueueTop   los_priqueue.o
    0x0800114c   0x0000007c   Code   RO         3954    i.LOS_QueueCreate   los_queue.o
    0x080011c8   0x00000130   Code   RO         3956    i.LOS_QueueRead     los_queue.o
    0x080012f8   0x0000013c   Code   RO         3957    i.LOS_QueueWrite    los_queue.o
    0x08001434   0x00000040   Code   RO         4416    i.LOS_Schedule      los_hw.o
    0x08001474   0x000000b8   Code   RO         4064    i.LOS_SemPost       los_sem.o
    0x0800152c   0x00000016   Code   RO         4363    i.LOS_Start         los_config.o
    0x08001542   0x00000002   PAD
    0x08001544   0x0000009c   Code   RO         3585    i.LOS_TaskCreate    los_task.o
    0x080015e0   0x00000184   Code   RO         3586    i.LOS_TaskCreateOnly  los_task.o
    0x08001764   0x00000080   Code   RO         3587    i.LOS_TaskDelay     los_task.o
    0x080017e4   0x00000020   Code   RO         3589    i.LOS_TaskLock      los_task.o
    0x08001804   0x0000003c   Code   RO         3594    i.LOS_TaskUnlock    los_task.o
    0x08001840   0x00000084   Code   RO         3595    i.LOS_TaskYield     los_task.o
    0x080018c4   0x00000004   Code   RO         3234    i.MemManage_Handler  stm32f10x_it.o
    0x080018c8   0x00000002   Code   RO         3235    i.NMI_Handler       stm32f10x_it.o
    0x080018ca   0x000000ac   Code   RO         4522    i.NVIC_Configuration  mcu_init.o
    0x08001976   0x00000002   PAD
    0x08001978   0x00000070   Code   RO          138    i.NVIC_Init         misc.o
    0x080019e8   0x00000014   Code   RO          139    i.NVIC_PriorityGroupConfig  misc.o
    0x080019fc   0x00000014   Code   RO          140    i.NVIC_SetVectorTable  misc.o
    0x08001a10   0x00000018   Code   RO         1707    i.RCC_ADCCLKConfig  stm32f10x_rcc.o
    0x08001a28   0x00000020   Code   RO         1709    i.RCC_APB1PeriphClockCmd  stm32f10x_rcc.o
    0x08001a48   0x00000020   Code   RO         1710    i.RCC_APB1PeriphResetCmd  stm32f10x_rcc.o
    0x08001a68   0x00000020   Code   RO         1711    i.RCC_APB2PeriphClockCmd  stm32f10x_rcc.o
    0x08001a88   0x00000020   Code   RO         1712    i.RCC_APB2PeriphResetCmd  stm32f10x_rcc.o
    0x08001aa8   0x00000080   Code   RO         4523    i.RCC_Configuration  mcu_init.o
    0x08001b28   0x0000004c   Code   RO         1718    i.RCC_DeInit        stm32f10x_rcc.o
    0x08001b74   0x000000d4   Code   RO         1719    i.RCC_GetClocksFreq  stm32f10x_rcc.o
    0x08001c48   0x0000003c   Code   RO         1720    i.RCC_GetFlagStatus  stm32f10x_rcc.o
    0x08001c84   0x00000010   Code   RO         1722    i.RCC_GetSYSCLKSource  stm32f10x_rcc.o
    0x08001c94   0x00000018   Code   RO         1723    i.RCC_HCLKConfig    stm32f10x_rcc.o
    0x08001cac   0x0000004c   Code   RO         1724    i.RCC_HSEConfig     stm32f10x_rcc.o
    0x08001cf8   0x00000018   Code   RO         1730    i.RCC_PCLK1Config   stm32f10x_rcc.o
    0x08001d10   0x00000018   Code   RO         1731    i.RCC_PCLK2Config   stm32f10x_rcc.o
    0x08001d28   0x0000000c   Code   RO         1732    i.RCC_PLLCmd        stm32f10x_rcc.o
    0x08001d34   0x0000001c   Code   RO         1733    i.RCC_PLLConfig     stm32f10x_rcc.o
    0x08001d50   0x00000018   Code   RO         1736    i.RCC_SYSCLKConfig  stm32f10x_rcc.o
    0x08001d68   0x00000038   Code   RO         1738    i.RCC_WaitForHSEStartUp  stm32f10x_rcc.o
    0x08001da0   0x00000002   Code   RO         3236    i.SVC_Handler       stm32f10x_it.o
    0x08001da2   0x00000008   Code   RO           25    i.SetSysClock       system_stm32f10x.o
    0x08001daa   0x00000002   PAD
    0x08001dac   0x000000e0   Code   RO           26    i.SetSysClockTo72   system_stm32f10x.o
    0x08001e8c   0x00000028   Code   RO         3777    i.SysTick_Handler   los_tick.o
    0x08001eb4   0x00000060   Code   RO           28    i.SystemInit        system_stm32f10x.o
    0x08001f14   0x00000012   Code   RO         4553    i.Systick_Init      ult.o
    0x08001f26   0x00000002   PAD
    0x08001f28   0x00000040   Code   RO         5167    i.TIM2_IRQHandler   timer.o
    0x08001f68   0x0000001c   Code   RO         5168    i.TIM3_IRQHandler   timer.o
    0x08001f84   0x00000006   Code   RO         2337    i.TIM_ClearFlag     stm32f10x_tim.o
    0x08001f8a   0x00000006   Code   RO         2338    i.TIM_ClearITPendingBit  stm32f10x_tim.o
    0x08001f90   0x00000018   Code   RO         2343    i.TIM_Cmd           stm32f10x_tim.o
    0x08001fa8   0x000001e8   Code   RO         2348    i.TIM_DeInit        stm32f10x_tim.o
    0x08002190   0x00000022   Code   RO         2364    i.TIM_GetITStatus   stm32f10x_tim.o
    0x080021b2   0x00000012   Code   RO         2368    i.TIM_ITConfig      stm32f10x_tim.o
    0x080021c4   0x000000a4   Code   RO         2414    i.TIM_TimeBaseInit  stm32f10x_tim.o
    0x08002268   0x0000004a   Code   RO         5170    i.Timer_Config      timer.o
    0x080022b2   0x00000002   PAD
    0x080022b4   0x0000004c   Code   RO         5061    i.USART1_IRQHandler  usart.o
    0x08002300   0x00000084   Code   RO         5062    i.USART1_Init       usart.o
    0x08002384   0x00000044   Code   RO         4656    i.USART2_IRQHandler  usart2.o
    0x080023c8   0x00000050   Code   RO         5109    i.USART3_IRQHandler  usart3.o
    0x08002418   0x00000018   Code   RO         2879    i.USART_Cmd         stm32f10x_usart.o
    0x08002430   0x0000009c   Code   RO         2881    i.USART_DeInit      stm32f10x_usart.o
    0x080024cc   0x0000001a   Code   RO         2882    i.USART_GetFlagStatus  stm32f10x_usart.o
    0x080024e6   0x00000054   Code   RO         2883    i.USART_GetITStatus  stm32f10x_usart.o
    0x0800253a   0x0000004a   Code   RO         2885    i.USART_ITConfig    stm32f10x_usart.o
    0x08002584   0x000000d8   Code   RO         2886    i.USART_Init        stm32f10x_usart.o
    0x0800265c   0x0000000a   Code   RO         2893    i.USART_ReceiveData  stm32f10x_usart.o
    0x08002666   0x00000008   Code   RO         2896    i.USART_SendData    stm32f10x_usart.o
    0x0800266e   0x00000004   Code   RO         3237    i.UsageFault_Handler  stm32f10x_it.o
    0x08002672   0x00000002   PAD
    0x08002674   0x00000020   Code   RO         5587    i.__0printf         mc_w.l(printfa.o)
    0x08002694   0x00000028   Code   RO         5589    i.__0sprintf        mc_w.l(printfa.o)
    0x080026bc   0x00000024   Code   RO         5593    i.__0vsprintf       mc_w.l(printfa.o)
    0x080026e0   0x00000008   Code   RO         5690    i.__aeabi_errno_addr  mc_w.l(errno.o)
    0x080026e8   0x0000000e   Code   RO         5749    i.__scatterload_copy  mc_w.l(handlers.o)
    0x080026f6   0x00000002   Code   RO         5750    i.__scatterload_null  mc_w.l(handlers.o)
    0x080026f8   0x0000000e   Code   RO         5751    i.__scatterload_zeroinit  mc_w.l(handlers.o)
    0x08002706   0x00000002   PAD
    0x08002708   0x00000184   Code   RO         5594    i._fp_digits        mc_w.l(printfa.o)
    0x0800288c   0x000006dc   Code   RO         5595    i._printf_core      mc_w.l(printfa.o)
    0x08002f68   0x00000024   Code   RO         5596    i._printf_post_padding  mc_w.l(printfa.o)
    0x08002f8c   0x0000002e   Code   RO         5597    i._printf_pre_padding  mc_w.l(printfa.o)
    0x08002fba   0x0000000a   Code   RO         5599    i._sputc            mc_w.l(printfa.o)
    0x08002fc4   0x00000040   Code   RO         5245    i.creat_task_lbs    task.o
    0x08003004   0x00000044   Code   RO         5296    i.creat_task_mqtt   mqtt_task.o
    0x08003048   0x00000044   Code   RO         5246    i.creat_task_test   task.o
    0x0800308c   0x00000024   Code   RO         5065    i.fputc             usart.o
    0x080030b0   0x00000130   Code   RO         5247    i.get_lbs_station_task  task.o
    0x080031e0   0x0000002e   Code   RO         3110    i.hardware_init     main.o
    0x0800320e   0x0000001a   Code   RO         4364    i.main              los_config.o
    0x08003228   0x0000003c   Code   RO         3111    i.osAppInit         main.o
    0x08003264   0x00000008   Code   RO         4470    i.osHwiDefaultHandler  los_hwi.o
    0x0800326c   0x00000030   Code   RO         4471    i.osHwiInit         los_hwi.o
    0x0800329c   0x00000004   Code   RO         3596    i.osIdleTask        los_task.o
    0x080032a0   0x0000004c   Code   RO         3597    i.osIdleTaskCreate  los_task.o
    0x080032ec   0x00000050   Code   RO         4472    i.osInterrupt       los_hwi.o
    0x0800333c   0x00000066   Code   RO         4367    i.osMain            los_config.o
    0x080033a2   0x0000005c   Code   RO         4166    i.osMemAllocWithCheck  los_memory.o
    0x080033fe   0x00000098   Code   RO         4167    i.osMemCheckUsedNode  los_memory.o
    0x08003496   0x00000050   Code   RO         4168    i.osMemFindSuitableFreeBlock  los_memory.o
    0x080034e6   0x000000b2   Code   RO         4169    i.osMemFreeNode     los_memory.o
    0x08003598   0x0000003e   Code   RO         4170    i.osMemIsNodeValid  los_memory.o
    0x080035d6   0x00000024   Code   RO         4171    i.osMemMergeNode    los_memory.o
    0x080035fa   0x00000002   PAD
    0x080035fc   0x00000020   Code   RO         4172    i.osMemSetMagicNumAndTaskid  los_memory.o
    0x0800361c   0x0000005c   Code   RO         4173    i.osMemSpitNode     los_memory.o
    0x08003678   0x00000024   Code   RO         4174    i.osMemSystemInit   los_memory.o
    0x0800369c   0x0000005c   Code   RO         3886    i.osMuxInit         los_mux.o
    0x080036f8   0x00000048   Code   RO         3287    i.osPriqueueInit    los_priqueue.o
    0x08003740   0x00000070   Code   RO         3958    i.osQueueCreate     los_queue.o
    0x080037b0   0x00000038   Code   RO         3959    i.osQueueInit       los_queue.o
    0x080037e8   0x00000084   Code   RO         3962    i.osQueuePend       los_queue.o
    0x0800386c   0x0000005a   Code   RO         3963    i.osQueueWakeUp     los_queue.o
    0x080038c6   0x00000002   PAD
    0x080038c8   0x0000001c   Code   RO         4368    i.osRegister        los_config.o
    0x080038e4   0x00000008   Code   RO         4417    i.osSchedule        los_hw.o
    0x080038ec   0x00000058   Code   RO         4065    i.osSemInit         los_sem.o
    0x08003944   0x000000ac   Code   RO         3380    i.osSwTmrInit       los_swtmr.o
    0x080039f0   0x00000060   Code   RO         3381    i.osSwTmrStart      los_swtmr.o
    0x08003a50   0x00000050   Code   RO         3382    i.osSwTmrTask       los_swtmr.o
    0x08003aa0   0x00000048   Code   RO         3383    i.osSwTmrTaskCreate  los_swtmr.o
    0x08003ae8   0x0000008c   Code   RO         3384    i.osSwTmrTimeoutHandle  los_swtmr.o
    0x08003b74   0x00000014   Code   RO         3385    i.osSwtmrDelete     los_swtmr.o
    0x08003b88   0x00000024   Code   RO         3386    i.osSwtmrScan       los_swtmr.o
    0x08003bac   0x000000c0   Code   RO         3598    i.osTaskAdd2TimerList  los_task.o
    0x08003c6c   0x000000a4   Code   RO         3599    i.osTaskEntry       los_task.o
    0x08003d10   0x00000006   Code   RO         4418    i.osTaskExit        los_hw.o
    0x08003d16   0x00000002   PAD
    0x08003d18   0x00000128   Code   RO         3600    i.osTaskInit        los_task.o
    0x08003e40   0x00000034   Code   RO         4284    i.osTaskMemUsedDec  los_memstat.o
    0x08003e74   0x0000003c   Code   RO         4285    i.osTaskMemUsedInc  los_memstat.o
    0x08003eb0   0x000000dc   Code   RO         3602    i.osTaskScan        los_task.o
    0x08003f8c   0x000000fc   Code   RO         3603    i.osTaskSelfDelete  los_task.o
    0x08004088   0x00000058   Code   RO         4447    i.osTickStart       los_hw_tick.o
    0x080040e0   0x00000048   Code   RO         3604    i.osTimerListDelete  los_task.o
    0x08004128   0x0000004c   Code   RO         3805    i.osTimesliceCheck  los_timeslice.o
    0x08004174   0x00000010   Code   RO         3806    i.osTimesliceInit   los_timeslice.o
    0x08004184   0x00000088   Code   RO         4419    i.osTskStackInit    los_hw.o
    0x0800420c   0x0000006c   Code   RO         5297    i.task_mqtt         mqtt_task.o
    0x08004278   0x00000024   Code   RO         5248    i.task_test         task.o
    0x0800429c   0x0000000e   Code   RO         5171    i.time2_disable     timer.o
    0x080042aa   0x0000000c   Code   RO         5172    i.timer2_enable     timer.o
    0x080042b6   0x00000008   Code   RO         5174    i.timer_init        timer.o
    0x080042be   0x0000000c   Code   RO         5066    i.usart1_init       usart.o
    0x080042ca   0x00000002   PAD
    0x080042cc   0x0000008c   Code   RO         4659    i.usart2_init       usart2.o
    0x08004358   0x00000094   Code   RO         5111    i.usart3_init       usart3.o
    0x080043ec   0x00000050   Code   RO         5112    i.usart3_printf     usart3.o
    0x0800443c   0x00000014   Code   RO         5113    i.usart3_rx_disable  usart3.o
    0x08004450   0x00000014   Code   RO         5114    i.usart3_rx_enable  usart3.o
    0x08004464   0x00000081   Data   RO         5716    .constdata          mc_w.l(ctype_o.o)
    0x080044e5   0x00000003   PAD
    0x080044e8   0x00000004   Data   RO         5717    .constdata          mc_w.l(ctype_o.o)
    0x080044ec   0x00000030   Data   RO         5747    Region$$Table       anon$$obj.o


    Execution Region VECTOR (Base: 0x20000000, Size: 0x00000400, Max: 0x00000400, ABSOLUTE, COMPRESSED[0x0000001c])

    Base Addr    Size         Type   Attr      Idx    E Section Name        Object

    0x20000000   0x00000400   Data   RW         4475    .vector.bss         los_hwi.o


    Execution Region ARM_LIB_STACKHEAP (Base: 0x20000400, Size: 0x00000200, Max: 0x00000200, ABSOLUTE)

    Base Addr    Size         Type   Attr      Idx    E Section Name        Object

    0x20000400   0x00000200   Zero   RW            1    ARM_LIB_STACKHEAP.bss  anon$$obj.o


    Execution Region RW_IRAM1 (Base: 0x20000600, Size: 0x00003aa0, Max: 0x00005000, ABSOLUTE)

    Base Addr    Size         Type   Attr      Idx    E Section Name        Object

    0x20000600   0x00000014   Data   RW         1739    .data               stm32f10x_rcc.o
    0x20000614   0x00000004   Data   RW         3112    .data               main.o
    0x20000618   0x00000004   Data   RW         3288    .data               los_priqueue.o
    0x2000061c   0x00000010   Data   RW         3389    .data               los_swtmr.o
    0x2000062c   0x00000044   Data   RW         3605    .data               los_task.o
    0x20000670   0x00000010   Data   RW         3778    .data               los_tick.o
    0x20000680   0x00000008   Data   RW         3807    .data               los_timeslice.o
    0x20000688   0x0000000c   Data   RW         3887    .data               los_mux.o
    0x20000694   0x00000004   Data   RW         3964    .data               los_queue.o
    0x20000698   0x0000000c   Data   RW         4066    .data               los_sem.o
    0x200006a4   0x00000008   Data   RW         4369    .data               los_config.o
    0x200006ac   0x00000004   Data   RW         4448    .data               los_hw_tick.o
    0x200006b0   0x00000004   Data   RW         4474    .data               los_hwi.o
    0x200006b4   0x00000001   Data   RW         5117    .data               usart3.o
    0x200006b5   0x00000003   PAD
    0x200006b8   0x00000009   Data   RW         5249    .data               task.o
    0x200006c1   0x00000003   PAD
    0x200006c4   0x00000004   Data   RW         5347    .data               mc_w.l(strtok.o)
    0x200006c8   0x00000004   Data   RW         5681    .data               mc_w.l(stdout.o)
    0x200006cc   0x00000004   Data   RW         5693    .data               mc_w.l(errno.o)
    0x200006d0   0x000000d0   Zero   RW         3388    .bss                los_swtmr.o
    0x200007a0   0x00003000   Zero   RW         4175    .bss                los_memory.o
    0x200037a0   0x00000040   Zero   RW         4286    .bss                los_memstat.o
    0x200037e0   0x00000400   Zero   RW         4473    .bss                los_hwi.o
    0x20003be0   0x00000080   Zero   RW         5116    .bss                usart3.o
    0x20003c60   0x00000040   Zero   RW         5298    .bss                mqtt_task.o
    0x20003ca0   0x00000400   Zero   RW            2    STACK               startup_stm32f10x_md.o


==============================================================================

Image component sizes


      Code (inc. data)   RO Data    RW Data    ZI Data      Debug   Object Name

         0          0          0          0          0       4508   core_cm3.o
       178         14          0          8          0       3470   los_config.o
       220         32          0          0          0        784   los_dispatch.o
       214         16          0          0          0       3042   los_hw.o
        88         32          0          4          0        882   los_hw_tick.o
       142         26          0       1028       1024       5791   los_hwi.o
       356         10          0          0          0       4036   los_membox.o
      1210         14          0          0      12288      16116   los_memory.o
       112         24          0          0         64       2137   los_memstat.o
        28          0          0          0          0        636   los_misc.o
       396          4          0          0          0       5292   los_multipledlinkhead.o
       128         18          0         12          0       6116   los_mux.o
       232         22          0          4          0       7450   los_priqueue.o
      1170         72          0          4          0      18701   los_queue.o
       344         26          0         12          0       5730   los_sem.o
       616         84          0         16        208      17855   los_swtmr.o
      2244        186          0         68          0      25351   los_task.o
        40          6          0         16          0        923   los_tick.o
        92         16          0          8          0       1373   los_timeslice.o
       124          6          0          4          0       5050   main.o
       300          4          0          0          0       1253   mcu_init.o
       152         30          0          0          0       2157   misc.o
       176         54          0          0         64       2419   mqtt_task.o
        36          8        236          0       1024        892   startup_stm32f10x_md.o
        52         12          0          0          0       1145   stm32f10x_flash.o
       342          4          0          0          0       2650   stm32f10x_gpio.o
        22          0          0          0          0       3171   stm32f10x_it.o
       784        110          0         20          0      12635   stm32f10x_rcc.o
       740        106          0          0          0       5063   stm32f10x_tim.o
       598         28          0          0          0       6992   stm32f10x_usart.o
       328         28          0          0          0     249185   system_stm32f10x.o
       472        148          0          9          0       3939   task.o
       200         16          0          0          0      18263   timer.o
        18          0          0          0          0        483   ult.o
       256         18          0          0          0       2372   usart.o
       208         14          0          0          0     222142   usart2.o
       348         42          0          1        128       3654   usart3.o

    ----------------------------------------------------------------------
     12988       1230        284       1220      15312     673658   Object Totals
         0          0         48          0        512          0   (incl. Generated)
        22          0          0          6          0          0   (incl. Padding)

    ----------------------------------------------------------------------

      Code (inc. data)   RO Data    RW Data    ZI Data      Debug   Library Member Name

        86          0          0          0          0          0   __dczerorl2.o
        28          0          0          0          0         68   _chval.o
       158          0          0          0          0         92   _strtoul.o
        26          0          0          0          0         80   atoi.o
         8          4        133          0          0         68   ctype_o.o
         0          0          0          0          0          0   entry.o
         0          0          0          0          0          0   entry10a.o
         0          0          0          0          0          0   entry11a.o
         8          4          0          0          0          0   entry3.o
         4          0          0          0          0          0   entry5.o
         0          0          0          0          0          0   entry7b.o
         0          0          0          0          0          0   entry8b.o
         8          4          0          0          0          0   entry9a.o
         8          4          0          4          0         68   errno.o
        30          0          0          0          0          0   handlers.o
        36          8          0          0          0         68   init.o
         0          0          0          0          0          0   iusefp.o
        30          0          0          0          0         68   llshl.o
        36          0          0          0          0         68   llsshr.o
        32          0          0          0          0         68   llushr.o
        36          0          0          0          0        108   memseta.o
      2344        102          0          0          0        684   printfa.o
         0          0          0          4          0          0   stdout.o
        14          0          0          0          0         68   strlen.o
        68          6          0          4          0         80   strtok.o
       112          0          0          0          0         88   strtol.o
        44          0          0          0          0         80   uidiv.o
        98          0          0          0          0         92   uldiv.o
        48          0          0          0          0         68   cdrcmple.o
       334          0          0          0          0        148   dadd.o
       222          0          0          0          0        100   ddiv.o
       186          0          0          0          0        176   depilogue.o
        48          0          0          0          0         68   dfixul.o
       228          0          0          0          0         96   dmul.o

    ----------------------------------------------------------------------
      4284        132        136         12          0       2504   Library Totals
         4          0          3          0          0          0   (incl. Padding)

    ----------------------------------------------------------------------

      Code (inc. data)   RO Data    RW Data    ZI Data      Debug   Library Name

      3214        132        133         12          0       1848   mc_w.l
      1066          0          0          0          0        656   mf_w.l

    ----------------------------------------------------------------------
      4284        132        136         12          0       2504   Library Totals

    ----------------------------------------------------------------------

==============================================================================


      Code (inc. data)   RO Data    RW Data    ZI Data      Debug   

     17272       1362        420       1232      15312     666514   Grand Totals
     17272       1362        420        236      15312     666514   ELF Image Totals (compressed)
     17272       1362        420        236          0          0   ROM Totals

==============================================================================

    Total RO  Size (Code + RO Data)                17692 (  17.28kB)
    Total RW  Size (RW Data + ZI Data)             16544 (  16.16kB)
    Total ROM Size (Code + RO Data + RW Data)      17928 (  17.51kB)

==============================================================================

