<html>
<body>
<pre>
<h1>µVision Build Log</h1>
<h2>Tool Versions:</h2>
IDE-Version: ¦ÌVision V5.21.1.0
Copyright (C) 2016 ARM Ltd and ARM Germany GmbH. All rights reserved.
License Information: z Song, Robot Time, LIC=----
 
Tool Versions:
Toolchain:       MDK-Lite  Version: 5.21a
Toolchain Path:  C:\Keil_v5\ARM\ARMCC\Bin
C Compiler:      Armcc.exe V5.06 update 3 (build 300)
Assembler:       Armasm.exe V5.06 update 3 (build 300)
Linker/Locator:  ArmLink.exe V5.06 update 3 (build 300)
Library Manager: ArmAr.exe V5.06 update 3 (build 300)
Hex Converter:   FromElf.exe V5.06 update 3 (build 300)
CPU DLL:         SARMCM3.DLL V5.21a
Dialog DLL:      DCM.DLL V1.13.8.0
Target DLL:      CMSIS_AGDI.dll V1.26.5.0
Dialog DLL:      TCM.DLL V1.14.14.0
 
<h2>Project:</h2>
E:\HuaweiHackathon\poom_car_liteos_project\Project\HuaweiLiteOS.uvprojx
Project File Date:  01/08/2017

<h2>Output:</h2>
*** Using Compiler 'V5.06 update 3 (build 300)', folder: 'C:\Keil_v5\ARM\ARMCC\Bin'
Build target 'HuaweiLiteOS'
assembling startup_stm32f10x_hd.s...
compiling core_cm3.c...
compiling system_stm32f10x.c...
compiling misc.c...
compiling stm32f10x_adc.c...
compiling stm32f10x_bkp.c...
compiling stm32f10x_can.c...
compiling stm32f10x_cec.c...
compiling stm32f10x_crc.c...
compiling stm32f10x_dac.c...
compiling stm32f10x_dbgmcu.c...
compiling stm32f10x_dma.c...
compiling stm32f10x_exti.c...
compiling stm32f10x_flash.c...
compiling stm32f10x_fsmc.c...
compiling stm32f10x_gpio.c...
compiling stm32f10x_i2c.c...
compiling stm32f10x_iwdg.c...
compiling stm32f10x_pwr.c...
compiling stm32f10x_rcc.c...
compiling stm32f10x_rtc.c...
compiling stm32f10x_sdio.c...
compiling stm32f10x_spi.c...
compiling stm32f10x_usart.c...
compiling stm32f10x_wwdg.c...
compiling stm32f10x_tim.c...
compiling stm32f10x_it.c...
compiling bsp_led.c...
compiling main.c...
compiling bsp_usart.c...
compiling bsp_lcd.c...
compiling bsp_ili9341_lcd.c...
compiling bsp_beep.c...
compiling bsp_xpt2046_lcd.c...
compiling bsp_dht11.c...
compiling Common.c...
compiling bsp_pmap.c...
compiling bsp_esp8266.c...
compiling los_priqueue.c...
compiling los_swtmr.c...
compiling los_sys.c...
compiling bsp_psensor.c...
compiling los_tick.c...
compiling los_task.c...
compiling los_timeslice.c...
compiling los_event.c...
compiling los_mux.c...
compiling los_sem.c...
compiling los_queue.c...
compiling los_membox.c...
compiling los_memstat.c...
compiling los_memory.c...
compiling los_misc.c...
compiling los_multipledlinkhead.c...
compiling los_hw.c...
compiling los_hw_tick.c...
assembling los_dispatch.s...
compiling los_hwi.c...
compiling los_config.c...
linking...
Program Size: Code=14636 RO-data=1872 RW-data=1232 ZI-data=35760  
FromELF: creating hex file...
".\Objects\HuaweiLiteOS.axf" - 0 Error(s), 0 Warning(s).

<h2>Collection of Component include folders:</h2>
  E:\HuaweiHackathon\poom_car_liteos_project\Project\RTE
  C:\Keil_v5\ARM\PACK\Keil\STM32F1xx_DFP\2.1.0\Device\Include

<h2>Collection of Component Files used:</h2>
Build Time Elapsed:  00:00:12
</pre>
</body>
</html>
