<html>
<body>
<pre>
<h1>礦ision Build Log</h1>
<h2>Tool Versions:</h2>
IDE-Version: μVision V5.15
Copyright (C) 2015 ARM Ltd and ARM Germany GmbH. All rights reserved.
License Information: king shao, pk, LIC=R4HLQ-N4XXS-JMU98-3M9K2-NT05P-W03ZV
 
Tool Versions:
Toolchain:       MDK-ARM Professional  Version: 5.15.0
Toolchain Path:  C:\Keil_v5\ARM\ARMCC\Bin
C Compiler:      Armcc.exe V5.05 update 2 (build 169)
Assembler:       Armasm.exe V5.05 update 2 (build 169)
Linker/Locator:  ArmLink.exe V5.05 update 2 (build 169)
Library Manager: ArmAr.exe V5.05 update 2 (build 169)
Hex Converter:   FromElf.exe V5.05 update 2 (build 169)
CPU DLL:         SARMCM3.DLL V5.15.0
Dialog DLL:      DCM.DLL V1.13.2.0
Target DLL:      STLink\ST-LINKIII-KEIL_SWO.dll V2.0.15.0_KEIL
Dialog DLL:      TCM.DLL V1.14.5.0
 
<h2>Project:</h2>
F:\0-最近要完成工作\LiteOS竞赛\F411\NUCLEO_F411RE_uvision5_nucleo_f411re\MyDemo\NUCLEO_F411RE.uvprojx
Project File Date:  01/07/2017

<h2>Output:</h2>
*** Using Compiler 'V5.05 update 2 (build 169)', folder: 'C:\Keil_v5\ARM\ARMCC\Bin'
Build target 'NUCLEO_F411RE'
compiling main.cpp...
compiling los_priqueue.c...
compiling los_swtmr.c...
compiling los_sys.c...
compiling los_task.c...
compiling los_tick.c...
compiling los_timeslice.c...
compiling los_event.c...
compiling los_mux.c...
compiling los_queue.c...
compiling los_sem.c...
compiling los_membox.c...
compiling los_memory.c...
compiling los_memstat.c...
compiling los_multipledlinkhead.c...
compiling los_misc.c...
compiling los_config.c...
..\..\..\Huawei_LiteOS_Kernel\Huawei_LiteOS\platform\bsp\sample\config\los_config.c(46): warning:  #161-D: unrecognized #pragma
  #pragma data_alignment=8
..\..\..\Huawei_LiteOS_Kernel\Huawei_LiteOS\platform\bsp\sample\config\los_config.c(193): warning:  #335-D: linkage specification is not allowed
  int main(void)
..\..\..\Huawei_LiteOS_Kernel\Huawei_LiteOS\platform\bsp\sample\config\los_config.c: 2 warnings, 0 errors
compiling los_hw.c...
compiling los_hw_tick.c...
compiling los_hwi.c...
linking...
Program Size: Code=26420 RO-data=1868 RW-data=1256 ZI-data=35648  
".\build\uvision5\NUCLEO_F411RE.axf" - 0 Error(s), 2 Warning(s).

<h2>Collection of Component include folders:</h2>
  F:\0-最近要完成工作\LiteOS竞赛\F411\NUCLEO_F411RE_uvision5_nucleo_f411re\MyDemo\RTE
  C:\Keil_v5\ARM\PACK\Keil\STM32F4xx_DFP\2.7.0\Drivers\CMSIS\Device\ST\STM32F4xx\Include

<h2>Collection of Component Files used:</h2>
</pre>
</body>
</html>
