<html>
<body>
<pre>
<h1>µVision Build Log</h1>
<h2>Tool Versions:</h2>
IDE-Version: ¦ÌVision V5.22.0.0
Copyright (C) 2016 ARM Ltd and ARM Germany GmbH. All rights reserved.
License Information: zhao gang, foryu, LIC=4ZLNN-YQXQY-8WJ2D-8FIIY-TW5ZC-PU2J7
 
Tool Versions:
Toolchain:       MDK-ARM Professional  Version: 5.22
Toolchain Path:  D:\Keil_v5\ARM\ARMCC\Bin
C Compiler:      Armcc.exe V5.06 update 4 (build 422)
Assembler:       Armasm.exe V5.06 update 4 (build 422)
Linker/Locator:  ArmLink.exe V5.06 update 4 (build 422)
Library Manager: ArmAr.exe V5.06 update 4 (build 422)
Hex Converter:   FromElf.exe V5.06 update 4 (build 422)
CPU DLL:         SARMCM3.DLL V5.22
Dialog DLL:      DARMSTM.DLL V1.67.0.0
Target DLL:      STLink\ST-LINKIII-KEIL_SWO.dll V2.0.18.0
Dialog DLL:      TARMSTM.DLL V1.66.0.0
 
<h2>Project:</h2>
F:\keil\hwliteos_gprs(update)\hwliteos\Huawei LiteOS\Huawei LiteOS For STM32F103\Project\HuaweiLiteOS.uvprojx
Project File Date:  01/07/2017

<h2>Output:</h2>
*** Using Compiler 'V5.06 update 4 (build 422)', folder: 'D:\Keil_v5\ARM\ARMCC\Bin'
Rebuild target 'HuaweiLiteOS'
assembling startup_stm32f10x_md.s...
compiling core_cm3.c...
compiling system_stm32f10x.c...
compiling misc.c...
compiling stm32f10x_adc.c...
compiling stm32f10x_bkp.c...
compiling stm32f10x_can.c...
compiling stm32f10x_cec.c...
compiling stm32f10x_crc.c...
compiling stm32f10x_dac.c...
compiling stm32f10x_dbgmcu.c...
compiling stm32f10x_dma.c...
compiling stm32f10x_exti.c...
compiling stm32f10x_flash.c...
compiling stm32f10x_fsmc.c...
compiling stm32f10x_gpio.c...
compiling stm32f10x_iwdg.c...
compiling stm32f10x_i2c.c...
compiling stm32f10x_pwr.c...
compiling stm32f10x_rtc.c...
compiling stm32f10x_rcc.c...
compiling stm32f10x_sdio.c...
compiling stm32f10x_spi.c...
compiling stm32f10x_usart.c...
compiling stm32f10x_tim.c...
compiling stm32f10x_wwdg.c...
compiling los_priqueue.c...
compiling stm32f10x_it.c...
compiling main.c...
compiling los_swtmr.c...
compiling los_sys.c...
compiling los_task.c...
compiling los_tick.c...
compiling los_timeslice.c...
compiling los_event.c...
compiling los_mux.c...
compiling los_queue.c...
compiling los_sem.c...
compiling los_membox.c...
compiling los_memory.c...
compiling los_memstat.c...
compiling los_multipledlinkhead.c...
compiling los_misc.c...
compiling los_config.c...
compiling los_hw.c...
compiling los_hw_tick.c...
assembling los_dispatch.s...
compiling los_hwi.c...
compiling mcu_init.c...
compiling ult.c...
compiling usart2.c...
compiling sht10.c...
compiling _xassert.c...
compiling bh1750_s.c...
compiling i2c_s.c...
compiling usart.c...
compiling usart3.c...
compiling timer.c...
compiling task.c...
compiling mqtt_task.c...
linking...
Program Size: Code=17272 RO-data=420 RW-data=1232 ZI-data=15312  
FromELF: creating hex file...
".\Objects\HuaweiLiteOS.axf" - 0 Error(s), 0 Warning(s).

<h2>Collection of Component include folders:</h2>
  F:\keil\hwliteos_gprs(update)\hwliteos\Huawei LiteOS\Huawei LiteOS For STM32F103\Project\RTE\_HuaweiLiteOS
  D:\Keil_v5\ARM\PACK\Keil\STM32F1xx_DFP\2.1.0\Device\Include

<h2>Collection of Component Files used:</h2>
Build Time Elapsed:  00:00:15
</pre>
</body>
</html>
