Component: ARM Compiler 5.06 update 3 (build 300) Tool: armlink [4d35c9]

==============================================================================

Section Cross References

    system_stm32f10x.o(.text) refers to system_stm32f10x.o(.data) for SystemCoreClock
    minibalance.o(.text) refers to delay.o(.text) for delay_init
    minibalance.o(.text) refers to usart.o(.text) for uart_init
    minibalance.o(.text) refers to sys.o(.text) for JTAG_Set
    minibalance.o(.text) refers to led.o(.text) for LED_Init
    minibalance.o(.text) refers to key.o(.text) for KEY_Init
    minibalance.o(.text) refers to motor.o(.text) for MiniBalance_PWM_Init
    minibalance.o(.text) refers to usart3.o(.text) for uart3_init
    minibalance.o(.text) refers to encoder.o(.text) for Encoder_Init_TIM2
    minibalance.o(.text) refers to adc.o(.text) for Adc_Init
    minibalance.o(.text) refers to ioi2c.o(.text) for IIC_Init
    minibalance.o(.text) refers to mpu6050.o(.text) for MPU6050_initialize
    minibalance.o(.text) refers to oled.o(.text) for OLED_Init
    minibalance.o(.text) refers to timer.o(.text) for TIM3_Cap_Init
    minibalance.o(.text) refers to exti.o(.text) for MiniBalance_EXTI_Init
    minibalance.o(.text) refers to noretval__2printf.o(.text) for __2printf
    minibalance.o(.text) refers to show.o(.text) for APP_Show
    minibalance.o(.text) refers to minibalance.o(.data) for Flag_Show
    startup_stm32f10x_md.o(STACK) refers (Special) to heapauxi.o(.text) for __use_two_region_memory
    startup_stm32f10x_md.o(HEAP) refers (Special) to heapauxi.o(.text) for __use_two_region_memory
    startup_stm32f10x_md.o(RESET) refers (Special) to heapauxi.o(.text) for __use_two_region_memory
    startup_stm32f10x_md.o(RESET) refers to startup_stm32f10x_md.o(STACK) for __initial_sp
    startup_stm32f10x_md.o(RESET) refers to startup_stm32f10x_md.o(.text) for Reset_Handler
    startup_stm32f10x_md.o(RESET) refers to stm32f10x_it.o(.text) for NMI_Handler
    startup_stm32f10x_md.o(RESET) refers to encoder.o(.text) for TIM2_IRQHandler
    startup_stm32f10x_md.o(RESET) refers to timer.o(.text) for TIM3_IRQHandler
    startup_stm32f10x_md.o(RESET) refers to usart3.o(.text) for USART3_IRQHandler
    startup_stm32f10x_md.o(RESET) refers to control.o(.text) for EXTI15_10_IRQHandler
    startup_stm32f10x_md.o(.text) refers (Special) to heapauxi.o(.text) for __use_two_region_memory
    startup_stm32f10x_md.o(.text) refers to system_stm32f10x.o(.text) for SystemInit
    startup_stm32f10x_md.o(.text) refers to __main.o(!!!main) for __main
    startup_stm32f10x_md.o(.text) refers to startup_stm32f10x_md.o(HEAP) for Heap_Mem
    startup_stm32f10x_md.o(.text) refers to startup_stm32f10x_md.o(STACK) for Stack_Mem
    stm32f10x_adc.o(.text) refers to stm32f10x_rcc.o(.text) for RCC_APB2PeriphResetCmd
    stm32f10x_bkp.o(.text) refers to stm32f10x_rcc.o(.text) for RCC_BackupResetCmd
    stm32f10x_can.o(.text) refers to stm32f10x_rcc.o(.text) for RCC_APB1PeriphResetCmd
    stm32f10x_cec.o(.text) refers to stm32f10x_rcc.o(.text) for RCC_APB1PeriphResetCmd
    stm32f10x_dac.o(.text) refers to stm32f10x_rcc.o(.text) for RCC_APB1PeriphResetCmd
    stm32f10x_gpio.o(.text) refers to stm32f10x_rcc.o(.text) for RCC_APB2PeriphResetCmd
    stm32f10x_i2c.o(.text) refers to stm32f10x_rcc.o(.text) for RCC_APB1PeriphResetCmd
    stm32f10x_pwr.o(.text) refers to stm32f10x_rcc.o(.text) for RCC_APB1PeriphResetCmd
    stm32f10x_rcc.o(.text) refers to stm32f10x_rcc.o(.data) for APBAHBPrescTable
    stm32f10x_spi.o(.text) refers to stm32f10x_rcc.o(.text) for RCC_APB2PeriphResetCmd
    stm32f10x_tim.o(.text) refers to stm32f10x_rcc.o(.text) for RCC_APB2PeriphResetCmd
    stm32f10x_usart.o(.text) refers to stm32f10x_rcc.o(.text) for RCC_APB2PeriphResetCmd
    stm32f10x_wwdg.o(.text) refers to stm32f10x_rcc.o(.text) for RCC_APB1PeriphResetCmd
    delay.o(.text) refers to misc.o(.text) for SysTick_CLKSourceConfig
    delay.o(.text) refers to system_stm32f10x.o(.data) for SystemCoreClock
    delay.o(.text) refers to delay.o(.data) for fac_us
    sys.o(.text) refers to sys.o(.emb_text) for WFI_SET
    usart.o(.text) refers (Special) to use_no_semi_2.o(.text) for __use_no_semihosting
    usart.o(.text) refers to stm32f10x_rcc.o(.text) for RCC_APB2PeriphClockCmd
    usart.o(.text) refers to stm32f10x_gpio.o(.text) for GPIO_Init
    usart.o(.text) refers to stm32f10x_usart.o(.text) for USART_Init
    usart.o(.text) refers to minibalance.o(.data) for Flag_Show
    usart.o(.data) refers (Special) to use_no_semi_2.o(.text) for __use_no_semihosting
    led.o(.text) refers to stm32f10x_rcc.o(.text) for RCC_APB2PeriphClockCmd
    led.o(.text) refers to stm32f10x_gpio.o(.text) for GPIO_Init
    led.o(.text) refers to led.o(.data) for temp
    key.o(.text) refers to stm32f10x_rcc.o(.text) for RCC_APB2PeriphClockCmd
    key.o(.text) refers to stm32f10x_gpio.o(.text) for GPIO_Init
    key.o(.text) refers to key.o(.data) for Forever_count
[...]
    __rt_lib_init_return                     0x080001ad   Thumb Code     0  libinit2.o(.ARM.Collect$$libinit$$00000033)
    __rt_lib_init_signal_1                   0x080001ad   Thumb Code     0  libinit2.o(.ARM.Collect$$libinit$$0000001D)
    __rt_lib_init_stdio_1                    0x080001ad   Thumb Code     0  libinit2.o(.ARM.Collect$$libinit$$00000025)
    __rt_lib_init_user_alloc_1               0x080001ad   Thumb Code     0  libinit2.o(.ARM.Collect$$libinit$$0000000C)
    __rt_lib_shutdown                        0x080001af   Thumb Code     0  libshutdown.o(.ARM.Collect$$libshutdown$$00000000)
    __rt_lib_shutdown_cpp_1                  0x080001b1   Thumb Code     0  libshutdown2.o(.ARM.Collect$$libshutdown$$00000002)
    __rt_lib_shutdown_fp_trap_1              0x080001b1   Thumb Code     0  libshutdown2.o(.ARM.Collect$$libshutdown$$00000007)
    __rt_lib_shutdown_heap_1                 0x080001b1   Thumb Code     0  libshutdown2.o(.ARM.Collect$$libshutdown$$0000000F)
    __rt_lib_shutdown_return                 0x080001b1   Thumb Code     0  libshutdown2.o(.ARM.Collect$$libshutdown$$00000010)
    __rt_lib_shutdown_signal_1               0x080001b1   Thumb Code     0  libshutdown2.o(.ARM.Collect$$libshutdown$$0000000A)
    __rt_lib_shutdown_stdio_1                0x080001b1   Thumb Code     0  libshutdown2.o(.ARM.Collect$$libshutdown$$00000004)
    __rt_lib_shutdown_user_alloc_1           0x080001b1   Thumb Code     0  libshutdown2.o(.ARM.Collect$$libshutdown$$0000000C)
    __rt_entry                               0x080001b3   Thumb Code     0  __rtentry.o(.ARM.Collect$$rtentry$$00000000)
    __rt_entry_presh_1                       0x080001b3   Thumb Code     0  __rtentry2.o(.ARM.Collect$$rtentry$$00000002)
    __rt_entry_sh                            0x080001b3   Thumb Code     0  __rtentry4.o(.ARM.Collect$$rtentry$$00000004)
    __rt_entry_li                            0x080001b9   Thumb Code     0  __rtentry2.o(.ARM.Collect$$rtentry$$0000000A)
    __rt_entry_postsh_1                      0x080001b9   Thumb Code     0  __rtentry2.o(.ARM.Collect$$rtentry$$00000009)
    __rt_entry_main                          0x080001bd   Thumb Code     0  __rtentry2.o(.ARM.Collect$$rtentry$$0000000D)
    __rt_entry_postli_1                      0x080001bd   Thumb Code     0  __rtentry2.o(.ARM.Collect$$rtentry$$0000000C)
    __rt_exit                                0x080001c5   Thumb Code     0  rtexit.o(.ARM.Collect$$rtexit$$00000000)
    __rt_exit_ls                             0x080001c7   Thumb Code     0  rtexit2.o(.ARM.Collect$$rtexit$$00000003)
    __rt_exit_prels_1                        0x080001c7   Thumb Code     0  rtexit2.o(.ARM.Collect$$rtexit$$00000002)
    __rt_exit_exit                           0x080001cb   Thumb Code     0  rtexit2.o(.ARM.Collect$$rtexit$$00000004)
    WFI_SET                                  0x080001d1   Thumb Code     2  sys.o(.emb_text)
    INTX_DISABLE                             0x080001d3   Thumb Code     2  sys.o(.emb_text)
    INTX_ENABLE                              0x080001d5   Thumb Code     2  sys.o(.emb_text)
    MSR_MSP                                  0x080001d7   Thumb Code     6  sys.o(.emb_text)
    NMI_Handler                              0x080001dd   Thumb Code     2  stm32f10x_it.o(.text)
    HardFault_Handler                        0x080001df   Thumb Code     4  stm32f10x_it.o(.text)
    MemManage_Handler                        0x080001e3   Thumb Code     4  stm32f10x_it.o(.text)
    BusFault_Handler                         0x080001e7   Thumb Code     4  stm32f10x_it.o(.text)
    UsageFault_Handler                       0x080001eb   Thumb Code     4  stm32f10x_it.o(.text)
    SVC_Handler                              0x080001ef   Thumb Code     2  stm32f10x_it.o(.text)
    DebugMon_Handler                         0x080001f1   Thumb Code     2  stm32f10x_it.o(.text)
    PendSV_Handler                           0x080001f3   Thumb Code     2  stm32f10x_it.o(.text)
    SysTick_Handler                          0x080001f5   Thumb Code     2  stm32f10x_it.o(.text)
    SystemInit                               0x080002d7   Thumb Code    78  system_stm32f10x.o(.text)
    SystemCoreClockUpdate                    0x08000325   Thumb Code   142  system_stm32f10x.o(.text)
    main                                     0x080003d9   Thumb Code   138  minibalance.o(.text)
    Reset_Handler                            0x08000479   Thumb Code     8  startup_stm32f10x_md.o(.text)
    ADC1_2_IRQHandler                        0x08000493   Thumb Code     0  startup_stm32f10x_md.o(.text)
    CAN1_RX1_IRQHandler                      0x08000493   Thumb Code     0  startup_stm32f10x_md.o(.text)
    CAN1_SCE_IRQHandler                      0x08000493   Thumb Code     0  startup_stm32f10x_md.o(.text)
    DMA1_Channel1_IRQHandler                 0x08000493   Thumb Code     0  startup_stm32f10x_md.o(.text)
    DMA1_Channel2_IRQHandler                 0x08000493   Thumb Code     0  startup_stm32f10x_md.o(.text)
    DMA1_Channel3_IRQHandler                 0x08000493   Thumb Code     0  startup_stm32f10x_md.o(.text)
    DMA1_Channel4_IRQHandler                 0x08000493   Thumb Code     0  startup_stm32f10x_md.o(.text)
    DMA1_Channel5_IRQHandler                 0x08000493   Thumb Code     0  startup_stm32f10x_md.o(.text)
    DMA1_Channel6_IRQHandler                 0x08000493   Thumb Code     0  startup_stm32f10x_md.o(.text)
    DMA1_Channel7_IRQHandler                 0x08000493   Thumb Code     0  startup_stm32f10x_md.o(.text)
    EXTI0_IRQHandler                         0x08000493   Thumb Code     0  startup_stm32f10x_md.o(.text)
    EXTI1_IRQHandler                         0x08000493   Thumb Code     0  startup_stm32f10x_md.o(.text)
    EXTI2_IRQHandler                         0x08000493   Thumb Code     0  startup_stm32f10x_md.o(.text)
    EXTI3_IRQHandler                         0x08000493   Thumb Code     0  startup_stm32f10x_md.o(.text)
    EXTI4_IRQHandler                         0x08000493   Thumb Code     0  startup_stm32f10x_md.o(.text)
    EXTI9_5_IRQHandler                       0x08000493   Thumb Code     0  startup_stm32f10x_md.o(.text)
    FLASH_IRQHandler                         0x08000493   Thumb Code     0  startup_stm32f10x_md.o(.text)
    I2C1_ER_IRQHandler                       0x08000493   Thumb Code     0  startup_stm32f10x_md.o(.text)
    I2C1_EV_IRQHandler                       0x08000493   Thumb Code     0  startup_stm32f10x_md.o(.text)
    I2C2_ER_IRQHandler                       0x08000493   Thumb Code     0  startup_stm32f10x_md.o(.text)
    I2C2_EV_IRQHandler                       0x08000493   Thumb Code     0  startup_stm32f10x_md.o(.text)
    PVD_IRQHandler                           0x08000493   Thumb Code     0  startup_stm32f10x_md.o(.text)
    RCC_IRQHandler                           0x08000493   Thumb Code     0  startup_stm32f10x_md.o(.text)
    RTCAlarm_IRQHandler                      0x08000493   Thumb Code     0  startup_stm32f10x_md.o(.text)
    RTC_IRQHandler                           0x08000493   Thumb Code     0  startup_stm32f10x_md.o(.text)
    SPI1_IRQHandler                          0x08000493   Thumb Code     0  startup_stm32f10x_md.o(.text)
    SPI2_IRQHandler                          0x08000493   Thumb Code     0  startup_stm32f10x_md.o(.text)
    TAMPER_IRQHandler                        0x08000493   Thumb Code     0  startup_stm32f10x_md.o(.text)
    TIM1_BRK_IRQHandler                      0x08000493   Thumb Code     0  startup_stm32f10x_md.o(.text)
    TIM1_CC_IRQHandler                       0x08000493   Thumb Code     0  startup_stm32f10x_md.o(.text)
    TIM1_TRG_COM_IRQHandler                  0x08000493   Thumb Code     0  startup_stm32f10x_md.o(.text)
    TIM1_UP_IRQHandler                       0x08000493   Thumb Code     0  startup_stm32f10x_md.o(.text)
    USART1_IRQHandler                        0x08000493   Thumb Code     0  startup_stm32f10x_md.o(.text)
    USART2_IRQHandler                        0x08000493   Thumb Code     0  startup_stm32f10x_md.o(.text)
    USBWakeUp_IRQHandler                     0x08000493   Thumb Code     0  startup_stm32f10x_md.o(.text)
    USB_HP_CAN1_TX_IRQHandler                0x08000493   Thumb Code     0  startup_stm32f10x_md.o(.text)
    USB_LP_CAN1_RX0_IRQHandler               0x08000493   Thumb Code     0  startup_stm32f10x_md.o(.text)
    WWDG_IRQHandler                          0x08000493   Thumb Code     0  startup_stm32f10x_md.o(.text)
    __user_initial_stackheap                 0x08000495   Thumb Code     0  startup_stm32f10x_md.o(.text)
    NVIC_PriorityGroupConfig                 0x080004b9   Thumb Code    10  misc.o(.text)
    NVIC_Init                                0x080004c3   Thumb Code   100  misc.o(.text)
    NVIC_SetVectorTable                      0x08000527   Thumb Code    14  misc.o(.text)
    NVIC_SystemLPConfig                      0x08000535   Thumb Code    34  misc.o(.text)
    SysTick_CLKSourceConfig                  0x08000557   Thumb Code    40  misc.o(.text)
    ADC_DeInit                               0x08000595   Thumb Code    78  stm32f10x_adc.o(.text)
    ADC_Init                                 0x080005e3   Thumb Code    70  stm32f10x_adc.o(.text)
    ADC_StructInit                           0x08000629   Thumb Code    18  stm32f10x_adc.o(.text)
    ADC_Cmd                                  0x0800063b   Thumb Code    22  stm32f10x_adc.o(.text)
    ADC_DMACmd                               0x08000651   Thumb Code    22  stm32f10x_adc.o(.text)
    ADC_ITConfig                             0x08000667   Thumb Code    24  stm32f10x_adc.o(.text)
    ADC_ResetCalibration                     0x0800067f   Thumb Code    10  stm32f10x_adc.o(.text)
    ADC_GetResetCalibrationStatus            0x08000689   Thumb Code    20  stm32f10x_adc.o(.text)
    ADC_StartCalibration                     0x0800069d   Thumb Code    10  stm32f10x_adc.o(.text)
    ADC_GetCalibrationStatus                 0x080006a7   Thumb Code    20  stm32f10x_adc.o(.text)
    ADC_SoftwareStartConvCmd                 0x080006bb   Thumb Code    22  stm32f10x_adc.o(.text)
    ADC_GetSoftwareStartConvStatus           0x080006d1   Thumb Code    20  stm32f10x_adc.o(.text)
    ADC_DiscModeChannelCountConfig           0x080006e5   Thumb Code    24  stm32f10x_adc.o(.text)
    ADC_DiscModeCmd                          0x080006fd   Thumb Code    22  stm32f10x_adc.o(.text)
    ADC_RegularChannelConfig                 0x08000713   Thumb Code   184  stm32f10x_adc.o(.text)
    ADC_ExternalTrigConvCmd                  0x080007cb   Thumb Code    22  stm32f10x_adc.o(.text)
    ADC_GetConversionValue                   0x080007e1   Thumb Code     8  stm32f10x_adc.o(.text)
    ADC_GetDualModeConversionValue           0x080007e9   Thumb Code     8  stm32f10x_adc.o(.text)
    ADC_AutoInjectedConvCmd                  0x080007f1   Thumb Code    22  stm32f10x_adc.o(.text)
    ADC_InjectedDiscModeCmd                  0x08000807   Thumb Code    22  stm32f10x_adc.o(.text)
    ADC_ExternalTrigInjectedConvConfig       0x0800081d   Thumb Code    16  stm32f10x_adc.o(.text)
    ADC_ExternalTrigInjectedConvCmd          0x0800082d   Thumb Code    22  stm32f10x_adc.o(.text)
    ADC_SoftwareStartInjectedConvCmd         0x08000843   Thumb Code    22  stm32f10x_adc.o(.text)
    ADC_GetSoftwareStartInjectedConvCmdStatus 0x08000859   Thumb Code    20  stm32f10x_adc.o(.text)
    ADC_InjectedChannelConfig                0x0800086d   Thumb Code   130  stm32f10x_adc.o(.text)
    ADC_InjectedSequencerLengthConfig        0x080008ef   Thumb Code    24  stm32f10x_adc.o(.text)
    ADC_SetInjectedOffset                    0x08000907   Thumb Code    20  stm32f10x_adc.o(.text)
    ADC_GetInjectedConversionValue           0x0800091b   Thumb Code    28  stm32f10x_adc.o(.text)
    ADC_AnalogWatchdogCmd                    0x08000937   Thumb Code    16  stm32f10x_adc.o(.text)
    ADC_AnalogWatchdogThresholdsConfig       0x08000947   Thumb Code     6  stm32f10x_adc.o(.text)
    ADC_AnalogWatchdogSingleChannelConfig    0x0800094d   Thumb Code    16  stm32f10x_adc.o(.text)
    ADC_TempSensorVrefintCmd                 0x0800095d   Thumb Code    64  stm32f10x_adc.o(.text)
    ADC_GetFlagStatus                        0x0800099d   Thumb Code    18  stm32f10x_adc.o(.text)
    ADC_ClearFlag                            0x080009af   Thumb Code     6  stm32f10x_adc.o(.text)
    ADC_GetITStatus                          0x080009b5   Thumb Code    36  stm32f10x_adc.o(.text)
    ADC_ClearITPendingBit                    0x080009d9   Thumb Code    10  stm32f10x_adc.o(.text)
    BKP_DeInit                               0x080009e5   Thumb Code    16  stm32f10x_bkp.o(.text)
    BKP_TamperPinLevelConfig                 0x080009f5   Thumb Code     6  stm32f10x_bkp.o(.text)
    BKP_TamperPinCmd                         0x080009fb   Thumb Code     8  stm32f10x_bkp.o(.text)
    BKP_ITConfig                             0x08000a03   Thumb Code     8  stm32f10x_bkp.o(.text)
    BKP_RTCOutputConfig                      0x08000a0b   Thumb Code    22  stm32f10x_bkp.o(.text)
    BKP_SetRTCCalibrationValue               0x08000a21   Thumb Code    22  stm32f10x_bkp.o(.text)
    BKP_WriteBackupRegister                  0x08000a37   Thumb Code    24  stm32f10x_bkp.o(.text)
    BKP_ReadBackupRegister                   0x08000a4f   Thumb Code    26  stm32f10x_bkp.o(.text)
    BKP_GetFlagStatus                        0x08000a69   Thumb Code    10  stm32f10x_bkp.o(.text)
    BKP_ClearFlag                            0x08000a73   Thumb Code    18  stm32f10x_bkp.o(.text)
    BKP_GetITStatus                          0x08000a85   Thumb Code    10  stm32f10x_bkp.o(.text)
    BKP_ClearITPendingBit                    0x08000a8f   Thumb Code    18  stm32f10x_bkp.o(.text)
    EXTI_DeInit                              0x08000aa9   Thumb Code    28  stm32f10x_exti.o(.text)
    EXTI_Init                                0x08000ac5   Thumb Code   142  stm32f10x_exti.o(.text)
    EXTI_StructInit                          0x08000b53   Thumb Code    16  stm32f10x_exti.o(.text)
    EXTI_GenerateSWInterrupt                 0x08000b63   Thumb Code    16  stm32f10x_exti.o(.text)
    EXTI_GetFlagStatus                       0x08000b73   Thumb Code    22  stm32f10x_exti.o(.text)
    EXTI_ClearFlag                           0x08000b89   Thumb Code     8  stm32f10x_exti.o(.text)
    EXTI_GetITStatus                         0x08000b91   Thumb Code    34  stm32f10x_exti.o(.text)
    EXTI_ClearITPendingBit                   0x08000bb3   Thumb Code     8  stm32f10x_exti.o(.text)
    GPIO_DeInit                              0x08000bc5   Thumb Code   172  stm32f10x_gpio.o(.text)
    GPIO_AFIODeInit                          0x08000c71   Thumb Code    20  stm32f10x_gpio.o(.text)
    GPIO_Init                                0x08000c85   Thumb Code   278  stm32f10x_gpio.o(.text)
    GPIO_StructInit                          0x08000d9b   Thumb Code    16  stm32f10x_gpio.o(.text)
    GPIO_ReadInputDataBit                    0x08000dab   Thumb Code    18  stm32f10x_gpio.o(.text)
    GPIO_ReadInputData                       0x08000dbd   Thumb Code     8  stm32f10x_gpio.o(.text)
    GPIO_ReadOutputDataBit                   0x08000dc5   Thumb Code    18  stm32f10x_gpio.o(.text)
    GPIO_ReadOutputData                      0x08000dd7   Thumb Code     8  stm32f10x_gpio.o(.text)
    GPIO_SetBits                             0x08000ddf   Thumb Code     4  stm32f10x_gpio.o(.text)
    GPIO_ResetBits                           0x08000de3   Thumb Code     4  stm32f10x_gpio.o(.text)
    GPIO_WriteBit                            0x08000de7   Thumb Code    10  stm32f10x_gpio.o(.text)
    GPIO_Write                               0x08000df1   Thumb Code     4  stm32f10x_gpio.o(.text)
    GPIO_PinLockConfig                       0x08000df5   Thumb Code    18  stm32f10x_gpio.o(.text)
    GPIO_EventOutputConfig                   0x08000e07   Thumb Code    26  stm32f10x_gpio.o(.text)
    GPIO_EventOutputCmd                      0x08000e21   Thumb Code     6  stm32f10x_gpio.o(.text)
    GPIO_PinRemapConfig                      0x08000e27   Thumb Code   138  stm32f10x_gpio.o(.text)
    GPIO_EXTILineConfig                      0x08000eb1   Thumb Code    66  stm32f10x_gpio.o(.text)
    GPIO_ETH_MediaInterfaceConfig            0x08000ef3   Thumb Code     8  stm32f10x_gpio.o(.text)
    PWR_DeInit                               0x08000f21   Thumb Code    22  stm32f10x_pwr.o(.text)
    PWR_BackupAccessCmd                      0x08000f37   Thumb Code     6  stm32f10x_pwr.o(.text)
    PWR_PVDCmd                               0x08000f3d   Thumb Code     6  stm32f10x_pwr.o(.text)
    PWR_PVDLevelConfig                       0x08000f43   Thumb Code    18  stm32f10x_pwr.o(.text)
    PWR_WakeUpPinCmd                         0x08000f55   Thumb Code     8  stm32f10x_pwr.o(.text)
    PWR_EnterSTOPMode                        0x08000f5d   Thumb Code    54  stm32f10x_pwr.o(.text)
    PWR_EnterSTANDBYMode                     0x08000f93   Thumb Code    42  stm32f10x_pwr.o(.text)
    PWR_GetFlagStatus                        0x08000fbd   Thumb Code    20  stm32f10x_pwr.o(.text)
    PWR_ClearFlag                            0x08000fd1   Thumb Code    14  stm32f10x_pwr.o(.text)
    RCC_DeInit                               0x08000fed   Thumb Code    64  stm32f10x_rcc.o(.text)
    RCC_HSEConfig                            0x0800102d   Thumb Code    70  stm32f10x_rcc.o(.text)
    RCC_GetFlagStatus                        0x08001073   Thumb Code    56  stm32f10x_rcc.o(.text)
    RCC_WaitForHSEStartUp                    0x080010ab   Thumb Code    56  stm32f10x_rcc.o(.text)
    RCC_AdjustHSICalibrationValue            0x080010e3   Thumb Code    20  stm32f10x_rcc.o(.text)
    RCC_HSICmd                               0x080010f7   Thumb Code     6  stm32f10x_rcc.o(.text)
    RCC_PLLConfig                            0x080010fd   Thumb Code    24  stm32f10x_rcc.o(.text)
    RCC_PLLCmd                               0x08001115   Thumb Code     6  stm32f10x_rcc.o(.text)
    RCC_SYSCLKConfig                         0x0800111b   Thumb Code    18  stm32f10x_rcc.o(.text)
    RCC_GetSYSCLKSource                      0x0800112d   Thumb Code    10  stm32f10x_rcc.o(.text)
    RCC_HCLKConfig                           0x08001137   Thumb Code    18  stm32f10x_rcc.o(.text)
    RCC_PCLK1Config                          0x08001149   Thumb Code    18  stm32f10x_rcc.o(.text)
    RCC_PCLK2Config                          0x0800115b   Thumb Code    20  stm32f10x_rcc.o(.text)
    RCC_ITConfig                             0x0800116f   Thumb Code    26  stm32f10x_rcc.o(.text)
    RCC_USBCLKConfig                         0x08001189   Thumb Code     8  stm32f10x_rcc.o(.text)
    RCC_ADCCLKConfig                         0x08001191   Thumb Code    18  stm32f10x_rcc.o(.text)
    RCC_LSEConfig                            0x080011a3   Thumb Code    50  stm32f10x_rcc.o(.text)
    RCC_LSICmd                               0x080011d5   Thumb Code     6  stm32f10x_rcc.o(.text)
    RCC_RTCCLKConfig                         0x080011db   Thumb Code    12  stm32f10x_rcc.o(.text)
    RCC_RTCCLKCmd                            0x080011e7   Thumb Code     8  stm32f10x_rcc.o(.text)
    RCC_GetClocksFreq                        0x080011ef   Thumb Code   192  stm32f10x_rcc.o(.text)
    RCC_AHBPeriphClockCmd                    0x080012af   Thumb Code    26  stm32f10x_rcc.o(.text)
    RCC_APB2PeriphClockCmd                   0x080012c9   Thumb Code    26  stm32f10x_rcc.o(.text)
    RCC_APB1PeriphClockCmd                   0x080012e3   Thumb Code    26  stm32f10x_rcc.o(.text)
    RCC_APB2PeriphResetCmd                   0x080012fd   Thumb Code    26  stm32f10x_rcc.o(.text)
    RCC_APB1PeriphResetCmd                   0x08001317   Thumb Code    26  stm32f10x_rcc.o(.text)
    RCC_BackupResetCmd                       0x08001331   Thumb Code     8  stm32f10x_rcc.o(.text)
    RCC_ClockSecuritySystemCmd               0x08001339   Thumb Code     6  stm32f10x_rcc.o(.text)
    RCC_MCOConfig                            0x0800133f   Thumb Code     6  stm32f10x_rcc.o(.text)
    RCC_ClearFlag                            0x08001345   Thumb Code    14  stm32f10x_rcc.o(.text)
    RCC_GetITStatus                          0x08001353   Thumb Code    20  stm32f10x_rcc.o(.text)
    RCC_ClearITPendingBit                    0x08001367   Thumb Code     6  stm32f10x_rcc.o(.text)
    TIM_DeInit                               0x08001391   Thumb Code   424  stm32f10x_tim.o(.text)
    TIM_TimeBaseInit                         0x08001539   Thumb Code   122  stm32f10x_tim.o(.text)
    TIM_OC1Init                              0x080015b3   Thumb Code   132  stm32f10x_tim.o(.text)
    TIM_OC2Init                              0x08001637   Thumb Code   154  stm32f10x_tim.o(.text)
    TIM_OC3Init                              0x080016d1   Thumb Code   150  stm32f10x_tim.o(.text)
    TIM_OC4Init                              0x08001767   Thumb Code   182  stm32f10x_tim.o(.text)
    TIM_SetIC4Prescaler                      0x0800181d   Thumb Code    26  stm32f10x_tim.o(.text)
    TIM_SetIC3Prescaler                      0x080018b9   Thumb Code    18  stm32f10x_tim.o(.text)
    TIM_SetIC2Prescaler                      0x08001945   Thumb Code    26  stm32f10x_tim.o(.text)
    TIM_SetIC1Prescaler                      0x080019e1   Thumb Code    18  stm32f10x_tim.o(.text)
    TIM_ICInit                               0x08001a5f   Thumb Code   150  stm32f10x_tim.o(.text)
    TIM_PWMIConfig                           0x08001af5   Thumb Code   124  stm32f10x_tim.o(.text)
    TIM_BDTRConfig                           0x08001b71   Thumb Code    32  stm32f10x_tim.o(.text)
    TIM_TimeBaseStructInit                   0x08001b91   Thumb Code    18  stm32f10x_tim.o(.text)
    TIM_OCStructInit                         0x08001ba3   Thumb Code    20  stm32f10x_tim.o(.text)
    TIM_ICStructInit                         0x08001bb7   Thumb Code    18  stm32f10x_tim.o(.text)
    TIM_BDTRStructInit                       0x08001bc9   Thumb Code    40  stm32f10x_tim.o(.text)
    TIM_Cmd                                  0x08001bf1   Thumb Code    24  stm32f10x_tim.o(.text)
    TIM_CtrlPWMOutputs                       0x08001c09   Thumb Code    30  stm32f10x_tim.o(.text)
    TIM_ITConfig                             0x08001c27   Thumb Code    18  stm32f10x_tim.o(.text)
    TIM_GenerateEvent                        0x08001c39   Thumb Code     4  stm32f10x_tim.o(.text)
    TIM_DMAConfig                            0x08001c3d   Thumb Code    10  stm32f10x_tim.o(.text)
    TIM_DMACmd                               0x08001c47   Thumb Code    18  stm32f10x_tim.o(.text)
    TIM_InternalClockConfig                  0x08001c59   Thumb Code    12  stm32f10x_tim.o(.text)
    TIM_SelectInputTrigger                   0x08001c65   Thumb Code    18  stm32f10x_tim.o(.text)
    TIM_ITRxExternalClockConfig              0x08001c77   Thumb Code    24  stm32f10x_tim.o(.text)
    TIM_TIxExternalClockConfig               0x08001c8f   Thumb Code    62  stm32f10x_tim.o(.text)
    TIM_ETRConfig                            0x08001ccd   Thumb Code    28  stm32f10x_tim.o(.text)
    TIM_ETRClockMode1Config                  0x08001ce9   Thumb Code    54  stm32f10x_tim.o(.text)
    TIM_ETRClockMode2Config                  0x08001d1f   Thumb Code    32  stm32f10x_tim.o(.text)
    TIM_PrescalerConfig                      0x08001d3f   Thumb Code     6  stm32f10x_tim.o(.text)
    TIM_CounterModeConfig                    0x08001d45   Thumb Code    18  stm32f10x_tim.o(.text)
    TIM_EncoderInterfaceConfig               0x08001d57   Thumb Code    66  stm32f10x_tim.o(.text)
    TIM_ForcedOC1Config                      0x08001d99   Thumb Code    18  stm32f10x_tim.o(.text)
    TIM_ForcedOC2Config                      0x08001dab   Thumb Code    26  stm32f10x_tim.o(.text)
    TIM_ForcedOC3Config                      0x08001dc5   Thumb Code    18  stm32f10x_tim.o(.text)
    TIM_ForcedOC4Config                      0x08001dd7   Thumb Code    26  stm32f10x_tim.o(.text)
    TIM_ARRPreloadConfig                     0x08001df1   Thumb Code    24  stm32f10x_tim.o(.text)
    TIM_SelectCOM                            0x08001e09   Thumb Code    24  stm32f10x_tim.o(.text)
    TIM_SelectCCDMA                          0x08001e21   Thumb Code    24  stm32f10x_tim.o(.text)
    TIM_CCPreloadControl                     0x08001e39   Thumb Code    24  stm32f10x_tim.o(.text)
    TIM_OC1PreloadConfig                     0x08001e51   Thumb Code    18  stm32f10x_tim.o(.text)
    TIM_OC2PreloadConfig                     0x08001e63   Thumb Code    26  stm32f10x_tim.o(.text)
    TIM_OC3PreloadConfig                     0x08001e7d   Thumb Code    18  stm32f10x_tim.o(.text)
    TIM_OC4PreloadConfig                     0x08001e8f   Thumb Code    26  stm32f10x_tim.o(.text)
    TIM_OC1FastConfig                        0x08001ea9   Thumb Code    18  stm32f10x_tim.o(.text)
    TIM_OC2FastConfig                        0x08001ebb   Thumb Code    26  stm32f10x_tim.o(.text)
    TIM_OC3FastConfig                        0x08001ed5   Thumb Code    18  stm32f10x_tim.o(.text)
    TIM_OC4FastConfig                        0x08001ee7   Thumb Code    26  stm32f10x_tim.o(.text)
    TIM_ClearOC1Ref                          0x08001f01   Thumb Code    18  stm32f10x_tim.o(.text)
    TIM_ClearOC2Ref                          0x08001f13   Thumb Code    24  stm32f10x_tim.o(.text)
    TIM_ClearOC3Ref                          0x08001f2b   Thumb Code    18  stm32f10x_tim.o(.text)
    TIM_ClearOC4Ref                          0x08001f3d   Thumb Code    24  stm32f10x_tim.o(.text)
    TIM_OC1PolarityConfig                    0x08001f55   Thumb Code    18  stm32f10x_tim.o(.text)
    TIM_OC1NPolarityConfig                   0x08001f67   Thumb Code    18  stm32f10x_tim.o(.text)
    TIM_OC2PolarityConfig                    0x08001f79   Thumb Code    26  stm32f10x_tim.o(.text)
    TIM_OC2NPolarityConfig                   0x08001f93   Thumb Code    26  stm32f10x_tim.o(.text)
    TIM_OC3PolarityConfig                    0x08001fad   Thumb Code    26  stm32f10x_tim.o(.text)
    TIM_OC3NPolarityConfig                   0x08001fc7   Thumb Code    26  stm32f10x_tim.o(.text)
    TIM_OC4PolarityConfig                    0x08001fe1   Thumb Code    26  stm32f10x_tim.o(.text)
    TIM_CCxCmd                               0x08001ffb   Thumb Code    30  stm32f10x_tim.o(.text)
    TIM_CCxNCmd                              0x08002019   Thumb Code    30  stm32f10x_tim.o(.text)
    TIM_SelectOCxM                           0x08002037   Thumb Code    82  stm32f10x_tim.o(.text)
    TIM_UpdateDisableConfig                  0x08002089   Thumb Code    24  stm32f10x_tim.o(.text)
    TIM_UpdateRequestConfig                  0x080020a1   Thumb Code    24  stm32f10x_tim.o(.text)
    TIM_SelectHallSensor                     0x080020b9   Thumb Code    24  stm32f10x_tim.o(.text)
    TIM_SelectOnePulseMode                   0x080020d1   Thumb Code    18  stm32f10x_tim.o(.text)
    TIM_SelectOutputTrigger                  0x080020e3   Thumb Code    18  stm32f10x_tim.o(.text)
    TIM_SelectSlaveMode                      0x080020f5   Thumb Code    18  stm32f10x_tim.o(.text)
    TIM_SelectMasterSlaveMode                0x08002107   Thumb Code    18  stm32f10x_tim.o(.text)
    TIM_SetCounter                           0x08002119   Thumb Code     4  stm32f10x_tim.o(.text)
    TIM_SetAutoreload                        0x0800211d   Thumb Code     4  stm32f10x_tim.o(.text)
    TIM_SetCompare1                          0x08002121   Thumb Code     4  stm32f10x_tim.o(.text)
    TIM_SetCompare2                          0x08002125   Thumb Code     4  stm32f10x_tim.o(.text)
    TIM_SetCompare3                          0x08002129   Thumb Code     4  stm32f10x_tim.o(.text)
    TIM_SetCompare4                          0x0800212d   Thumb Code     6  stm32f10x_tim.o(.text)
    TIM_SetClockDivision                     0x08002133   Thumb Code    18  stm32f10x_tim.o(.text)
    TIM_GetCapture1                          0x08002145   Thumb Code     6  stm32f10x_tim.o(.text)
    TIM_GetCapture2                          0x0800214b   Thumb Code     6  stm32f10x_tim.o(.text)
    TIM_GetCapture3                          0x08002151   Thumb Code     6  stm32f10x_tim.o(.text)
    TIM_GetCapture4                          0x08002157   Thumb Code     8  stm32f10x_tim.o(.text)
    TIM_GetCounter                           0x0800215f   Thumb Code     6  stm32f10x_tim.o(.text)
    TIM_GetPrescaler                         0x08002165   Thumb Code     6  stm32f10x_tim.o(.text)
    TIM_GetFlagStatus                        0x0800216b   Thumb Code    18  stm32f10x_tim.o(.text)
    TIM_ClearFlag                            0x0800217d   Thumb Code     6  stm32f10x_tim.o(.text)
    TIM_GetITStatus                          0x08002183   Thumb Code    34  stm32f10x_tim.o(.text)
    TIM_ClearITPendingBit                    0x080021a5   Thumb Code     6  stm32f10x_tim.o(.text)
    USART_DeInit                             0x080021ad   Thumb Code   134  stm32f10x_usart.o(.text)
    USART_Init                               0x08002233   Thumb Code   210  stm32f10x_usart.o(.text)
    USART_StructInit                         0x08002305   Thumb Code    24  stm32f10x_usart.o(.text)
    USART_ClockInit                          0x0800231d   Thumb Code    34  stm32f10x_usart.o(.text)
    USART_ClockStructInit                    0x0800233f   Thumb Code    12  stm32f10x_usart.o(.text)
    USART_Cmd                                0x0800234b   Thumb Code    24  stm32f10x_usart.o(.text)
    USART_ITConfig                           0x08002363   Thumb Code    74  stm32f10x_usart.o(.text)
    USART_DMACmd                             0x080023ad   Thumb Code    18  stm32f10x_usart.o(.text)
    USART_SetAddress                         0x080023bf   Thumb Code    18  stm32f10x_usart.o(.text)
    USART_WakeUpConfig                       0x080023d1   Thumb Code    18  stm32f10x_usart.o(.text)
    USART_ReceiverWakeUpCmd                  0x080023e3   Thumb Code    24  stm32f10x_usart.o(.text)
    USART_LINBreakDetectLengthConfig         0x080023fb   Thumb Code    18  stm32f10x_usart.o(.text)
    USART_LINCmd                             0x0800240d   Thumb Code    24  stm32f10x_usart.o(.text)
    USART_SendData                           0x08002425   Thumb Code     8  stm32f10x_usart.o(.text)
    USART_ReceiveData                        0x0800242d   Thumb Code    10  stm32f10x_usart.o(.text)
    USART_SendBreak                          0x08002437   Thumb Code    10  stm32f10x_usart.o(.text)
    USART_SetGuardTime                       0x08002441   Thumb Code    16  stm32f10x_usart.o(.text)
    USART_SetPrescaler                       0x08002451   Thumb Code    16  stm32f10x_usart.o(.text)
    USART_SmartCardCmd                       0x08002461   Thumb Code    24  stm32f10x_usart.o(.text)
    USART_SmartCardNACKCmd                   0x08002479   Thumb Code    24  stm32f10x_usart.o(.text)
    USART_HalfDuplexCmd                      0x08002491   Thumb Code    24  stm32f10x_usart.o(.text)
    USART_OverSampling8Cmd                   0x080024a9   Thumb Code    22  stm32f10x_usart.o(.text)
    USART_OneBitMethodCmd                    0x080024bf   Thumb Code    24  stm32f10x_usart.o(.text)
    USART_IrDAConfig                         0x080024d7   Thumb Code    18  stm32f10x_usart.o(.text)
    USART_IrDACmd                            0x080024e9   Thumb Code    24  stm32f10x_usart.o(.text)
    USART_GetFlagStatus                      0x08002501   Thumb Code    26  stm32f10x_usart.o(.text)
    USART_ClearFlag                          0x0800251b   Thumb Code    18  stm32f10x_usart.o(.text)
    USART_GetITStatus                        0x0800252d   Thumb Code    84  stm32f10x_usart.o(.text)
    USART_ClearITPendingBit                  0x08002581   Thumb Code    52  stm32f10x_usart.o(.text)
    delay_init                               0x080025b5   Thumb Code    50  delay.o(.text)
    delay_us                                 0x080025e7   Thumb Code    72  delay.o(.text)
    delay_ms                                 0x0800262f   Thumb Code    72  delay.o(.text)
    MY_NVIC_SetVectorTable                   0x08002689   Thumb Code    12  sys.o(.text)
    MY_NVIC_PriorityGroupConfig              0x08002695   Thumb Code    36  sys.o(.text)
    MY_NVIC_Init                             0x080026b9   Thumb Code   116  sys.o(.text)
    Ex_NVIC_Config                           0x0800272d   Thumb Code   146  sys.o(.text)
    MYRCC_DeInit                             0x080027bf   Thumb Code    90  sys.o(.text)
    Sys_Standby                              0x08002819   Thumb Code    68  sys.o(.text)
    Sys_Soft_Reset                           0x0800285d   Thumb Code    12  sys.o(.text)
    JTAG_Set                                 0x08002869   Thumb Code    42  sys.o(.text)
    Stm32_Clock_Init                         0x08002893   Thumb Code   134  sys.o(.text)
    _sys_exit                                0x08002945   Thumb Code     6  usart.o(.text)
    fputc                                    0x0800294b   Thumb Code    54  usart.o(.text)
    uart_init                                0x08002981   Thumb Code   124  usart.o(.text)
    LED_Init                                 0x08002a0d   Thumb Code    36  led.o(.text)
    Led_Flash                                0x08002a31   Thumb Code    44  led.o(.text)
    KEY_Init                                 0x08002a6d   Thumb Code    32  key.o(.text)
    click_N_Double                           0x08002a8d   Thumb Code   184  key.o(.text)
    click                                    0x08002b45   Thumb Code    38  key.o(.text)
    Long_Press                               0x08002b6b   Thumb Code    72  key.o(.text)
    OLED_WR_Byte                             0x08002bdd   Thumb Code    78  oled.o(.text)
    OLED_Refresh_Gram                        0x08002c2b   Thumb Code    70  oled.o(.text)
    OLED_Display_On                          0x08002c71   Thumb Code    28  oled.o(.text)
    OLED_Display_Off                         0x08002c8d   Thumb Code    28  oled.o(.text)
    OLED_Clear                               0x08002ca9   Thumb Code    42  oled.o(.text)
    OLED_DrawPoint                           0x08002cd3   Thumb Code   100  oled.o(.text)
    OLED_ShowChar                            0x08002d37   Thumb Code   158  oled.o(.text)
    oled_pow                                 0x08002dd5   Thumb Code    22  oled.o(.text)
    OLED_ShowNumber                          0x08002deb   Thumb Code   148  oled.o(.text)
    OLED_ShowString                          0x08002e7f   Thumb Code    68  oled.o(.text)
    OLED_Init                                0x08002ec3   Thumb Code   360  oled.o(.text)
    Adc_Init                                 0x0800302d   Thumb Code   132  adc.o(.text)
    Get_Adc                                  0x080030b1   Thumb Code    46  adc.o(.text)
    Get_battery_volt                         0x080030df   Thumb Code    78  adc.o(.text)
    TIM3_Cap_Init                            0x08003145   Thumb Code   174  timer.o(.text)
    Read_Distane                             0x080031f3   Thumb Code    94  timer.o(.text)
    TIM3_IRQHandler                          0x08003251   Thumb Code   186  timer.o(.text)
    MiniBalance_Motor_Init                   0x0800332d   Thumb Code    40  motor.o(.text)
    MiniBalance_PWM_Init                     0x08003355   Thumb Code   164  motor.o(.text)
    Encoder_Init_TIM2                        0x08003405   Thumb Code   154  encoder.o(.text)
    Encoder_Init_TIM4                        0x0800349f   Thumb Code   148  encoder.o(.text)
    Read_Encoder                             0x08003533   Thumb Code    74  encoder.o(.text)
    TIM4_IRQHandler                          0x0800357d   Thumb Code    24  encoder.o(.text)
    TIM2_IRQHandler                          0x08003595   Thumb Code    24  encoder.o(.text)
    IIC_Init                                 0x080035bd   Thumb Code    40  ioi2c.o(.text)
    IIC_Start                                0x080035e5   Thumb Code    96  ioi2c.o(.text)
    IIC_Stop                                 0x08003645   Thumb Code    68  ioi2c.o(.text)
    IIC_Wait_Ack                             0x08003689   Thumb Code    96  ioi2c.o(.text)
    IIC_Ack                                  0x080036e9   Thumb Code    72  ioi2c.o(.text)
    IIC_NAck                                 0x08003731   Thumb Code    70  ioi2c.o(.text)
    IIC_Send_Byte                            0x08003777   Thumb Code    94  ioi2c.o(.text)
    i2cWrite                                 0x080037d5   Thumb Code    96  ioi2c.o(.text)
    IIC_Read_Byte                            0x08003835   Thumb Code   104  ioi2c.o(.text)
    i2cRead                                  0x0800389d   Thumb Code   118  ioi2c.o(.text)
    I2C_ReadOneByte                          0x08003913   Thumb Code    70  ioi2c.o(.text)
    IICreadBytes                             0x08003959   Thumb Code   112  ioi2c.o(.text)
    IICwriteBytes                            0x080039c9   Thumb Code    70  ioi2c.o(.text)
    IICreadByte                              0x08003a0f   Thumb Code    22  ioi2c.o(.text)
    IICwriteByte                             0x08003a25   Thumb Code    20  ioi2c.o(.text)
    IICwriteBits                             0x08003a39   Thumb Code   106  ioi2c.o(.text)
    IICwriteBit                              0x08003aa3   Thumb Code    64  ioi2c.o(.text)
    uart3_init                               0x08003ae5   Thumb Code   158  usart3.o(.text)
    USART3_IRQHandler                        0x08003b83   Thumb Code   586  usart3.o(.text)
    MiniBalance_EXTI_Init                    0x08003e05   Thumb Code   108  exti.o(.text)
    myabs                                    0x08003e75   Thumb Code    14  control.o(.text)
    Set_Pwm                                  0x08003e83   Thumb Code   102  control.o(.text)
    Turn_Off                                 0x08003ee9   Thumb Code    78  control.o(.text)
    Put_Down                                 0x08003f37   Thumb Code   126  control.o(.text)
    Pick_Up                                  0x08003fb5   Thumb Code   202  control.o(.text)
    Xianfu_Pwm                               0x0800407f   Thumb Code    98  control.o(.text)
    turn                                     0x080040e1   Thumb Code   348  control.o(.text)
    velocity                                 0x0800423d   Thumb Code   590  control.o(.text)
    balance                                  0x0800448b   Thumb Code    64  control.o(.text)
    Key                                      0x080044cb   Thumb Code    78  control.o(.text)
    Get_Angle                                0x08004519   Thumb Code   448  control.o(.text)
    EXTI15_10_IRQHandler                     0x080046d9   Thumb Code   498  control.o(.text)
    mpu_reg_dump                             0x08004993   Thumb Code    72  inv_mpu.o(.text)
    mpu_read_reg                             0x080049db   Thumb Code    66  inv_mpu.o(.text)
    mpu_set_int_latched                      0x08004a1d   Thumb Code   102  inv_mpu.o(.text)
    mpu_set_sensors                          0x08004a83   Thumb Code   202  inv_mpu.o(.text)
    mpu_set_bypass                           0x08004b4d   Thumb Code   328  inv_mpu.o(.text)
    mpu_reset_fifo                           0x08004c95   Thumb Code   444  inv_mpu.o(.text)
    mpu_configure_fifo                       0x08004e51   Thumb Code   106  inv_mpu.o(.text)
    mpu_set_lpf                              0x08004ebb   Thumb Code   126  inv_mpu.o(.text)
    mpu_lp_accel_mode                        0x08004f39   Thumb Code   218  inv_mpu.o(.text)
    mpu_set_sample_rate                      0x08005013   Thumb Code   152  inv_mpu.o(.text)
    mpu_set_accel_fsr                        0x080050ab   Thumb Code   132  inv_mpu.o(.text)
    mpu_set_gyro_fsr                         0x0800512f   Thumb Code   132  inv_mpu.o(.text)
    mpu_init                                 0x080051b3   Thumb Code   416  inv_mpu.o(.text)
    myget_ms                                 0x08005353   Thumb Code     2  inv_mpu.o(.text)
    mpu_get_gyro_reg                         0x08005355   Thumb Code   110  inv_mpu.o(.text)
    mpu_get_accel_reg                        0x080053c3   Thumb Code   110  inv_mpu.o(.text)
    mpu_get_temperature                      0x08005431   Thumb Code   150  inv_mpu.o(.text)
    mpu_set_accel_bias                       0x080054c7   Thumb Code   468  inv_mpu.o(.text)
    mpu_get_gyro_fsr                         0x0800569b   Thumb Code    64  inv_mpu.o(.text)
    mpu_get_accel_fsr                        0x080056db   Thumb Code    72  inv_mpu.o(.text)
    mpu_get_lpf                              0x08005723   Thumb Code    74  inv_mpu.o(.text)
    mpu_get_sample_rate                      0x0800576d   Thumb Code    26  inv_mpu.o(.text)
    mpu_get_compass_sample_rate              0x08005787   Thumb Code    10  inv_mpu.o(.text)
    mpu_set_compass_sample_rate              0x08005791   Thumb Code     8  inv_mpu.o(.text)
    mpu_get_gyro_sens                        0x08005799   Thumb Code    58  inv_mpu.o(.text)
    mpu_get_accel_sens                       0x080057d3   Thumb Code    78  inv_mpu.o(.text)
    mpu_get_fifo_config                      0x08005821   Thumb Code    12  inv_mpu.o(.text)
    mpu_get_power_state                      0x0800582d   Thumb Code    22  inv_mpu.o(.text)
    mpu_get_int_status                       0x08005843   Thumb Code    64  inv_mpu.o(.text)
    mpu_read_fifo                            0x08005883   Thumb Code   520  inv_mpu.o(.text)
    mpu_read_fifo_stream                     0x08005a8b   Thumb Code   186  inv_mpu.o(.text)
    mpu_set_int_level                        0x08005b45   Thumb Code    12  inv_mpu.o(.text)
    mpu_set_dmp_state                        0x08006225   Thumb Code   138  inv_mpu.o(.text)
    mpu_run_self_test                        0x080062af   Thumb Code   278  inv_mpu.o(.text)
    mpu_write_mem                            0x080063c5   Thumb Code   122  inv_mpu.o(.text)
    mpu_read_mem                             0x0800643f   Thumb Code   122  inv_mpu.o(.text)
    mpu_load_firmware                        0x080064b9   Thumb Code   190  inv_mpu.o(.text)
    mpu_get_dmp_state                        0x08006577   Thumb Code    14  inv_mpu.o(.text)
    mpu_get_compass_reg                      0x08006585   Thumb Code     8  inv_mpu.o(.text)
    mpu_get_compass_fsr                      0x0800658d   Thumb Code     8  inv_mpu.o(.text)
    mpu_lp_motion_interrupt                  0x08006595   Thumb Code   512  inv_mpu.o(.text)
    dmp_load_motion_driver_firmware          0x08006799   Thumb Code    20  inv_mpu_dmp_motion_driver.o(.text)
    dmp_set_orientation                      0x080067ad   Thumb Code   290  inv_mpu_dmp_motion_driver.o(.text)
    dmp_set_gyro_bias                        0x080068cf   Thumb Code   294  inv_mpu_dmp_motion_driver.o(.text)
    dmp_set_accel_bias                       0x080069f5   Thumb Code   300  inv_mpu_dmp_motion_driver.o(.text)
    dmp_set_fifo_rate                        0x08006b21   Thumb Code   136  inv_mpu_dmp_motion_driver.o(.text)
    dmp_get_fifo_rate                        0x08006ba9   Thumb Code    12  inv_mpu_dmp_motion_driver.o(.text)
    dmp_set_tap_thresh                       0x08006bb5   Thumb Code   396  inv_mpu_dmp_motion_driver.o(.text)
    dmp_set_tap_axes                         0x08006d41   Thumb Code    70  inv_mpu_dmp_motion_driver.o(.text)
    dmp_set_tap_count                        0x08006d87   Thumb Code    38  inv_mpu_dmp_motion_driver.o(.text)
    dmp_set_tap_time                         0x08006dad   Thumb Code    38  inv_mpu_dmp_motion_driver.o(.text)
    dmp_set_tap_time_multi                   0x08006dd3   Thumb Code    38  inv_mpu_dmp_motion_driver.o(.text)
    dmp_set_shake_reject_thresh              0x08006df9   Thumb Code    56  inv_mpu_dmp_motion_driver.o(.text)
    dmp_set_shake_reject_time                0x08006e31   Thumb Code    38  inv_mpu_dmp_motion_driver.o(.text)
    dmp_set_shake_reject_timeout             0x08006e57   Thumb Code    38  inv_mpu_dmp_motion_driver.o(.text)
    dmp_get_pedometer_step_count             0x08006e7d   Thumb Code    66  inv_mpu_dmp_motion_driver.o(.text)
    dmp_set_pedometer_step_count             0x08006ebf   Thumb Code    42  inv_mpu_dmp_motion_driver.o(.text)
    dmp_get_pedometer_walk_time              0x08006ee9   Thumb Code    72  inv_mpu_dmp_motion_driver.o(.text)
    dmp_set_pedometer_walk_time              0x08006f31   Thumb Code    48  inv_mpu_dmp_motion_driver.o(.text)
    dmp_enable_6x_lp_quat                    0x08006f61   Thumb Code    84  inv_mpu_dmp_motion_driver.o(.text)
    dmp_enable_lp_quat                       0x08006fb5   Thumb Code    60  inv_mpu_dmp_motion_driver.o(.text)
    dmp_enable_gyro_cal                      0x08006ff1   Thumb Code    62  inv_mpu_dmp_motion_driver.o(.text)
    dmp_enable_feature                       0x0800702f   Thumb Code   530  inv_mpu_dmp_motion_driver.o(.text)
    dmp_get_enabled_features                 0x08007241   Thumb Code    12  inv_mpu_dmp_motion_driver.o(.text)
    dmp_set_interrupt_mode                   0x080072ab   Thumb Code    66  inv_mpu_dmp_motion_driver.o(.text)
    dmp_read_fifo                            0x080072ed   Thumb Code   514  inv_mpu_dmp_motion_driver.o(.text)
    dmp_register_tap_cb                      0x080074ef   Thumb Code    10  inv_mpu_dmp_motion_driver.o(.text)
    dmp_register_android_orient_cb           0x080074f9   Thumb Code    10  inv_mpu_dmp_motion_driver.o(.text)
    MPU6050_newValues                        0x08007615   Thumb Code   494  mpu6050.o(.text)
    MPU6050_setClockSource                   0x08007803   Thumb Code    20  mpu6050.o(.text)
    MPU6050_setFullScaleGyroRange            0x08007817   Thumb Code    20  mpu6050.o(.text)
    MPU6050_setFullScaleAccelRange           0x0800782b   Thumb Code    20  mpu6050.o(.text)
    MPU6050_setSleepEnabled                  0x0800783f   Thumb Code    18  mpu6050.o(.text)
    MPU6050_getDeviceID                      0x08007851   Thumb Code    20  mpu6050.o(.text)
    MPU6050_testConnection                   0x08007865   Thumb Code    18  mpu6050.o(.text)
    MPU6050_setI2CMasterModeEnabled          0x08007877   Thumb Code    18  mpu6050.o(.text)
    MPU6050_setI2CBypassEnabled              0x08007889   Thumb Code    18  mpu6050.o(.text)
    MPU6050_initialize                       0x0800789b   Thumb Code    40  mpu6050.o(.text)
    DMP_Init                                 0x080078c3   Thumb Code   206  mpu6050.o(.text)
    Read_DMP                                 0x08007991   Thumb Code   802  mpu6050.o(.text)
    Read_Temperature                         0x08007cb3   Thumb Code   110  mpu6050.o(.text)
    oled_show                                0x08007d4d   Thumb Code   558  show.o(.text)
    APP_Show                                 0x08007f7b   Thumb Code   112  show.o(.text)
    Kalman_Filter                            0x0800807d   Thumb Code   558  filter.o(.text)
    Yijielvbo                                0x080082ab   Thumb Code   132  filter.o(.text)
    __use_no_semihosting                     0x08008385   Thumb Code     2  use_no_semi_2.o(.text)
    __aeabi_ldivmod                          0x08008387   Thumb Code     0  llsdiv.o(.text)
    _ll_sdiv                                 0x08008387   Thumb Code    72  llsdiv.o(.text)
    __2printf                                0x080083d1   Thumb Code    20  noretval__2printf.o(.text)
    __printf                                 0x080083e9   Thumb Code   104  __printf.o(.text)
    _printf_int_dec                          0x08008451   Thumb Code   104  _printf_dec.o(.text)
    memcmp                                   0x080084c9   Thumb Code    88  memcmp.o(.text)
    __aeabi_memset                           0x08008521   Thumb Code    16  aeabi_memset.o(.text)
    __use_two_region_memory                  0x08008531   Thumb Code     2  heapauxi.o(.text)
    __rt_heap_escrow$2region                 0x08008533   Thumb Code     2  heapauxi.o(.text)
    __rt_heap_expand$2region                 0x08008535   Thumb Code     2  heapauxi.o(.text)
    __I$use$semihosting                      0x08008537   Thumb Code     0  use_no_semi.o(.text)
    __use_no_semihosting_swi                 0x08008537   Thumb Code     2  use_no_semi.o(.text)
    __aeabi_uldivmod                         0x08008539   Thumb Code     0  lludivv7m.o(.text)
    _ll_udiv                                 0x08008539   Thumb Code   238  lludivv7m.o(.text)
    __read_errno                             0x08008627   Thumb Code    10  _rserrno.o(.text)
    __set_errno                              0x08008631   Thumb Code    12  _rserrno.o(.text)
    _printf_int_common                       0x0800863d   Thumb Code   178  _printf_intcommon.o(.text)
    _printf_char_file                        0x080086f1   Thumb Code    32  _printf_char_file.o(.text)
    __aeabi_memclr                           0x08008715   Thumb Code     0  rt_memclr.o(.text)
    __rt_memclr                              0x08008715   Thumb Code    68  rt_memclr.o(.text)
    _memset                                  0x08008719   Thumb Code     0  rt_memclr.o(.text)
    __aeabi_errno_addr                       0x08008759   Thumb Code     8  rt_errno_addr_intlibspace.o(.text)
    __errno$intlibspace                      0x08008759   Thumb Code     0  rt_errno_addr_intlibspace.o(.text)
    __rt_errno_addr$intlibspace              0x08008759   Thumb Code     0  rt_errno_addr_intlibspace.o(.text)
    _printf_char_common                      0x0800876b   Thumb Code    32  _printf_char_common.o(.text)
    ferror                                   0x08008791   Thumb Code     8  ferror.o(.text)
    __aeabi_memclr4                          0x08008799   Thumb Code     0  rt_memclr_w.o(.text)
    __aeabi_memclr8                          0x08008799   Thumb Code     0  rt_memclr_w.o(.text)
    __rt_memclr_w                            0x08008799   Thumb Code    78  rt_memclr_w.o(.text)
    _memset_w                                0x0800879d   Thumb Code     0  rt_memclr_w.o(.text)
    __user_libspace                          0x080087e9   Thumb Code     8  libspace.o(.text)
    __user_perproc_libspace                  0x080087e9   Thumb Code     0  libspace.o(.text)
    __user_perthread_libspace                0x080087e9   Thumb Code     0  libspace.o(.text)
    __user_setup_stackheap                   0x080087f1   Thumb Code    74  sys_stackheap_outer.o(.text)
    exit                                     0x0800883b   Thumb Code    18  exit.o(.text)
    __ARM_fpclassify                         0x0800884d   Thumb Code    40  fpclassify.o(i.__ARM_fpclassify)
    __kernel_poly                            0x08008875   Thumb Code   170  poly.o(i.__kernel_poly)
    __mathlib_dbl_infnan                     0x0800891f   Thumb Code     6  dunder.o(i.__mathlib_dbl_infnan)
    __mathlib_dbl_infnan2                    0x08008925   Thumb Code     4  dunder.o(i.__mathlib_dbl_infnan2)
    __mathlib_dbl_invalid                    0x08008929   Thumb Code    12  dunder.o(i.__mathlib_dbl_invalid)
    __mathlib_dbl_underflow                  0x08008935   Thumb Code    10  dunder.o(i.__mathlib_dbl_underflow)
    asin                                     0x08008945   Thumb Code   572  asin.o(i.asin)
    atan                                     0x08008bb5   Thumb Code   474  atan.o(i.atan)
    atan2                                    0x08008dd5   Thumb Code   346  atan2.o(i.atan2)
    sqrt                                     0x08008f55   Thumb Code    76  sqrt.o(i.sqrt)
    __aeabi_d2f                              0x08008fa1   Thumb Code     0  d2f.o(x$fpl$d2f)
    _d2f                                     0x08008fa1   Thumb Code    98  d2f.o(x$fpl$d2f)
    __aeabi_dadd                             0x08009005   Thumb Code     0  daddsub_clz.o(x$fpl$dadd)
    _dadd                                    0x08009005   Thumb Code   332  daddsub_clz.o(x$fpl$dadd)
    __fpl_dcheck_NaN1                        0x08009155   Thumb Code    10  dcheck1.o(x$fpl$dcheck1)
    __fpl_dcmp_Inf                           0x08009165   Thumb Code    24  dcmpi.o(x$fpl$dcmpinf)
    __aeabi_ddiv                             0x0800917d   Thumb Code     0  ddiv.o(x$fpl$ddiv)
    _ddiv                                    0x0800917d   Thumb Code   552  ddiv.o(x$fpl$ddiv)
    __aeabi_d2iz                             0x0800942d   Thumb Code     0  dfix.o(x$fpl$dfix)
    _dfix                                    0x0800942d   Thumb Code    94  dfix.o(x$fpl$dfix)
    __aeabi_i2d                              0x0800948b   Thumb Code     0  dflt_clz.o(x$fpl$dflt)
    _dflt                                    0x0800948b   Thumb Code    46  dflt_clz.o(x$fpl$dflt)
    __aeabi_ui2d                             0x080094b9   Thumb Code     0  dflt_clz.o(x$fpl$dfltu)
    _dfltu                                   0x080094b9   Thumb Code    38  dflt_clz.o(x$fpl$dfltu)
    __aeabi_cdcmple                          0x080094e1   Thumb Code     0  dleqf.o(x$fpl$dleqf)
    _dcmple                                  0x080094e1   Thumb Code   120  dleqf.o(x$fpl$dleqf)
    __fpl_dcmple_InfNaN                      0x08009543   Thumb Code     0  dleqf.o(x$fpl$dleqf)
    __aeabi_dmul                             0x08009559   Thumb Code     0  dmul.o(x$fpl$dmul)
    _dmul                                    0x08009559   Thumb Code   332  dmul.o(x$fpl$dmul)
    __fpl_dnaninf                            0x080096ad   Thumb Code   156  dnaninf.o(x$fpl$dnaninf)
    __fpl_dretinf                            0x08009749   Thumb Code    12  dretinf.o(x$fpl$dretinf)
    __aeabi_drsub                            0x08009755   Thumb Code     0  daddsub_clz.o(x$fpl$drsb)
    _drsb                                    0x08009755   Thumb Code    22  daddsub_clz.o(x$fpl$drsb)
    _dsqrt                                   0x0800976d   Thumb Code   456  dsqrt_noumaal.o(x$fpl$dsqrt)
    __aeabi_dsub                             0x08009939   Thumb Code     0  daddsub_clz.o(x$fpl$dsub)
    _dsub                                    0x08009939   Thumb Code   464  daddsub_clz.o(x$fpl$dsub)
    __aeabi_f2d                              0x08009b0d   Thumb Code     0  f2d.o(x$fpl$f2d)
    _f2d                                     0x08009b0d   Thumb Code    86  f2d.o(x$fpl$f2d)
    __aeabi_fadd                             0x08009b65   Thumb Code     0  faddsub_clz.o(x$fpl$fadd)
    _fadd                                    0x08009b65   Thumb Code   196  faddsub_clz.o(x$fpl$fadd)
    __fpl_fcmp_Inf                           0x08009c29   Thumb Code    24  fcmpi.o(x$fpl$fcmpinf)
    __aeabi_fdiv                             0x08009c41   Thumb Code     0  fdiv.o(x$fpl$fdiv)
    _fdiv                                    0x08009c41   Thumb Code   384  fdiv.o(x$fpl$fdiv)
    __aeabi_cfcmpeq                          0x08009dc5   Thumb Code     0  feqf.o(x$fpl$feqf)
    _fcmpeq                                  0x08009dc5   Thumb Code   104  feqf.o(x$fpl$feqf)
    __aeabi_f2iz                             0x08009e2d   Thumb Code     0  ffix.o(x$fpl$ffix)
    _ffix                                    0x08009e2d   Thumb Code    54  ffix.o(x$fpl$ffix)
    __aeabi_f2uiz                            0x08009e65   Thumb Code     0  ffixu.o(x$fpl$ffixu)
    _ffixu                                   0x08009e65   Thumb Code    62  ffixu.o(x$fpl$ffixu)
    __aeabi_i2f                              0x08009ea5   Thumb Code     0  fflt_clz.o(x$fpl$fflt)
    _fflt                                    0x08009ea5   Thumb Code    48  fflt_clz.o(x$fpl$fflt)
    __aeabi_ui2f                             0x08009ed5   Thumb Code     0  fflt_clz.o(x$fpl$ffltu)
    _ffltu                                   0x08009ed5   Thumb Code    38  fflt_clz.o(x$fpl$ffltu)
    __aeabi_cfcmple                          0x08009efd   Thumb Code     0  fleqf.o(x$fpl$fleqf)
    _fcmple                                  0x08009efd   Thumb Code   104  fleqf.o(x$fpl$fleqf)
    __fpl_fcmple_InfNaN                      0x08009f4f   Thumb Code     0  fleqf.o(x$fpl$fleqf)
    __aeabi_fmul                             0x08009f65   Thumb Code     0  fmul.o(x$fpl$fmul)
    _fmul                                    0x08009f65   Thumb Code   258  fmul.o(x$fpl$fmul)
    __fpl_fnaninf                            0x0800a067   Thumb Code   140  fnaninf.o(x$fpl$fnaninf)
    __fpl_fretinf                            0x0800a0f3   Thumb Code    10  fretinf.o(x$fpl$fretinf)
    __aeabi_cfrcmple                         0x0800a0fd   Thumb Code     0  frleqf.o(x$fpl$frleqf)
    _frcmple                                 0x0800a0fd   Thumb Code    98  frleqf.o(x$fpl$frleqf)
    __aeabi_frsub                            0x0800a15f   Thumb Code     0  faddsub_clz.o(x$fpl$frsb)
    _frsb                                    0x0800a15f   Thumb Code    20  faddsub_clz.o(x$fpl$frsb)
    __aeabi_fsub                             0x0800a175   Thumb Code     0  faddsub_clz.o(x$fpl$fsub)
    _fsub                                    0x0800a175   Thumb Code   234  faddsub_clz.o(x$fpl$fsub)
    __fpl_return_NaN                         0x0800a25f   Thumb Code   100  retnan.o(x$fpl$retnan)
    __ARM_scalbn                             0x0800a2c3   Thumb Code    92  scalbn.o(x$fpl$scalbn)
    __fpl_cmpreturn                          0x0800a31f   Thumb Code    48  trapv.o(x$fpl$trapveneer)
    __I$use$fp                               0x0800a34e   Number         0  usenofp.o(x$fpl$usenofp)
    oled_asc2_1206                           0x0800a34e   Data        1140  oled.o(.constdata)
    oled_asc2_1608                           0x0800a7c2   Data        1520  oled.o(.constdata)
    hw                                       0x0800adb4   Data          12  inv_mpu.o(.constdata)
    reg                                      0x0800adc0   Data          27  inv_mpu.o(.constdata)
    test                                     0x0800addc   Data          40  inv_mpu.o(.constdata)
    __mathlib_zero                           0x0800bae8   Data           8  qnan.o(.constdata)
    Region$$Table$$Base                      0x0800bb40   Number         0  anon$$obj.o(Region$$Table)
    Region$$Table$$Limit                     0x0800bb60   Number         0  anon$$obj.o(Region$$Table)
    SystemCoreClock                          0x20000000   Data           4  system_stm32f10x.o(.data)
    AHBPrescTable                            0x20000004   Data          16  system_stm32f10x.o(.data)
    Way_Angle                                0x20000014   Data           1  minibalance.o(.data)
    Flag_Qian                                0x20000015   Data           1  minibalance.o(.data)
    Flag_Hou                                 0x20000016   Data           1  minibalance.o(.data)
    Flag_Left                                0x20000017   Data           1  minibalance.o(.data)
    Flag_Right                               0x20000018   Data           1  minibalance.o(.data)
    Flag_sudu                                0x20000019   Data           1  minibalance.o(.data)
    Flag_Stop                                0x2000001a   Data           1  minibalance.o(.data)
    Flag_Show                                0x2000001b   Data           1  minibalance.o(.data)
    Encoder_Left                             0x2000001c   Data           4  minibalance.o(.data)
    Encoder_Right                            0x20000020   Data           4  minibalance.o(.data)
    Moto1                                    0x20000024   Data           4  minibalance.o(.data)
    Moto2                                    0x20000028   Data           4  minibalance.o(.data)
    Temperature                              0x2000002c   Data           4  minibalance.o(.data)
    Voltage                                  0x20000030   Data           4  minibalance.o(.data)
    Roll                                     0x20000034   Data           4  minibalance.o(.data)
    Angle_Balance                            0x20000038   Data           4  minibalance.o(.data)
    Gyro_Balance                             0x2000003c   Data           4  minibalance.o(.data)
    Gyro_Turn                                0x20000040   Data           4  minibalance.o(.data)
    Show_Data_Mb                             0x20000044   Data           4  minibalance.o(.data)
    Distance                                 0x20000048   Data           4  minibalance.o(.data)
    delay_50                                 0x2000004c   Data           1  minibalance.o(.data)
    delay_flag                               0x2000004d   Data           1  minibalance.o(.data)
    Bi_zhang                                 0x2000004e   Data           1  minibalance.o(.data)
    Acceleration_Z                           0x20000050   Data           4  minibalance.o(.data)
    __stdout                                 0x2000006c   Data           4  usart.o(.data)
    TIM3CH3_CAPTURE_STA                      0x20000082   Data           2  timer.o(.data)
    TIM3CH3_CAPTURE_VAL                      0x20000084   Data           2  timer.o(.data)
    read_UART3                               0x20000088   Data           4  usart3.o(.data)
    Usart3_Receive                           0x2000008c   Data           1  usart3.o(.data)
    mode_data                                0x2000008d   Data           8  usart3.o(.data)
    six_data_stop                            0x20000095   Data           3  usart3.o(.data)
    six_data_start                           0x20000098   Data           3  usart3.o(.data)
    Balance_Pwm                              0x200000a0   Data           4  control.o(.data)
    Velocity_Pwm                             0x200000a4   Data           4  control.o(.data)
    Turn_Pwm                                 0x200000a8   Data           4  control.o(.data)
    Flag_Target                              0x200000ac   Data           1  control.o(.data)
    gyro                                     0x20000114   Data           6  mpu6050.o(.data)
    accel                                    0x2000011a   Data           6  mpu6050.o(.data)
    sensors                                  0x20000120   Data           2  mpu6050.o(.data)
    Pitch                                    0x20000124   Data           4  mpu6050.o(.data)
    q0                                       0x20000128   Data           4  mpu6050.o(.data)
    q1                                       0x2000012c   Data           4  mpu6050.o(.data)
    q2                                       0x20000130   Data           4  mpu6050.o(.data)
    q3                                       0x20000134   Data           4  mpu6050.o(.data)
    Gx_offset                                0x20000142   Data           2  mpu6050.o(.data)
    Gy_offset                                0x20000144   Data           2  mpu6050.o(.data)
    Gz_offset                                0x20000146   Data           2  mpu6050.o(.data)
    K1                                       0x20000148   Data           4  filter.o(.data)
    angle                                    0x2000014c   Data           4  filter.o(.data)
    angle_dot                                0x20000150   Data           4  filter.o(.data)
    Q_angle                                  0x20000154   Data           4  filter.o(.data)
    Q_gyro                                   0x20000158   Data           4  filter.o(.data)
    R_angle                                  0x2000015c   Data           4  filter.o(.data)
    dt                                       0x20000160   Data           4  filter.o(.data)
    C_0                                      0x20000164   Data           1  filter.o(.data)
    Q_bias                                   0x20000168   Data           4  filter.o(.data)
    Angle_err                                0x2000016c   Data           4  filter.o(.data)
    PCt_0                                    0x20000170   Data           4  filter.o(.data)
    PCt_1                                    0x20000174   Data           4  filter.o(.data)
    E                                        0x20000178   Data           4  filter.o(.data)
    K_0                                      0x2000017c   Data           4  filter.o(.data)
    K_1                                      0x20000180   Data           4  filter.o(.data)
    t_0                                      0x20000184   Data           4  filter.o(.data)
    t_1                                      0x20000188   Data           4  filter.o(.data)
    PP                                       0x2000018c   Data          16  filter.o(.data)
    OLED_GRAM                                0x2000019c   Data        1024  oled.o(.bss)
    TIM3_ICInitStructure                     0x2000059c   Data          10  timer.o(.bss)
    buffer                                   0x200005b8   Data          14  mpu6050.o(.bss)
    MPU6050_FIFO                             0x200005c6   Data         132  mpu6050.o(.bss)
    Pdot                                     0x2000064c   Data          16  filter.o(.bss)
    __libspace_start                         0x2000065c   Data          96  libspace.o(.bss)
    __temporary_stack_top$libspace           0x200006bc   Data           0  libspace.o(.bss)



==============================================================================

Memory Map of the image

  Image Entry point : 0x080000ed

  Load Region LR_IROM1 (Base: 0x08000000, Size: 0x0000bcfc, Max: 0x00010000, ABSOLUTE, COMPRESSED[0x0000bbc0])

    Execution Region ER_IROM1 (Base: 0x08000000, Size: 0x0000bb60, Max: 0x00010000, ABSOLUTE)

    Base Addr    Size         Type   Attr      Idx    E Section Name        Object

    0x08000000   0x000000ec   Data   RO          224    RESET               startup_stm32f10x_md.o
    0x080000ec   0x00000008   Code   RO          912  * !!!main             c_w.l(__main.o)
    0x080000f4   0x00000034   Code   RO         1243    !!!scatter          c_w.l(__scatter.o)
    0x08000128   0x0000005a   Code   RO         1241    !!dczerorl2         c_w.l(__dczerorl2.o)
    0x08000182   0x00000002   PAD
    0x08000184   0x0000001c   Code   RO         1245    !!handler_zi        c_w.l(__scatter_zi.o)
    0x080001a0   0x00000000   Code   RO          905    .ARM.Collect$$_printf_percent$$00000000  c_w.l(_printf_percent.o)
    0x080001a0   0x00000006   Code   RO          904    .ARM.Collect$$_printf_percent$$00000009  c_w.l(_printf_d.o)
    0x080001a6   0x00000004   Code   RO         1003    .ARM.Collect$$_printf_percent$$00000017  c_w.l(_printf_percent_end.o)
    0x080001aa   0x00000002   Code   RO         1110    .ARM.Collect$$libinit$$00000000  c_w.l(libinit.o)
    0x080001ac   0x00000000   Code   RO         1120    .ARM.Collect$$libinit$$00000002  c_w.l(libinit2.o)
    0x080001ac   0x00000000   Code   RO         1122    .ARM.Collect$$libinit$$00000004  c_w.l(libinit2.o)
    0x080001ac   0x00000000   Code   RO         1125    .ARM.Collect$$libinit$$0000000A  c_w.l(libinit2.o)
    0x080001ac   0x00000000   Code   RO         1127    .ARM.Collect$$libinit$$0000000C  c_w.l(libinit2.o)
    0x080001ac   0x00000000   Code   RO         1129    .ARM.Collect$$libinit$$0000000E  c_w.l(libinit2.o)
    0x080001ac   0x00000000   Code   RO         1132    .ARM.Collect$$libinit$$00000011  c_w.l(libinit2.o)
    0x080001ac   0x00000000   Code   RO         1134    .ARM.Collect$$libinit$$00000013  c_w.l(libinit2.o)
    0x080001ac   0x00000000   Code   RO         1136    .ARM.Collect$$libinit$$00000015  c_w.l(libinit2.o)
    0x080001ac   0x00000000   Code   RO         1138    .ARM.Collect$$libinit$$00000017  c_w.l(libinit2.o)
    0x080001ac   0x00000000   Code   RO         1140    .ARM.Collect$$libinit$$00000019  c_w.l(libinit2.o)
    0x080001ac   0x00000000   Code   RO         1142    .ARM.Collect$$libinit$$0000001B  c_w.l(libinit2.o)
    0x080001ac   0x00000000   Code   RO         1144    .ARM.Collect$$libinit$$0000001D  c_w.l(libinit2.o)
    0x080001ac   0x00000000   Code   RO         1146    .ARM.Collect$$libinit$$0000001F  c_w.l(libinit2.o)
    0x080001ac   0x00000000   Code   RO         1148    .ARM.Collect$$libinit$$00000021  c_w.l(libinit2.o)
    0x080001ac   0x00000000   Code   RO         1150    .ARM.Collect$$libinit$$00000023  c_w.l(libinit2.o)
    0x080001ac   0x00000000   Code   RO         1152    .ARM.Collect$$libinit$$00000025  c_w.l(libinit2.o)
    0x080001ac   0x00000000   Code   RO         1156    .ARM.Collect$$libinit$$0000002C  c_w.l(libinit2.o)
    0x080001ac   0x00000000   Code   RO         1158    .ARM.Collect$$libinit$$0000002E  c_w.l(libinit2.o)
    0x080001ac   0x00000000   Code   RO         1160    .ARM.Collect$$libinit$$00000030  c_w.l(libinit2.o)
    0x080001ac   0x00000000   Code   RO         1162    .ARM.Collect$$libinit$$00000032  c_w.l(libinit2.o)
    0x080001ac   0x00000002   Code   RO         1163    .ARM.Collect$$libinit$$00000033  c_w.l(libinit2.o)
    0x080001ae   0x00000002   Code   RO         1193    .ARM.Collect$$libshutdown$$00000000  c_w.l(libshutdown.o)
    0x080001b0   0x00000000   Code   RO         1207    .ARM.Collect$$libshutdown$$00000002  c_w.l(libshutdown2.o)
    0x080001b0   0x00000000   Code   RO         1209    .ARM.Collect$$libshutdown$$00000004  c_w.l(libshutdown2.o)
    0x080001b0   0x00000000   Code   RO         1212    .ARM.Collect$$libshutdown$$00000007  c_w.l(libshutdown2.o)
    0x080001b0   0x00000000   Code   RO         1215    .ARM.Collect$$libshutdown$$0000000A  c_w.l(libshutdown2.o)
    0x080001b0   0x00000000   Code   RO         1217    .ARM.Collect$$libshutdown$$0000000C  c_w.l(libshutdown2.o)
    0x080001b0   0x00000000   Code   RO         1220    .ARM.Collect$$libshutdown$$0000000F  c_w.l(libshutdown2.o)
    0x080001b0   0x00000002   Code   RO         1221    .ARM.Collect$$libshutdown$$00000010  c_w.l(libshutdown2.o)
    0x080001b2   0x00000000   Code   RO          994    .ARM.Collect$$rtentry$$00000000  c_w.l(__rtentry.o)
    0x080001b2   0x00000000   Code   RO         1059    .ARM.Collect$$rtentry$$00000002  c_w.l(__rtentry2.o)
    0x080001b2   0x00000006   Code   RO         1071    .ARM.Collect$$rtentry$$00000004  c_w.l(__rtentry4.o)
    0x080001b8   0x00000000   Code   RO         1061    .ARM.Collect$$rtentry$$00000009  c_w.l(__rtentry2.o)
    0x080001b8   0x00000004   Code   RO         1062    .ARM.Collect$$rtentry$$0000000A  c_w.l(__rtentry2.o)
    0x080001bc   0x00000000   Code   RO         1064    .ARM.Collect$$rtentry$$0000000C  c_w.l(__rtentry2.o)
    0x080001bc   0x00000008   Code   RO         1065    .ARM.Collect$$rtentry$$0000000D  c_w.l(__rtentry2.o)
    0x080001c4   0x00000002   Code   RO         1113    .ARM.Collect$$rtexit$$00000000  c_w.l(rtexit.o)
    0x080001c6   0x00000000   Code   RO         1167    .ARM.Collect$$rtexit$$00000002  c_w.l(rtexit2.o)
    0x080001c6   0x00000004   Code   RO         1168    .ARM.Collect$$rtexit$$00000003  c_w.l(rtexit2.o)
    0x080001ca   0x00000006   Code   RO         1169    .ARM.Collect$$rtexit$$00000004  c_w.l(rtexit2.o)
    0x080001d0   0x0000000c   Code   RO          555    .emb_text           sys.o
    0x080001dc   0x0000001a   Code   RO            1    .text               stm32f10x_it.o
    0x080001f6   0x00000002   PAD
    0x080001f8   0x000001e0   Code   RO          104    .text               system_stm32f10x.o
    0x080003d8   0x000000a0   Code   RO          122    .text               minibalance.o
    0x08000478   0x00000040   Code   RO          225    .text               startup_stm32f10x_md.o
    0x080004b8   0x000000dc   Code   RO          229    .text               misc.o
    0x08000594   0x0000044e   Code   RO          267    .text               stm32f10x_adc.o
    0x080009e2   0x00000002   PAD
    0x080009e4   0x000000c4   Code   RO          279    .text               stm32f10x_bkp.o
    0x08000aa8   0x0000011c   Code   RO          363    .text               stm32f10x_exti.o
    0x08000bc4   0x0000035c   Code   RO          399    .text               stm32f10x_gpio.o
    0x08000f20   0x000000cc   Code   RO          435    .text               stm32f10x_pwr.o
    0x08000fec   0x000003a4   Code   RO          447    .text               stm32f10x_rcc.o
    0x08001390   0x00000e1a   Code   RO          497    .text               stm32f10x_tim.o
    0x080021aa   0x00000002   PAD
    0x080021ac   0x00000408   Code   RO          509    .text               stm32f10x_usart.o
    0x080025b4   0x000000d4   Code   RO          533    .text               delay.o
    0x08002688   0x000002bc   Code   RO          556    .text               sys.o
    0x08002944   0x000000c8   Code   RO          571    .text               usart.o
    0x08002a0c   0x00000060   Code   RO          590    .text               led.o
    0x08002a6c   0x00000170   Code   RO          603    .text               key.o
    0x08002bdc   0x0000044e   Code   RO          616    .text               oled.o
    0x0800302a   0x00000002   PAD
    0x0800302c   0x00000118   Code   RO          635    .text               adc.o
    0x08003144   0x000001e8   Code   RO          647    .text               timer.o
    0x0800332c   0x000000d8   Code   RO          663    .text               motor.o
    0x08003404   0x000001b8   Code   RO          675    .text               encoder.o
    0x080035bc   0x00000526   Code   RO          687    .text               ioi2c.o
    0x08003ae2   0x00000002   PAD
    0x08003ae4   0x00000320   Code   RO          699    .text               usart3.o
    0x08003e04   0x00000070   Code   RO          718    .text               exti.o
    0x08003e74   0x00000a94   Code   RO          733    .text               control.o
    0x08004908   0x00001e90   Code   RO          755    .text               inv_mpu.o
    0x08006798   0x00000d70   Code   RO          779    .text               inv_mpu_dmp_motion_driver.o
    0x08007508   0x00000844   Code   RO          794    .text               mpu6050.o
    0x08007d4c   0x00000330   Code   RO          818    .text               show.o
    0x0800807c   0x00000308   Code   RO          851    .text               filter.o
    0x08008384   0x00000002   Code   RO          872    .text               c_w.l(use_no_semi_2.o)
    0x08008386   0x00000048   Code   RO          874    .text               c_w.l(llsdiv.o)
    0x080083ce   0x00000002   PAD
    0x080083d0   0x00000018   Code   RO          878    .text               c_w.l(noretval__2printf.o)
    0x080083e8   0x00000068   Code   RO          880    .text               c_w.l(__printf.o)
    0x08008450   0x00000078   Code   RO          882    .text               c_w.l(_printf_dec.o)
    0x080084c8   0x00000058   Code   RO          906    .text               c_w.l(memcmp.o)
    0x08008520   0x00000010   Code   RO          908    .text               c_w.l(aeabi_memset.o)
    0x08008530   0x00000006   Code   RO          910    .text               c_w.l(heapauxi.o)
    0x08008536   0x00000002   Code   RO          992    .text               c_w.l(use_no_semi.o)
    0x08008538   0x000000ee   Code   RO          995    .text               c_w.l(lludivv7m.o)
    0x08008626   0x00000016   Code   RO          997    .text               c_w.l(_rserrno.o)
    0x0800863c   0x000000b2   Code   RO          999    .text               c_w.l(_printf_intcommon.o)
    0x080086ee   0x00000002   PAD
    0x080086f0   0x00000024   Code   RO         1001    .text               c_w.l(_printf_char_file.o)
    0x08008714   0x00000044   Code   RO         1004    .text               c_w.l(rt_memclr.o)
    0x08008758   0x00000008   Code   RO         1080    .text               c_w.l(rt_errno_addr_intlibspace.o)
    0x08008760   0x00000030   Code   RO         1082    .text               c_w.l(_printf_char_common.o)
    0x08008790   0x00000008   Code   RO         1084    .text               c_w.l(ferror.o)
    0x08008798   0x0000004e   Code   RO         1088    .text               c_w.l(rt_memclr_w.o)
    0x080087e6   0x00000002   PAD
    0x080087e8   0x00000008   Code   RO         1094    .text               c_w.l(libspace.o)
    0x080087f0   0x0000004a   Code   RO         1097    .text               c_w.l(sys_stackheap_outer.o)
    0x0800883a   0x00000012   Code   RO         1103    .text               c_w.l(exit.o)
    0x0800884c   0x00000028   Code   RO         1045    i.__ARM_fpclassify  m_ws.l(fpclassify.o)
    0x08008874   0x000000aa   Code   RO         1047    i.__kernel_poly     m_ws.l(poly.o)
    0x0800891e   0x00000006   Code   RO         1032    i.__mathlib_dbl_infnan  m_ws.l(dunder.o)
    0x08008924   0x00000004   Code   RO         1033    i.__mathlib_dbl_infnan2  m_ws.l(dunder.o)
    0x08008928   0x0000000c   Code   RO         1034    i.__mathlib_dbl_invalid  m_ws.l(dunder.o)
    0x08008934   0x00000010   Code   RO         1037    i.__mathlib_dbl_underflow  m_ws.l(dunder.o)
    0x08008944   0x00000270   Code   RO          975    i.asin              m_ws.l(asin.o)
    0x08008bb4   0x00000220   Code   RO         1022    i.atan              m_ws.l(atan.o)
    0x08008dd4   0x00000180   Code   RO          985    i.atan2             m_ws.l(atan2.o)
    0x08008f54   0x0000004c   Code   RO         1051    i.sqrt              m_ws.l(sqrt.o)
    0x08008fa0   0x00000062   Code   RO          914    x$fpl$d2f           fz_ws.l(d2f.o)
    0x08009002   0x00000002   PAD
    0x08009004   0x00000150   Code   RO          916    x$fpl$dadd          fz_ws.l(daddsub_clz.o)
    0x08009154   0x00000010   Code   RO         1090    x$fpl$dcheck1       fz_ws.l(dcheck1.o)
    0x08009164   0x00000018   Code   RO         1006    x$fpl$dcmpinf       fz_ws.l(dcmpi.o)
    0x0800917c   0x000002b0   Code   RO          923    x$fpl$ddiv          fz_ws.l(ddiv.o)
    0x0800942c   0x0000005e   Code   RO          926    x$fpl$dfix          fz_ws.l(dfix.o)
    0x0800948a   0x0000002e   Code   RO          931    x$fpl$dflt          fz_ws.l(dflt_clz.o)
    0x080094b8   0x00000026   Code   RO          930    x$fpl$dfltu         fz_ws.l(dflt_clz.o)
    0x080094de   0x00000002   PAD
    0x080094e0   0x00000078   Code   RO          936    x$fpl$dleqf         fz_ws.l(dleqf.o)
    0x08009558   0x00000154   Code   RO          938    x$fpl$dmul          fz_ws.l(dmul.o)
    0x080096ac   0x0000009c   Code   RO         1008    x$fpl$dnaninf       fz_ws.l(dnaninf.o)
    0x08009748   0x0000000c   Code   RO         1010    x$fpl$dretinf       fz_ws.l(dretinf.o)
    0x08009754   0x00000016   Code   RO          917    x$fpl$drsb          fz_ws.l(daddsub_clz.o)
    0x0800976a   0x00000002   PAD
    0x0800976c   0x000001cc   Code   RO         1092    x$fpl$dsqrt         fz_ws.l(dsqrt_noumaal.o)
    0x08009938   0x000001d4   Code   RO          918    x$fpl$dsub          fz_ws.l(daddsub_clz.o)
    0x08009b0c   0x00000056   Code   RO          940    x$fpl$f2d           fz_ws.l(f2d.o)
    0x08009b62   0x00000002   PAD
    0x08009b64   0x000000c4   Code   RO          942    x$fpl$fadd          fz_ws.l(faddsub_clz.o)
    0x08009c28   0x00000018   Code   RO         1012    x$fpl$fcmpinf       fz_ws.l(fcmpi.o)
    0x08009c40   0x00000184   Code   RO          949    x$fpl$fdiv          fz_ws.l(fdiv.o)
    0x08009dc4   0x00000068   Code   RO          952    x$fpl$feqf          fz_ws.l(feqf.o)
    0x08009e2c   0x00000036   Code   RO          954    x$fpl$ffix          fz_ws.l(ffix.o)
    0x08009e62   0x00000002   PAD
    0x08009e64   0x0000003e   Code   RO          958    x$fpl$ffixu         fz_ws.l(ffixu.o)
    0x08009ea2   0x00000002   PAD
    0x08009ea4   0x00000030   Code   RO          963    x$fpl$fflt          fz_ws.l(fflt_clz.o)
    0x08009ed4   0x00000026   Code   RO          962    x$fpl$ffltu         fz_ws.l(fflt_clz.o)
    0x08009efa   0x00000002   PAD
    0x08009efc   0x00000068   Code   RO          968    x$fpl$fleqf         fz_ws.l(fleqf.o)
    0x08009f64   0x00000102   Code   RO          970    x$fpl$fmul          fz_ws.l(fmul.o)
    0x0800a066   0x0000008c   Code   RO         1014    x$fpl$fnaninf       fz_ws.l(fnaninf.o)
    0x0800a0f2   0x0000000a   Code   RO         1016    x$fpl$fretinf       fz_ws.l(fretinf.o)
    0x0800a0fc   0x00000062   Code   RO          972    x$fpl$frleqf        fz_ws.l(frleqf.o)
    0x0800a15e   0x00000014   Code   RO          943    x$fpl$frsb          fz_ws.l(faddsub_clz.o)
    0x0800a172   0x00000002   PAD
    0x0800a174   0x000000ea   Code   RO          944    x$fpl$fsub          fz_ws.l(faddsub_clz.o)
    0x0800a25e   0x00000064   Code   RO         1111    x$fpl$retnan        fz_ws.l(retnan.o)
    0x0800a2c2   0x0000005c   Code   RO         1018    x$fpl$scalbn        fz_ws.l(scalbn.o)
    0x0800a31e   0x00000030   Code   RO         1164    x$fpl$trapveneer    fz_ws.l(trapv.o)
    0x0800a34e   0x00000000   Code   RO         1020    x$fpl$usenofp       fz_ws.l(usenofp.o)
    0x0800a34e   0x00000a64   Data   RO          618    .constdata          oled.o
    0x0800adb2   0x00000002   PAD
    0x0800adb4   0x00000050   Data   RO          756    .constdata          inv_mpu.o
    0x0800ae04   0x00000bf6   Data   RO          781    .constdata          inv_mpu_dmp_motion_driver.o
    0x0800b9fa   0x00000006   PAD
    0x0800ba00   0x00000050   Data   RO          976    .constdata          m_ws.l(asin.o)
    0x0800ba50   0x00000098   Data   RO         1023    .constdata          m_ws.l(atan.o)
    0x0800bae8   0x00000008   Data   RO         1049    .constdata          m_ws.l(qnan.o)
    0x0800baf0   0x0000004e   Data   RO          757    .conststring        inv_mpu.o
    0x0800bb3e   0x00000002   PAD
    0x0800bb40   0x00000020   Data   RO         1239    Region$$Table       anon$$obj.o


    Execution Region RW_IRAM1 (Base: 0x20000000, Size: 0x00000cc0, Max: 0x00005000, ABSOLUTE, COMPRESSED[0x00000060])

    Base Addr    Size         Type   Attr      Idx    E Section Name        Object

    0x20000000   0x00000014   Data   RW          105    .data               system_stm32f10x.o
    0x20000014   0x00000040   Data   RW          123    .data               minibalance.o
    0x20000054   0x00000014   Data   RW          448    .data               stm32f10x_rcc.o
    0x20000068   0x00000004   Data   RW          534    .data               delay.o
    0x2000006c   0x00000004   Data   RW          572    .data               usart.o
    0x20000070   0x00000004   Data   RW          591    .data               led.o
    0x20000074   0x0000000e   Data   RW          604    .data               key.o
    0x20000082   0x00000004   Data   RW          649    .data               timer.o
    0x20000086   0x00000002   PAD
    0x20000088   0x00000018   Data   RW          700    .data               usart3.o
    0x200000a0   0x00000048   Data   RW          734    .data               control.o
    0x200000e8   0x0000002c   Data   RW          758    .data               inv_mpu.o
    0x20000114   0x00000034   Data   RW          796    .data               mpu6050.o
    0x20000148   0x00000054   Data   RW          853    .data               filter.o
    0x2000019c   0x00000400   Zero   RW          617    .bss                oled.o
    0x2000059c   0x0000000a   Zero   RW          648    .bss                timer.o
    0x200005a6   0x00000002   PAD
    0x200005a8   0x00000010   Zero   RW          780    .bss                inv_mpu_dmp_motion_driver.o
    0x200005b8   0x00000092   Zero   RW          795    .bss                mpu6050.o
    0x2000064a   0x00000002   PAD
    0x2000064c   0x00000010   Zero   RW          852    .bss                filter.o
    0x2000065c   0x00000060   Zero   RW         1095    .bss                c_w.l(libspace.o)
    0x200006bc   0x00000004   PAD
    0x200006c0   0x00000200   Zero   RW          223    HEAP                startup_stm32f10x_md.o
    0x200008c0   0x00000400   Zero   RW          222    STACK               startup_stm32f10x_md.o


==============================================================================

Image component sizes


      Code (inc. data)   RO Data    RW Data    ZI Data      Debug   Object Name

       280         24          0          0          0       1012   adc.o
      2708        386          0         72          0       5338   control.o
         0          0          0          0          0         32   core_cm3.o
       212         18          0          4          0        999   delay.o
       440         16          0          0          0       1539   encoder.o
       112          4          0          0          0        620   exti.o
       776         86          0         84         16       1920   filter.o
      7824        172        158         44          0      21559   inv_mpu.o
      3440        126       3062          0         16      15067   inv_mpu_dmp_motion_driver.o
      1318         12          0          0          0       5806   ioi2c.o
       368         42          0         14          0       1463   key.o
        96         16          0          4          0        709   led.o
       160         22          0         64          0       1584   minibalance.o
       220         22          0          0          0     216285   misc.o
       216         12          0          0          0        966   motor.o
      2116        450          0         52        146      20809   mpu6050.o
      1102         34       2660          0       1024       4639   oled.o
       816        146          0          0          0        933   show.o
        64         26        236          0       1536        804   startup_stm32f10x_md.o
      1102         26          0          0          0      11001   stm32f10x_adc.o
       196          8          0          0          0       3456   stm32f10x_bkp.o
       284         10          0          0          0       2215   stm32f10x_exti.o
       860         38          0          0          0       5689   stm32f10x_gpio.o
        26          0          0          0          0     250770   stm32f10x_it.o
       204         14          0          0          0       1931   stm32f10x_pwr.o
       932         36          0         20          0       8848   stm32f10x_rcc.o
      3610         88          0          0          0      22800   stm32f10x_tim.o
      1032         22          0          0          0       8416   stm32f10x_usart.o
       712         44          0          0          0       2787   sys.o
       480         38          0         20          0       1671   system_stm32f10x.o
       488         34          0          4         10       1548   timer.o
       200         16          0          4          0       2766   usart.o
       800         56          0         24          0       2142   usart3.o

    ----------------------------------------------------------------------
     33204       2044       6158        412       2752     628124   Object Totals
         0          0         32          0          0          0   (incl. Generated)
        10          0         10          2          4          0   (incl. Padding)

    ----------------------------------------------------------------------

      Code (inc. data)   RO Data    RW Data    ZI Data      Debug   Library Member Name

        90          0          0          0          0          0   __dczerorl2.o
         8          0          0          0          0         68   __main.o
       104          0          0          0          0         84   __printf.o
         0          0          0          0          0          0   __rtentry.o
        12          0          0          0          0          0   __rtentry2.o
         6          0          0          0          0          0   __rtentry4.o
        52          8          0          0          0          0   __scatter.o
        28          0          0          0          0          0   __scatter_zi.o
        48          6          0          0          0         96   _printf_char_common.o
        36          4          0          0          0         80   _printf_char_file.o
         6          0          0          0          0          0   _printf_d.o
       120         16          0          0          0         92   _printf_dec.o
       178          0          0          0          0         88   _printf_intcommon.o
         0          0          0          0          0          0   _printf_percent.o
         4          0          0          0          0          0   _printf_percent_end.o
        22          0          0          0          0        100   _rserrno.o
        16          0          0          0          0         68   aeabi_memset.o
        18          0          0          0          0         80   exit.o
         8          0          0          0          0         68   ferror.o
         6          0          0          0          0        152   heapauxi.o
         2          0          0          0          0          0   libinit.o
         2          0          0          0          0          0   libinit2.o
         2          0          0          0          0          0   libshutdown.o
         2          0          0          0          0          0   libshutdown2.o
         8          4          0          0         96         68   libspace.o
        72          0          0          0          0         76   llsdiv.o
       238          0          0          0          0        100   lludivv7m.o
        88          0          0          0          0         76   memcmp.o
        24          4          0          0          0         84   noretval__2printf.o
         8          4          0          0          0         68   rt_errno_addr_intlibspace.o
        68          0          0          0          0         68   rt_memclr.o
        78          0          0          0          0         80   rt_memclr_w.o
         2          0          0          0          0          0   rtexit.o
        10          0          0          0          0          0   rtexit2.o
        74          0          0          0          0         80   sys_stackheap_outer.o
         2          0          0          0          0         68   use_no_semi.o
         2          0          0          0          0         68   use_no_semi_2.o
        98          4          0          0          0         92   d2f.o
       826         16          0          0          0        348   daddsub_clz.o
        16          4          0          0          0         68   dcheck1.o
        24          0          0          0          0         68   dcmpi.o
       688        140          0          0          0        208   ddiv.o
        94          4          0          0          0         92   dfix.o
        84          0          0          0          0        136   dflt_clz.o
       120          4          0          0          0         92   dleqf.o
       340         12          0          0          0        104   dmul.o
       156          4          0          0          0         92   dnaninf.o
        12          0          0          0          0         68   dretinf.o
       460         56          0          0          0        120   dsqrt_noumaal.o
        86          4          0          0          0         84   f2d.o
       450          8          0          0          0        236   faddsub_clz.o
        24          0          0          0          0         68   fcmpi.o
       388         76          0          0          0         96   fdiv.o
       104          4          0          0          0         84   feqf.o
        54          4          0          0          0         84   ffix.o
        62          4          0          0          0         84   ffixu.o
        86          0          0          0          0        136   fflt_clz.o
       104          4          0          0          0         84   fleqf.o
       258          4          0          0          0         84   fmul.o
       140          4          0          0          0         84   fnaninf.o
        10          0          0          0          0         68   fretinf.o
        98          0          0          0          0         68   frleqf.o
       100          0          0          0          0         68   retnan.o
        92          0          0          0          0         68   scalbn.o
        48          0          0          0          0         68   trapv.o
         0          0          0          0          0          0   usenofp.o
       624         52         80          0          0        168   asin.o
       544         70        152          0          0        124   atan.o
       384         38          0          0          0        144   atan2.o
        38          6          0          0          0        272   dunder.o
        40          0          0          0          0         68   fpclassify.o
       170          0          0          0          0         96   poly.o
         0          0          8          0          0          0   qnan.o
        76          0          0          0          0         84   sqrt.o

    ----------------------------------------------------------------------
      8366        568        240          0        100       5720   Library Totals
        24          0          0          0          4          0   (incl. Padding)

    ----------------------------------------------------------------------

      Code (inc. data)   RO Data    RW Data    ZI Data      Debug   Library Name

      1444         46          0          0         96       1812   c_w.l
      5022        356          0          0          0       2952   fz_ws.l
      1876        166        240          0          0        956   m_ws.l

    ----------------------------------------------------------------------
      8366        568        240          0        100       5720   Library Totals

    ----------------------------------------------------------------------

==============================================================================


      Code (inc. data)   RO Data    RW Data    ZI Data      Debug   

     41570       2612       6398        412       2852     627496   Grand Totals
     41570       2612       6398         96       2852     627496   ELF Image Totals (compressed)
     41570       2612       6398         96          0          0   ROM Totals

==============================================================================

    Total RO  Size (Code + RO Data)                47968 (  46.84kB)
    Total RW  Size (RW Data + ZI Data)              3264 (   3.19kB)
    Total ROM Size (Code + RO Data + RW Data)      48064 (  46.94kB)

==============================================================================

