<html>
<body>
<pre>
<h1>µVision Build Log</h1>
<h2>Tool Versions:</h2>
IDE-Version: ¦ÌVision V5.16a
Copyright (C) 2015 ARM Ltd and ARM Germany GmbH. All rights reserved.
License Information: sanjin Microsoft, Microsoft, LIC=03CWF-6H5DC-3M29Q-NQ2LA-0NQ0Q-UEA0D
 
Tool Versions:
Toolchain:       MDK-ARM Standard  Version: 5.16a
Toolchain Path:  D:\keilmdk\ARM\ARMCC\Bin
C Compiler:      Armcc.exe V5.06 (build 20)
Assembler:       Armasm.exe V5.06 (build 20)
Linker/Locator:  ArmLink.exe V5.06 (build 20)
Library Manager: ArmAr.exe V5.06 (build 20)
Hex Converter:   FromElf.exe V5.06 (build 20)
CPU DLL:         SARMCM3.DLL V5.16a
Dialog DLL:      DCM.DLL V1.13.2.0
Target DLL:      STLink\ST-LINKIII-KEIL_SWO.dll V2.0.17.0
Dialog DLL:      TCM.DLL V1.14.5.0
 
<h2>Project:</h2>
C:\Users\Administrator\Desktop\Hackathon_070108_xpower_\Project\xpower.uvprojx
Project File Date:  01/07/2017

<h2>Output:</h2>
*** Using Compiler 'V5.06 (build 20)', folder: 'D:\keilmdk\ARM\ARMCC\Bin'
Rebuild target 'HuaweiLiteOS'
assembling startup_stm32f10x_md.s...
compiling stm32f10x_bkp.c...
compiling stm32f10x_adc.c...
compiling misc.c...
compiling stm32f10x_can.c...
compiling system_stm32f10x.c...
compiling stm32f10x_cec.c...
compiling core_cm3.c...
compiling stm32f10x_crc.c...
compiling stm32f10x_dbgmcu.c...
compiling stm32f10x_dac.c...
compiling stm32f10x_dma.c...
compiling stm32f10x_exti.c...
compiling stm32f10x_flash.c...
compiling stm32f10x_fsmc.c...
compiling stm32f10x_pwr.c...
compiling stm32f10x_i2c.c...
compiling stm32f10x_rcc.c...
compiling stm32f10x_iwdg.c...
compiling stm32f10x_gpio.c...
compiling stm32f10x_rtc.c...
compiling stm32f10x_usart.c...
compiling stm32f10x_spi.c...
compiling stm32f10x_tim.c...
compiling stm32f10x_wwdg.c...
compiling stm32f10x_sdio.c...
compiling main.c...
..\User\led\bsp_led.h(18): warning:  #1-D: last line of file ends without a newline
  #endif
..\User\main.c(40): warning:  #177-D: variable "play_flag" was declared but never referenced
    UINT32 play_flag=0;
..\User\main.c: 2 warnings, 0 errors
compiling los_priqueue.c...
compiling los_swtmr.c...
compiling los_task.c...
compiling stm32f10x_it.c...
compiling los_sys.c...
compiling los_timeslice.c...
compiling los_mux.c...
compiling los_queue.c...
compiling los_tick.c...
compiling bsp_led.c...
..\User\led\bsp_led.h(18): warning:  #1-D: last line of file ends without a newline
  #endif
..\User\led\bsp_led.c: 1 warning, 0 errors
compiling los_event.c...
compiling bsp_usart.c...
compiling los_memory.c...
compiling los_multipledlinkhead.c...
compiling los_misc.c...
compiling los_membox.c...
compiling los_config.c...
compiling los_memstat.c...
compiling los_sem.c...
assembling los_dispatch.s...
compiling los_hw.c...
compiling los_hw_tick.c...
compiling los_hwi.c...
linking...
Program Size: Code=11612 RO-data=284 RW-data=1216 ZI-data=11712  
FromELF: creating hex file...
".\Objects\HuaweiLiteOS.axf" - 0 Error(s), 3 Warning(s).

<h2>Collection of Component include folders:</h2>
  C:\Users\Administrator\Desktop\Hackathon_070108_xpower_\Project\RTE
  D:\keilmdk\ARM\PACK\Keil\STM32F1xx_DFP\1.0.5\Device\Include

<h2>Collection of Component Files used:</h2>
Build Time Elapsed:  00:00:08
</pre>
</body>
</html>
