Component: ARM Compiler 5.05 update 2 (build 169) Tool: armlink [4d0f33]

==============================================================================

Section Cross References

    startup_stm32f10x_hd.o(RESET) refers to startup_stm32f10x_hd.o(STACK) for __initial_sp
    startup_stm32f10x_hd.o(RESET) refers to startup_stm32f10x_hd.o(.text) for Reset_Handler
    startup_stm32f10x_hd.o(RESET) refers to stm32f10x_it.o(i.NMI_Handler) for NMI_Handler
    startup_stm32f10x_hd.o(RESET) refers to stm32f10x_it.o(i.HardFault_Handler) for HardFault_Handler
    startup_stm32f10x_hd.o(RESET) refers to stm32f10x_it.o(i.MemManage_Handler) for MemManage_Handler
    startup_stm32f10x_hd.o(RESET) refers to stm32f10x_it.o(i.BusFault_Handler) for BusFault_Handler
    startup_stm32f10x_hd.o(RESET) refers to stm32f10x_it.o(i.UsageFault_Handler) for UsageFault_Handler
    startup_stm32f10x_hd.o(RESET) refers to stm32f10x_it.o(i.SVC_Handler) for SVC_Handler
    startup_stm32f10x_hd.o(RESET) refers to stm32f10x_it.o(i.DebugMon_Handler) for DebugMon_Handler
    startup_stm32f10x_hd.o(RESET) refers to los_dispatch.o(KERNEL) for PendSV_Handler
    startup_stm32f10x_hd.o(RESET) refers to los_tick.o(i.SysTick_Handler) for SysTick_Handler
    startup_stm32f10x_hd.o(RESET) refers to stm32f10x_it.o(i.EXTI3_IRQHandler) for EXTI3_IRQHandler
    startup_stm32f10x_hd.o(.text) refers to system_stm32f10x.o(i.SystemInit) for SystemInit
    startup_stm32f10x_hd.o(.text) refers to entry.o(.ARM.Collect$$$$00000000) for __main
    system_stm32f10x.o(i.SetSysClock) refers to system_stm32f10x.o(i.SetSysClockTo72) for SetSysClockTo72
    system_stm32f10x.o(i.SystemCoreClockUpdate) refers to system_stm32f10x.o(.data) for SystemCoreClock
    system_stm32f10x.o(i.SystemInit) refers to system_stm32f10x.o(i.SetSysClock) for SetSysClock
    stm32f10x_adc.o(i.ADC_DeInit) refers to stm32f10x_rcc.o(i.RCC_APB2PeriphResetCmd) for RCC_APB2PeriphResetCmd
    stm32f10x_bkp.o(i.BKP_DeInit) refers to stm32f10x_rcc.o(i.RCC_BackupResetCmd) for RCC_BackupResetCmd
    stm32f10x_can.o(i.CAN_DeInit) refers to stm32f10x_rcc.o(i.RCC_APB1PeriphResetCmd) for RCC_APB1PeriphResetCmd
    stm32f10x_can.o(i.CAN_GetITStatus) refers to stm32f10x_can.o(i.CheckITStatus) for CheckITStatus
    stm32f10x_cec.o(i.CEC_DeInit) refers to stm32f10x_rcc.o(i.RCC_APB1PeriphResetCmd) for RCC_APB1PeriphResetCmd
    stm32f10x_dac.o(i.DAC_DeInit) refers to stm32f10x_rcc.o(i.RCC_APB1PeriphResetCmd) for RCC_APB1PeriphResetCmd
    stm32f10x_flash.o(i.FLASH_EnableWriteProtection) refers to stm32f10x_flash.o(i.FLASH_WaitForLastOperation) for FLASH_WaitForLastOperation
    stm32f10x_flash.o(i.FLASH_EraseAllBank1Pages) refers to stm32f10x_flash.o(i.FLASH_WaitForLastBank1Operation) for FLASH_WaitForLastBank1Operation
    stm32f10x_flash.o(i.FLASH_EraseAllPages) refers to stm32f10x_flash.o(i.FLASH_WaitForLastOperation) for FLASH_WaitForLastOperation
    stm32f10x_flash.o(i.FLASH_EraseOptionBytes) refers to stm32f10x_flash.o(i.FLASH_GetReadOutProtectionStatus) for FLASH_GetReadOutProtectionStatus
    stm32f10x_flash.o(i.FLASH_EraseOptionBytes) refers to stm32f10x_flash.o(i.FLASH_WaitForLastOperation) for FLASH_WaitForLastOperation
    stm32f10x_flash.o(i.FLASH_ErasePage) refers to stm32f10x_flash.o(i.FLASH_WaitForLastOperation) for FLASH_WaitForLastOperation
    stm32f10x_flash.o(i.FLASH_ProgramHalfWord) refers to stm32f10x_flash.o(i.FLASH_WaitForLastOperation) for FLASH_WaitForLastOperation
    stm32f10x_flash.o(i.FLASH_ProgramOptionByteData) refers to stm32f10x_flash.o(i.FLASH_WaitForLastOperation) for FLASH_WaitForLastOperation
    stm32f10x_flash.o(i.FLASH_ProgramWord) refers to stm32f10x_flash.o(i.FLASH_WaitForLastOperation) for FLASH_WaitForLastOperation
    stm32f10x_flash.o(i.FLASH_ReadOutProtection) refers to stm32f10x_flash.o(i.FLASH_WaitForLastOperation) for FLASH_WaitForLastOperation
    stm32f10x_flash.o(i.FLASH_UserOptionByteConfig) refers to stm32f10x_flash.o(i.FLASH_WaitForLastOperation) for FLASH_WaitForLastOperation
    stm32f10x_flash.o(i.FLASH_WaitForLastBank1Operation) refers to stm32f10x_flash.o(i.FLASH_GetBank1Status) for FLASH_GetBank1Status
    stm32f10x_flash.o(i.FLASH_WaitForLastOperation) refers to stm32f10x_flash.o(i.FLASH_GetBank1Status) for FLASH_GetBank1Status
    stm32f10x_gpio.o(i.GPIO_AFIODeInit) refers to stm32f10x_rcc.o(i.RCC_APB2PeriphResetCmd) for RCC_APB2PeriphResetCmd
    stm32f10x_gpio.o(i.GPIO_DeInit) refers to stm32f10x_rcc.o(i.RCC_APB2PeriphResetCmd) for RCC_APB2PeriphResetCmd
    stm32f10x_i2c.o(i.I2C_DeInit) refers to stm32f10x_rcc.o(i.RCC_APB1PeriphResetCmd) for RCC_APB1PeriphResetCmd
    stm32f10x_i2c.o(i.I2C_Init) refers to stm32f10x_rcc.o(i.RCC_GetClocksFreq) for RCC_GetClocksFreq
    stm32f10x_pwr.o(i.PWR_DeInit) refers to stm32f10x_rcc.o(i.RCC_APB1PeriphResetCmd) for RCC_APB1PeriphResetCmd
    stm32f10x_rcc.o(i.RCC_GetClocksFreq) refers to stm32f10x_rcc.o(.data) for APBAHBPrescTable
[...]
    i.ESP8266_Inquire_ApIp                   0x0800060c   Section        0  bsp_esp8266.o(i.ESP8266_Inquire_ApIp)
    i.ESP8266_Net_Mode_Choose                0x08000678   Section        0  bsp_esp8266.o(i.ESP8266_Net_Mode_Choose)
    i.ESP8266_Rst                            0x080006f0   Section        0  bsp_esp8266.o(i.ESP8266_Rst)
    i.ESP8266_SendString                     0x08000714   Section        0  bsp_esp8266.o(i.ESP8266_SendString)
    i.ESP8266_StartOrShutServer              0x080007b0   Section        0  bsp_esp8266.o(i.ESP8266_StartOrShutServer)
    i.ESP8266_USART_Config                   0x08000840   Section        0  bsp_esp8266.o(i.ESP8266_USART_Config)
    ESP8266_USART_Config                     0x08000841   Thumb Code   148  bsp_esp8266.o(i.ESP8266_USART_Config)
    i.ESP8266_USART_NVIC_Configuration       0x080008dc   Section        0  bsp_esp8266.o(i.ESP8266_USART_NVIC_Configuration)
    ESP8266_USART_NVIC_Configuration         0x080008dd   Thumb Code    32  bsp_esp8266.o(i.ESP8266_USART_NVIC_Configuration)
    i.EXTI3_IRQHandler                       0x08000900   Section        0  stm32f10x_it.o(i.EXTI3_IRQHandler)
    i.EXTI_ClearITPendingBit                 0x0800095c   Section        0  stm32f10x_exti.o(i.EXTI_ClearITPendingBit)
    i.EXTI_GenerateSWInterrupt               0x08000968   Section        0  stm32f10x_exti.o(i.EXTI_GenerateSWInterrupt)
    i.EXTI_GetITStatus                       0x08000978   Section        0  stm32f10x_exti.o(i.EXTI_GetITStatus)
    i.EXTI_Init                              0x080009a0   Section        0  stm32f10x_exti.o(i.EXTI_Init)
    i.FIFO_GPIO_Config                       0x08000a34   Section        0  bsp_ov7725.o(i.FIFO_GPIO_Config)
    FIFO_GPIO_Config                         0x08000a35   Thumb Code   176  bsp_ov7725.o(i.FIFO_GPIO_Config)
    i.FSMC_NORSRAMCmd                        0x08000af4   Section        0  stm32f10x_fsmc.o(i.FSMC_NORSRAMCmd)
    i.FSMC_NORSRAMInit                       0x08000b28   Section        0  stm32f10x_fsmc.o(i.FSMC_NORSRAMInit)
    i.GPIO_EXTILineConfig                    0x08000c10   Section        0  stm32f10x_gpio.o(i.GPIO_EXTILineConfig)
    i.GPIO_Init                              0x08000c50   Section        0  stm32f10x_gpio.o(i.GPIO_Init)
    i.GPIO_ReadInputDataBit                  0x08000d66   Section        0  stm32f10x_gpio.o(i.GPIO_ReadInputDataBit)
    i.GPIO_ResetBits                         0x08000d78   Section        0  stm32f10x_gpio.o(i.GPIO_ResetBits)
    i.GPIO_SetBits                           0x08000d7c   Section        0  stm32f10x_gpio.o(i.GPIO_SetBits)
    i.HardFault_Handler                      0x08000d80   Section        0  stm32f10x_it.o(i.HardFault_Handler)
    i.ILI9341_BackLed_Control                0x08000d84   Section        0  bsp_ili9341_lcd.o(i.ILI9341_BackLed_Control)
    i.ILI9341_Delay                          0x08000da8   Section        0  bsp_ili9341_lcd.o(i.ILI9341_Delay)
    ILI9341_Delay                            0x08000da9   Thumb Code    18  bsp_ili9341_lcd.o(i.ILI9341_Delay)
    i.ILI9341_FSMC_Config                    0x08000dba   Section        0  bsp_ili9341_lcd.o(i.ILI9341_FSMC_Config)
    ILI9341_FSMC_Config                      0x08000dbb   Thumb Code   100  bsp_ili9341_lcd.o(i.ILI9341_FSMC_Config)
    i.ILI9341_GPIO_Config                    0x08000e20   Section        0  bsp_ili9341_lcd.o(i.ILI9341_GPIO_Config)
    ILI9341_GPIO_Config                      0x08000e21   Thumb Code   220  bsp_ili9341_lcd.o(i.ILI9341_GPIO_Config)
    i.ILI9341_GramScan                       0x08000f04   Section        0  bsp_ili9341_lcd.o(i.ILI9341_GramScan)
    i.ILI9341_Init                           0x0800104c   Section        0  bsp_ili9341_lcd.o(i.ILI9341_Init)
    i.ILI9341_REG_Config                     0x08001068   Section        0  bsp_ili9341_lcd.o(i.ILI9341_REG_Config)
    ILI9341_REG_Config                       0x08001069   Thumb Code   556  bsp_ili9341_lcd.o(i.ILI9341_REG_Config)
    i.ILI9341_Rst                            0x08001298   Section        0  bsp_ili9341_lcd.o(i.ILI9341_Rst)
    i.ILI9341_Write_Cmd                      0x080012c0   Section        0  bsp_ili9341_lcd.o(i.ILI9341_Write_Cmd)
    i.ILI9341_Write_Data                     0x080012c8   Section        0  bsp_ili9341_lcd.o(i.ILI9341_Write_Data)
    i.ImagDisp                               0x080012d4   Section        0  bsp_ov7725.o(i.ImagDisp)
    i.LCD_Init                               0x08001488   Section        0  bsp_lcd.o(i.LCD_Init)
    i.LED_GPIO_Config                        0x08001490   Section        0  bsp_led.o(i.LED_GPIO_Config)
    i.LOS_Align                              0x080014f0   Section        0  los_misc.o(i.LOS_Align)
    i.LOS_DLnkInitMultiHead                  0x0800150c   Section        0  los_multipledlinkhead.o(i.LOS_DLnkInitMultiHead)
    i.LOS_DLnkMultiHead                      0x0800152a   Section        0  los_multipledlinkhead.o(i.LOS_DLnkMultiHead)
    i.LOS_HwiCreate                          0x08001554   Section        0  los_hwi.o(i.LOS_HwiCreate)
    i.LOS_ListAdd                            0x080015f8   Section        0  los_task.o(i.LOS_ListAdd)
    LOS_ListAdd                              0x080015f9   Thumb Code    14  los_task.o(i.LOS_ListAdd)
    i.LOS_ListAdd                            0x08001606   Section        0  los_mux.o(i.LOS_ListAdd)
    LOS_ListAdd                              0x08001607   Thumb Code    14  los_mux.o(i.LOS_ListAdd)
    i.LOS_ListAdd                            0x08001614   Section        0  los_queue.o(i.LOS_ListAdd)
    LOS_ListAdd                              0x08001615   Thumb Code    14  los_queue.o(i.LOS_ListAdd)
    i.LOS_ListAdd                            0x08001622   Section        0  los_sem.o(i.LOS_ListAdd)
    LOS_ListAdd                              0x08001623   Thumb Code    14  los_sem.o(i.LOS_ListAdd)
    i.LOS_ListAdd                            0x08001630   Section        0  los_memory.o(i.LOS_ListAdd)
    LOS_ListAdd                              0x08001631   Thumb Code    14  los_memory.o(i.LOS_ListAdd)
    i.LOS_ListDelete                         0x0800163e   Section        0  los_task.o(i.LOS_ListDelete)
    LOS_ListDelete                           0x0800163f   Thumb Code    20  los_task.o(i.LOS_ListDelete)
    i.LOS_ListDelete                         0x08001652   Section        0  los_sem.o(i.LOS_ListDelete)
    LOS_ListDelete                           0x08001653   Thumb Code    20  los_sem.o(i.LOS_ListDelete)
    i.LOS_ListDelete                         0x08001666   Section        0  los_memory.o(i.LOS_ListDelete)
    LOS_ListDelete                           0x08001667   Thumb Code    20  los_memory.o(i.LOS_ListDelete)
    i.LOS_ListEmpty                          0x0800167a   Section        0  los_task.o(i.LOS_ListEmpty)
    LOS_ListEmpty                            0x0800167b   Thumb Code    16  los_task.o(i.LOS_ListEmpty)
    i.LOS_ListEmpty                          0x0800168a   Section        0  los_queue.o(i.LOS_ListEmpty)
    LOS_ListEmpty                            0x0800168b   Thumb Code    16  los_queue.o(i.LOS_ListEmpty)
    i.LOS_ListEmpty                          0x0800169a   Section        0  los_sem.o(i.LOS_ListEmpty)
    LOS_ListEmpty                            0x0800169b   Thumb Code    16  los_sem.o(i.LOS_ListEmpty)
    i.LOS_ListInit                           0x080016aa   Section        0  los_task.o(i.LOS_ListInit)
    LOS_ListInit                             0x080016ab   Thumb Code     6  los_task.o(i.LOS_ListInit)
    i.LOS_ListInit                           0x080016b0   Section        0  los_mux.o(i.LOS_ListInit)
    LOS_ListInit                             0x080016b1   Thumb Code     6  los_mux.o(i.LOS_ListInit)
    i.LOS_ListInit                           0x080016b6   Section        0  los_queue.o(i.LOS_ListInit)
    LOS_ListInit                             0x080016b7   Thumb Code     6  los_queue.o(i.LOS_ListInit)
    i.LOS_ListInit                           0x080016bc   Section        0  los_sem.o(i.LOS_ListInit)
    LOS_ListInit                             0x080016bd   Thumb Code     6  los_sem.o(i.LOS_ListInit)
    i.LOS_ListTailInsert                     0x080016c2   Section        0  los_task.o(i.LOS_ListTailInsert)
    LOS_ListTailInsert                       0x080016c3   Thumb Code    16  los_task.o(i.LOS_ListTailInsert)
    i.LOS_ListTailInsert                     0x080016d2   Section        0  los_mux.o(i.LOS_ListTailInsert)
    LOS_ListTailInsert                       0x080016d3   Thumb Code    16  los_mux.o(i.LOS_ListTailInsert)
    i.LOS_ListTailInsert                     0x080016e2   Section        0  los_sem.o(i.LOS_ListTailInsert)
    LOS_ListTailInsert                       0x080016e3   Thumb Code    16  los_sem.o(i.LOS_ListTailInsert)
    i.LOS_Log2                               0x080016f4   Section        0  los_multipledlinkhead.o(i.LOS_Log2)
    LOS_Log2                                 0x080016f5   Thumb Code   320  los_multipledlinkhead.o(i.LOS_Log2)
    i.LOS_MemAlloc                           0x08001838   Section        0  los_memory.o(i.LOS_MemAlloc)
    i.LOS_MemAllocAlign                      0x08001872   Section        0  los_memory.o(i.LOS_MemAllocAlign)
    i.LOS_MemFree                            0x080018de   Section        0  los_memory.o(i.LOS_MemFree)
    i.LOS_MemInit                            0x08001932   Section        0  los_memory.o(i.LOS_MemInit)
    i.LOS_MemboxAlloc                        0x080019d8   Section        0  los_membox.o(i.LOS_MemboxAlloc)
    i.LOS_MemboxFree                         0x08001a18   Section        0  los_membox.o(i.LOS_MemboxFree)
    i.LOS_MemboxInit                         0x08001abc   Section        0  los_membox.o(i.LOS_MemboxInit)
    i.LOS_PriqueueDequeue                    0x08001b3c   Section        0  los_priqueue.o(i.LOS_PriqueueDequeue)
    i.LOS_PriqueueEnqueue                    0x08001b54   Section        0  los_priqueue.o(i.LOS_PriqueueEnqueue)
    i.LOS_PriqueueSize                       0x08001b78   Section        0  los_priqueue.o(i.LOS_PriqueueSize)
    i.LOS_PriqueueTop                        0x08001ba0   Section        0  los_priqueue.o(i.LOS_PriqueueTop)
    i.LOS_QueueCreate                        0x08001bdc   Section        0  los_queue.o(i.LOS_QueueCreate)
    i.LOS_QueueRead                          0x08001c58   Section        0  los_queue.o(i.LOS_QueueRead)
    i.LOS_QueueWrite                         0x08001d88   Section        0  los_queue.o(i.LOS_QueueWrite)
    i.LOS_Schedule                           0x08001ec4   Section        0  los_hw.o(i.LOS_Schedule)
    i.LOS_SemPost                            0x08001f04   Section        0  los_sem.o(i.LOS_SemPost)
    i.LOS_Start                              0x08001fbc   Section        0  los_config.o(i.LOS_Start)
    i.LOS_TaskCreate                         0x08001fd4   Section        0  los_task.o(i.LOS_TaskCreate)
    i.LOS_TaskCreateOnly                     0x08002070   Section        0  los_task.o(i.LOS_TaskCreateOnly)
    i.LOS_TaskDelay                          0x080021f4   Section        0  los_task.o(i.LOS_TaskDelay)
    i.LOS_TaskLock                           0x08002274   Section        0  los_task.o(i.LOS_TaskLock)
    i.LOS_TaskUnlock                         0x08002294   Section        0  los_task.o(i.LOS_TaskUnlock)
    i.LOS_TaskYield                          0x080022d0   Section        0  los_task.o(i.LOS_TaskYield)
    i.MemManage_Handler                      0x08002354   Section        0  stm32f10x_it.o(i.MemManage_Handler)
    i.MsgTask                                0x08002358   Section        0  main.o(i.MsgTask)
    i.NMI_Handler                            0x0800243c   Section        0  stm32f10x_it.o(i.NMI_Handler)
    i.Ov7725_GPIO_Config                     0x0800243e   Section        0  bsp_ov7725.o(i.Ov7725_GPIO_Config)
    i.Ov7725_Init                            0x0800244c   Section        0  bsp_ov7725.o(i.Ov7725_Init)
    i.RCC_AHBPeriphClockCmd                  0x080024b4   Section        0  stm32f10x_rcc.o(i.RCC_AHBPeriphClockCmd)
    i.RCC_APB1PeriphClockCmd                 0x080024d4   Section        0  stm32f10x_rcc.o(i.RCC_APB1PeriphClockCmd)
    i.RCC_APB2PeriphClockCmd                 0x080024f4   Section        0  stm32f10x_rcc.o(i.RCC_APB2PeriphClockCmd)
    i.RCC_GetClocksFreq                      0x08002514   Section        0  stm32f10x_rcc.o(i.RCC_GetClocksFreq)
    i.SCCB_Ack                               0x080025e8   Section        0  bsp_sccb.o(i.SCCB_Ack)
    SCCB_Ack                                 0x080025e9   Thumb Code    52  bsp_sccb.o(i.SCCB_Ack)
    i.SCCB_GPIO_Config                       0x08002620   Section        0  bsp_sccb.o(i.SCCB_GPIO_Config)
    i.SCCB_NoAck                             0x0800264c   Section        0  bsp_sccb.o(i.SCCB_NoAck)
    SCCB_NoAck                               0x0800264d   Thumb Code    52  bsp_sccb.o(i.SCCB_NoAck)
    i.SCCB_ReadByte                          0x08002684   Section        0  bsp_sccb.o(i.SCCB_ReadByte)
    i.SCCB_ReceiveByte                       0x08002700   Section        0  bsp_sccb.o(i.SCCB_ReceiveByte)
    SCCB_ReceiveByte                         0x08002701   Thumb Code    80  bsp_sccb.o(i.SCCB_ReceiveByte)
    i.SCCB_SendByte                          0x08002754   Section        0  bsp_sccb.o(i.SCCB_SendByte)
    SCCB_SendByte                            0x08002755   Thumb Code    84  bsp_sccb.o(i.SCCB_SendByte)
    i.SCCB_Start                             0x080027ac   Section        0  bsp_sccb.o(i.SCCB_Start)
    SCCB_Start                               0x080027ad   Thumb Code    78  bsp_sccb.o(i.SCCB_Start)
    i.SCCB_Stop                              0x08002800   Section        0  bsp_sccb.o(i.SCCB_Stop)
    SCCB_Stop                                0x08002801   Thumb Code    52  bsp_sccb.o(i.SCCB_Stop)
    i.SCCB_WaitAck                           0x08002838   Section        0  bsp_sccb.o(i.SCCB_WaitAck)
    SCCB_WaitAck                             0x08002839   Thumb Code    72  bsp_sccb.o(i.SCCB_WaitAck)
    i.SCCB_WriteByte                         0x08002884   Section        0  bsp_sccb.o(i.SCCB_WriteByte)
    i.SCCB_delay                             0x080028c4   Section        0  bsp_sccb.o(i.SCCB_delay)
    SCCB_delay                               0x080028c5   Thumb Code    16  bsp_sccb.o(i.SCCB_delay)
    i.SVC_Handler                            0x080028d4   Section        0  stm32f10x_it.o(i.SVC_Handler)
    i.SetSysClock                            0x080028d6   Section        0  system_stm32f10x.o(i.SetSysClock)
    SetSysClock                              0x080028d7   Thumb Code     8  system_stm32f10x.o(i.SetSysClock)
    i.SetSysClockTo72                        0x080028e0   Section        0  system_stm32f10x.o(i.SetSysClockTo72)
    SetSysClockTo72                          0x080028e1   Thumb Code   214  system_stm32f10x.o(i.SetSysClockTo72)
    i.SysTick_Handler                        0x080029c0   Section        0  los_tick.o(i.SysTick_Handler)
    i.SystemInit                             0x080029e8   Section        0  system_stm32f10x.o(i.SystemInit)
    i.USART_Cmd                              0x08002a48   Section        0  stm32f10x_usart.o(i.USART_Cmd)
    i.USART_GetFlagStatus                    0x08002a60   Section        0  stm32f10x_usart.o(i.USART_GetFlagStatus)
    i.USART_GetITStatus                      0x08002a7a   Section        0  stm32f10x_usart.o(i.USART_GetITStatus)
    i.USART_ITConfig                         0x08002ace   Section        0  stm32f10x_usart.o(i.USART_ITConfig)
    i.USART_Init                             0x08002b18   Section        0  stm32f10x_usart.o(i.USART_Init)
    i.USART_ReceiveData                      0x08002bf0   Section        0  stm32f10x_usart.o(i.USART_ReceiveData)
    i.USART_SendData                         0x08002bfa   Section        0  stm32f10x_usart.o(i.USART_SendData)
    i.USART_printf                           0x08002c02   Section        0  common.o(i.USART_printf)
    i.USARTx_Config                          0x08002d08   Section        0  bsp_usart1.o(i.USARTx_Config)
    i.UsageFault_Handler                     0x08002d88   Section        0  stm32f10x_it.o(i.UsageFault_Handler)
    i.VSYNC_EXTI_Configuration               0x08002d8c   Section        0  bsp_ov7725.o(i.VSYNC_EXTI_Configuration)
    VSYNC_EXTI_Configuration                 0x08002d8d   Thumb Code    46  bsp_ov7725.o(i.VSYNC_EXTI_Configuration)
    i.VSYNC_GPIO_Configuration               0x08002dbc   Section        0  bsp_ov7725.o(i.VSYNC_GPIO_Configuration)
    VSYNC_GPIO_Configuration                 0x08002dbd   Thumb Code    38  bsp_ov7725.o(i.VSYNC_GPIO_Configuration)
    i.VSYNC_Init                             0x08002de8   Section        0  bsp_ov7725.o(i.VSYNC_Init)
    i.VSYNC_NVIC_Configuration               0x08002df8   Section        0  bsp_ov7725.o(i.VSYNC_NVIC_Configuration)
    VSYNC_NVIC_Configuration                 0x08002df9   Thumb Code    32  bsp_ov7725.o(i.VSYNC_NVIC_Configuration)
    i.__0printf$5                            0x08002e1c   Section        0  printf5.o(i.__0printf$5)
    i.__0sprintf$5                           0x08002e3c   Section        0  printf5.o(i.__0sprintf$5)
    i.__scatterload_copy                     0x08002e64   Section       14  handlers.o(i.__scatterload_copy)
    i.__scatterload_null                     0x08002e72   Section        2  handlers.o(i.__scatterload_null)
    i.__scatterload_zeroinit                 0x08002e74   Section       14  handlers.o(i.__scatterload_zeroinit)
    i._printf_core                           0x08002e84   Section        0  printf5.o(i._printf_core)
    _printf_core                             0x08002e85   Thumb Code   658  printf5.o(i._printf_core)
    i._sputc                                 0x08003144   Section        0  printf5.o(i._sputc)
    _sputc                                   0x08003145   Thumb Code    10  printf5.o(i._sputc)
    i.creat_MsgTask                          0x08003150   Section        0  main.o(i.creat_MsgTask)
    i.creat_task1                            0x08003194   Section        0  main.o(i.creat_task1)
    i.fputc                                  0x080031d8   Section        0  bsp_usart1.o(i.fputc)
    i.hardware_init                          0x080031fc   Section        0  main.o(i.hardware_init)
    i.init_wifi                              0x08003220   Section        0  main.o(i.init_wifi)
    i.itoa                                   0x080032f0   Section        0  common.o(i.itoa)
    itoa                                     0x080032f1   Thumb Code    98  common.o(i.itoa)
    i.macESP8266_USART_INT_FUN_MY            0x08003354   Section        0  stm32f10x_it.o(i.macESP8266_USART_INT_FUN_MY)
    i.macOV7725_VSYNC_EXTI_INT_FUNCTION_IEye 0x080033d0   Section        0  bsp_ov7725.o(i.macOV7725_VSYNC_EXTI_INT_FUNCTION_IEye)
    i.main                                   0x0800342c   Section        0  los_config.o(i.main)
    i.osAppInit                              0x08003448   Section        0  main.o(i.osAppInit)
    i.osHwiDefaultHandler                    0x080034cc   Section        0  los_hwi.o(i.osHwiDefaultHandler)
    i.osHwiInit                              0x080034d4   Section        0  los_hwi.o(i.osHwiInit)
    i.osIdleTask                             0x08003504   Section        0  los_task.o(i.osIdleTask)
    i.osIdleTaskCreate                       0x08003508   Section        0  los_task.o(i.osIdleTaskCreate)
    i.osInterrupt                            0x08003554   Section        0  los_hwi.o(i.osInterrupt)
    i.osMain                                 0x080035a4   Section        0  los_config.o(i.osMain)
    i.osMemAllocWithCheck                    0x0800360a   Section        0  los_memory.o(i.osMemAllocWithCheck)
    osMemAllocWithCheck                      0x0800360b   Thumb Code    92  los_memory.o(i.osMemAllocWithCheck)
    i.osMemCheckUsedNode                     0x08003666   Section        0  los_memory.o(i.osMemCheckUsedNode)
    osMemCheckUsedNode                       0x08003667   Thumb Code   152  los_memory.o(i.osMemCheckUsedNode)
    i.osMemFindSuitableFreeBlock             0x080036fe   Section        0  los_memory.o(i.osMemFindSuitableFreeBlock)
    osMemFindSuitableFreeBlock               0x080036ff   Thumb Code    80  los_memory.o(i.osMemFindSuitableFreeBlock)
    i.osMemFreeNode                          0x0800374e   Section        0  los_memory.o(i.osMemFreeNode)
    osMemFreeNode                            0x0800374f   Thumb Code   178  los_memory.o(i.osMemFreeNode)
    i.osMemIsNodeValid                       0x08003800   Section        0  los_memory.o(i.osMemIsNodeValid)
    osMemIsNodeValid                         0x08003801   Thumb Code    62  los_memory.o(i.osMemIsNodeValid)
    i.osMemMergeNode                         0x0800383e   Section        0  los_memory.o(i.osMemMergeNode)
    osMemMergeNode                           0x0800383f   Thumb Code    36  los_memory.o(i.osMemMergeNode)
    i.osMemSetMagicNumAndTaskid              0x08003864   Section        0  los_memory.o(i.osMemSetMagicNumAndTaskid)
    osMemSetMagicNumAndTaskid                0x08003865   Thumb Code    28  los_memory.o(i.osMemSetMagicNumAndTaskid)
    i.osMemSpitNode                          0x08003884   Section        0  los_memory.o(i.osMemSpitNode)
    osMemSpitNode                            0x08003885   Thumb Code    92  los_memory.o(i.osMemSpitNode)
    i.osMemSystemInit                        0x080038e0   Section        0  los_memory.o(i.osMemSystemInit)
    i.osMuxInit                              0x08003904   Section        0  los_mux.o(i.osMuxInit)
    i.osPriqueueInit                         0x08003960   Section        0  los_priqueue.o(i.osPriqueueInit)
    i.osQueueCreate                          0x080039a8   Section        0  los_queue.o(i.osQueueCreate)
    i.osQueueInit                            0x08003a18   Section        0  los_queue.o(i.osQueueInit)
    i.osQueuePend                            0x08003a50   Section        0  los_queue.o(i.osQueuePend)
    osQueuePend                              0x08003a51   Thumb Code   132  los_queue.o(i.osQueuePend)
    i.osQueueWakeUp                          0x08003ad4   Section        0  los_queue.o(i.osQueueWakeUp)
    osQueueWakeUp                            0x08003ad5   Thumb Code    90  los_queue.o(i.osQueueWakeUp)
    i.osRegister                             0x08003b30   Section        0  los_config.o(i.osRegister)
    i.osSchedule                             0x08003b4c   Section        0  los_hw.o(i.osSchedule)
    i.osSemInit                              0x08003b54   Section        0  los_sem.o(i.osSemInit)
    i.osSwTmrInit                            0x08003bac   Section        0  los_swtmr.o(i.osSwTmrInit)
    i.osSwTmrStart                           0x08003c58   Section        0  los_swtmr.o(i.osSwTmrStart)
    i.osSwTmrTask                            0x08003cb8   Section        0  los_swtmr.o(i.osSwTmrTask)
    i.osSwTmrTaskCreate                      0x08003d08   Section        0  los_swtmr.o(i.osSwTmrTaskCreate)
    i.osSwTmrTimeoutHandle                   0x08003d50   Section        0  los_swtmr.o(i.osSwTmrTimeoutHandle)
    osSwTmrTimeoutHandle                     0x08003d51   Thumb Code   128  los_swtmr.o(i.osSwTmrTimeoutHandle)
    i.osSwtmrDelete                          0x08003ddc   Section        0  los_swtmr.o(i.osSwtmrDelete)
    osSwtmrDelete                            0x08003ddd   Thumb Code    16  los_swtmr.o(i.osSwtmrDelete)
    i.osSwtmrScan                            0x08003df0   Section        0  los_swtmr.o(i.osSwtmrScan)
    i.osTaskAdd2TimerList                    0x08003e14   Section        0  los_task.o(i.osTaskAdd2TimerList)
    i.osTaskEntry                            0x08003ed4   Section        0  los_task.o(i.osTaskEntry)
    i.osTaskExit                             0x08003f78   Section        0  los_hw.o(i.osTaskExit)
    i.osTaskInit                             0x08003f80   Section        0  los_task.o(i.osTaskInit)
    i.osTaskMemUsedDec                       0x080040a8   Section        0  los_memstat.o(i.osTaskMemUsedDec)
    i.osTaskMemUsedInc                       0x080040dc   Section        0  los_memstat.o(i.osTaskMemUsedInc)
    i.osTaskScan                             0x08004118   Section        0  los_task.o(i.osTaskScan)
    i.osTaskSelfDelete                       0x080041f4   Section        0  los_task.o(i.osTaskSelfDelete)
    i.osTickStart                            0x080042f0   Section        0  los_hw_tick.o(i.osTickStart)
    i.osTimerListDelete                      0x08004348   Section        0  los_task.o(i.osTimerListDelete)
    i.osTimesliceCheck                       0x08004390   Section        0  los_timeslice.o(i.osTimesliceCheck)
    i.osTimesliceInit                        0x080043dc   Section        0  los_timeslice.o(i.osTimesliceInit)
    i.osTskStackInit                         0x080043ec   Section        0  los_hw.o(i.osTskStackInit)
    i.recv_process                           0x08004474   Section        0  main.o(i.recv_process)
    i.send_process                           0x0800448c   Section        0  main.o(i.send_process)
    i.task1                                  0x08004514   Section        0  main.o(i.task1)
    .vector.bss                              0x20000000   Section     1024  los_hwi.o(.vector.bss)
    .data                                    0x20000600   Section       20  stm32f10x_rcc.o(.data)
    APBAHBPrescTable                         0x20000600   Data          16  stm32f10x_rcc.o(.data)
    ADCPrescTable                            0x20000610   Data           4  stm32f10x_rcc.o(.data)
    .data                                    0x20000614   Section       72  main.o(.data)
    MsgQueueID                               0x20000614   Data           4  main.o(.data)
    .data                                    0x2000065c   Section      160  bsp_ov7725.o(.data)
    iCount                                   0x200006f8   Data           4  bsp_ov7725.o(.data)
    .data                                    0x200006fc   Section        4  los_priqueue.o(.data)
    .data                                    0x20000700   Section       16  los_swtmr.o(.data)
    .data                                    0x20000710   Section       68  los_task.o(.data)
    .data                                    0x20000758   Section       16  los_tick.o(.data)
    .data                                    0x20000768   Section        8  los_timeslice.o(.data)
    .data                                    0x20000770   Section       12  los_mux.o(.data)
    .data                                    0x2000077c   Section        4  los_queue.o(.data)
    .data                                    0x20000780   Section       12  los_sem.o(.data)
    .data                                    0x2000078c   Section        8  los_config.o(.data)
    .data                                    0x20000794   Section        4  los_hw_tick.o(.data)
    .data                                    0x20000798   Section        4  los_hwi.o(.data)
    .data                                    0x2000079c   Section        4  stdout.o(.data)
    .bss                                     0x200007a0   Section     1144  main.o(.bss)
    .bss                                     0x20000c18   Section    24352  bsp_ov7725.o(.bss)
    .bss                                     0x20006b38   Section     1028  bsp_esp8266.o(.bss)
    .bss                                     0x20006f3c   Section      208  los_swtmr.o(.bss)
    .bss                                     0x2000700c   Section    32768  los_memory.o(.bss)
    .bss                                     0x2000f00c   Section       64  los_memstat.o(.bss)
    .bss                                     0x2000f04c   Section     1024  los_hwi.o(.bss)
    STACK                                    0x2000f450   Section     1024  startup_stm32f10x_hd.o(STACK)

    Global Symbols

    Symbol Name                              Value     Ov Type        Size  Object(Section)

    BuildAttributes$$THM_ISAv4$P$D$K$B$S$PE$A:L22UL41UL21$X:L11$S22US41US21$IEEE1$IW$USESV6$~STKCKD$USESV7$~SHL$OSPACE$ROPI$EBA8$MICROLIB$REQ8$PRES8$EABIv2 0x00000000   Number         0  anon$$obj.o ABSOLUTE
    __ARM_use_no_argv                        0x00000000   Number         0  los_config.o ABSOLUTE
    _printf_a                                0x00000000   Number         0  stubs.o ABSOLUTE
    _printf_c                                0x00000000   Number         0  stubs.o ABSOLUTE
    _printf_charcount                        0x00000000   Number         0  stubs.o ABSOLUTE
    _printf_d                                0x00000000   Number         0  stubs.o ABSOLUTE
    _printf_e                                0x00000000   Number         0  stubs.o ABSOLUTE
    _printf_f                                0x00000000   Number         0  stubs.o ABSOLUTE
    _printf_flags                            0x00000000   Number         0  stubs.o ABSOLUTE
    _printf_fp_dec                           0x00000000   Number         0  stubs.o ABSOLUTE
    _printf_fp_hex                           0x00000000   Number         0  stubs.o ABSOLUTE
    _printf_g                                0x00000000   Number         0  stubs.o ABSOLUTE
    _printf_i                                0x00000000   Number         0  stubs.o ABSOLUTE
    _printf_int_dec                          0x00000000   Number         0  stubs.o ABSOLUTE
    _printf_l                                0x00000000   Number         0  stubs.o ABSOLUTE
    _printf_lc                               0x00000000   Number         0  stubs.o ABSOLUTE
    _printf_ll                               0x00000000   Number         0  stubs.o ABSOLUTE
    _printf_lld                              0x00000000   Number         0  stubs.o ABSOLUTE
    _printf_lli                              0x00000000   Number         0  stubs.o ABSOLUTE
    _printf_llo                              0x00000000   Number         0  stubs.o ABSOLUTE
    _printf_llu                              0x00000000   Number         0  stubs.o ABSOLUTE
    _printf_llx                              0x00000000   Number         0  stubs.o ABSOLUTE
    _printf_longlong_dec                     0x00000000   Number         0  stubs.o ABSOLUTE
    _printf_longlong_hex                     0x00000000   Number         0  stubs.o ABSOLUTE
    _printf_longlong_oct                     0x00000000   Number         0  stubs.o ABSOLUTE
    _printf_ls                               0x00000000   Number         0  stubs.o ABSOLUTE
    _printf_mbtowc                           0x00000000   Number         0  stubs.o ABSOLUTE
    _printf_n                                0x00000000   Number         0  stubs.o ABSOLUTE
    _printf_o                                0x00000000   Number         0  stubs.o ABSOLUTE
    _printf_p                                0x00000000   Number         0  stubs.o ABSOLUTE
    _printf_percent                          0x00000000   Number         0  stubs.o ABSOLUTE
    _printf_pre_padding                      0x00000000   Number         0  stubs.o ABSOLUTE
    _printf_return_value                     0x00000000   Number         0  stubs.o ABSOLUTE
    _printf_s                                0x00000000   Number         0  stubs.o ABSOLUTE
    _printf_sizespec                         0x00000000   Number         0  stubs.o ABSOLUTE
    _printf_str                              0x00000000   Number         0  stubs.o ABSOLUTE
    _printf_truncate_signed                  0x00000000   Number         0  stubs.o ABSOLUTE
    _printf_truncate_unsigned                0x00000000   Number         0  stubs.o ABSOLUTE
    _printf_u                                0x00000000   Number         0  stubs.o ABSOLUTE
    _printf_wc                               0x00000000   Number         0  stubs.o ABSOLUTE
    _printf_wctomb                           0x00000000   Number         0  stubs.o ABSOLUTE
    _printf_widthprec                        0x00000000   Number         0  stubs.o ABSOLUTE
    _printf_x                                0x00000000   Number         0  stubs.o ABSOLUTE
    __cpp_initialize__aeabi_                  - Undefined Weak Reference
    __cxa_finalize                            - Undefined Weak Reference
    _clock_init                               - Undefined Weak Reference
    _microlib_exit                            - Undefined Weak Reference
    __Vectors_Size                           0x00000130   Number         0  startup_stm32f10x_hd.o ABSOLUTE
    __Vectors                                0x08000000   Data           4  startup_stm32f10x_hd.o(RESET)
    __Vectors_End                            0x08000130   Data           0  startup_stm32f10x_hd.o(RESET)
    __main                                   0x08000131   Thumb Code     0  entry.o(.ARM.Collect$$$$00000000)
    _main_stk                                0x08000131   Thumb Code     0  entry3.o(.ARM.Collect$$$$00000002)
    _main_scatterload                        0x08000135   Thumb Code     0  entry5.o(.ARM.Collect$$$$00000004)
    __main_after_scatterload                 0x08000139   Thumb Code     0  entry5.o(.ARM.Collect$$$$00000004)
    _main_clock                              0x08000139   Thumb Code     0  entry7b.o(.ARM.Collect$$$$00000008)
    _main_cpp_init                           0x08000139   Thumb Code     0  entry8b.o(.ARM.Collect$$$$0000000A)
    _main_init                               0x08000139   Thumb Code     0  entry9a.o(.ARM.Collect$$$$0000000B)
    __rt_final_cpp                           0x08000141   Thumb Code     0  entry10a.o(.ARM.Collect$$$$0000000D)
    __rt_final_exit                          0x08000141   Thumb Code     0  entry11a.o(.ARM.Collect$$$$0000000F)
    osIntNumGet                              0x08000145   Thumb Code     6  los_hwi.o(.emb_text)
    Reset_Handler                            0x0800014d   Thumb Code     8  startup_stm32f10x_hd.o(.text)
    ADC1_2_IRQHandler                        0x08000167   Thumb Code     0  startup_stm32f10x_hd.o(.text)
    ADC3_IRQHandler                          0x08000167   Thumb Code     0  startup_stm32f10x_hd.o(.text)
    CAN1_RX1_IRQHandler                      0x08000167   Thumb Code     0  startup_stm32f10x_hd.o(.text)
    CAN1_SCE_IRQHandler                      0x08000167   Thumb Code     0  startup_stm32f10x_hd.o(.text)
    DMA1_Channel1_IRQHandler                 0x08000167   Thumb Code     0  startup_stm32f10x_hd.o(.text)
    DMA1_Channel2_IRQHandler                 0x08000167   Thumb Code     0  startup_stm32f10x_hd.o(.text)
    DMA1_Channel3_IRQHandler                 0x08000167   Thumb Code     0  startup_stm32f10x_hd.o(.text)
    DMA1_Channel4_IRQHandler                 0x08000167   Thumb Code     0  startup_stm32f10x_hd.o(.text)
    DMA1_Channel5_IRQHandler                 0x08000167   Thumb Code     0  startup_stm32f10x_hd.o(.text)
    DMA1_Channel6_IRQHandler                 0x08000167   Thumb Code     0  startup_stm32f10x_hd.o(.text)
    DMA1_Channel7_IRQHandler                 0x08000167   Thumb Code     0  startup_stm32f10x_hd.o(.text)
    DMA2_Channel1_IRQHandler                 0x08000167   Thumb Code     0  startup_stm32f10x_hd.o(.text)
    DMA2_Channel2_IRQHandler                 0x08000167   Thumb Code     0  startup_stm32f10x_hd.o(.text)
    DMA2_Channel3_IRQHandler                 0x08000167   Thumb Code     0  startup_stm32f10x_hd.o(.text)
    DMA2_Channel4_5_IRQHandler               0x08000167   Thumb Code     0  startup_stm32f10x_hd.o(.text)
    EXTI0_IRQHandler                         0x08000167   Thumb Code     0  startup_stm32f10x_hd.o(.text)
    EXTI15_10_IRQHandler                     0x08000167   Thumb Code     0  startup_stm32f10x_hd.o(.text)
    EXTI1_IRQHandler                         0x08000167   Thumb Code     0  startup_stm32f10x_hd.o(.text)
    EXTI2_IRQHandler                         0x08000167   Thumb Code     0  startup_stm32f10x_hd.o(.text)
    EXTI4_IRQHandler                         0x08000167   Thumb Code     0  startup_stm32f10x_hd.o(.text)
    EXTI9_5_IRQHandler                       0x08000167   Thumb Code     0  startup_stm32f10x_hd.o(.text)
    FLASH_IRQHandler                         0x08000167   Thumb Code     0  startup_stm32f10x_hd.o(.text)
    FSMC_IRQHandler                          0x08000167   Thumb Code     0  startup_stm32f10x_hd.o(.text)
    I2C1_ER_IRQHandler                       0x08000167   Thumb Code     0  startup_stm32f10x_hd.o(.text)
    I2C1_EV_IRQHandler                       0x08000167   Thumb Code     0  startup_stm32f10x_hd.o(.text)
    I2C2_ER_IRQHandler                       0x08000167   Thumb Code     0  startup_stm32f10x_hd.o(.text)
    I2C2_EV_IRQHandler                       0x08000167   Thumb Code     0  startup_stm32f10x_hd.o(.text)
    PVD_IRQHandler                           0x08000167   Thumb Code     0  startup_stm32f10x_hd.o(.text)
    RCC_IRQHandler                           0x08000167   Thumb Code     0  startup_stm32f10x_hd.o(.text)
    RTCAlarm_IRQHandler                      0x08000167   Thumb Code     0  startup_stm32f10x_hd.o(.text)
    RTC_IRQHandler                           0x08000167   Thumb Code     0  startup_stm32f10x_hd.o(.text)
    SDIO_IRQHandler                          0x08000167   Thumb Code     0  startup_stm32f10x_hd.o(.text)
    SPI1_IRQHandler                          0x08000167   Thumb Code     0  startup_stm32f10x_hd.o(.text)
    SPI2_IRQHandler                          0x08000167   Thumb Code     0  startup_stm32f10x_hd.o(.text)
    SPI3_IRQHandler                          0x08000167   Thumb Code     0  startup_stm32f10x_hd.o(.text)
    TAMPER_IRQHandler                        0x08000167   Thumb Code     0  startup_stm32f10x_hd.o(.text)
    TIM1_BRK_IRQHandler                      0x08000167   Thumb Code     0  startup_stm32f10x_hd.o(.text)
    TIM1_CC_IRQHandler                       0x08000167   Thumb Code     0  startup_stm32f10x_hd.o(.text)
    TIM1_TRG_COM_IRQHandler                  0x08000167   Thumb Code     0  startup_stm32f10x_hd.o(.text)
    TIM1_UP_IRQHandler                       0x08000167   Thumb Code     0  startup_stm32f10x_hd.o(.text)
    TIM2_IRQHandler                          0x08000167   Thumb Code     0  startup_stm32f10x_hd.o(.text)
    TIM3_IRQHandler                          0x08000167   Thumb Code     0  startup_stm32f10x_hd.o(.text)
    TIM4_IRQHandler                          0x08000167   Thumb Code     0  startup_stm32f10x_hd.o(.text)
    TIM5_IRQHandler                          0x08000167   Thumb Code     0  startup_stm32f10x_hd.o(.text)
    TIM6_IRQHandler                          0x08000167   Thumb Code     0  startup_stm32f10x_hd.o(.text)
    TIM7_IRQHandler                          0x08000167   Thumb Code     0  startup_stm32f10x_hd.o(.text)
    TIM8_BRK_IRQHandler                      0x08000167   Thumb Code     0  startup_stm32f10x_hd.o(.text)
    TIM8_CC_IRQHandler                       0x08000167   Thumb Code     0  startup_stm32f10x_hd.o(.text)
    TIM8_TRG_COM_IRQHandler                  0x08000167   Thumb Code     0  startup_stm32f10x_hd.o(.text)
    TIM8_UP_IRQHandler                       0x08000167   Thumb Code     0  startup_stm32f10x_hd.o(.text)
    UART4_IRQHandler                         0x08000167   Thumb Code     0  startup_stm32f10x_hd.o(.text)
    UART5_IRQHandler                         0x08000167   Thumb Code     0  startup_stm32f10x_hd.o(.text)
    USART1_IRQHandler                        0x08000167   Thumb Code     0  startup_stm32f10x_hd.o(.text)
    USART2_IRQHandler                        0x08000167   Thumb Code     0  startup_stm32f10x_hd.o(.text)
    USART3_IRQHandler                        0x08000167   Thumb Code     0  startup_stm32f10x_hd.o(.text)
    USBWakeUp_IRQHandler                     0x08000167   Thumb Code     0  startup_stm32f10x_hd.o(.text)
    USB_HP_CAN1_TX_IRQHandler                0x08000167   Thumb Code     0  startup_stm32f10x_hd.o(.text)
    USB_LP_CAN1_RX0_IRQHandler               0x08000167   Thumb Code     0  startup_stm32f10x_hd.o(.text)
    WWDG_IRQHandler                          0x08000167   Thumb Code     0  startup_stm32f10x_hd.o(.text)
    LOS_StartToRun                           0x08000171   Thumb Code     0  los_dispatch.o(.text)
    __aeabi_uldivmod                         0x080001cd   Thumb Code    98  uldiv.o(.text)
    __aeabi_memcpy                           0x0800022f   Thumb Code    36  memcpya.o(.text)
    __aeabi_memcpy4                          0x0800022f   Thumb Code     0  memcpya.o(.text)
    __aeabi_memcpy8                          0x0800022f   Thumb Code     0  memcpya.o(.text)
    __aeabi_memset                           0x08000253   Thumb Code    14  memseta.o(.text)
    __aeabi_memset4                          0x08000253   Thumb Code     0  memseta.o(.text)
    __aeabi_memset8                          0x08000253   Thumb Code     0  memseta.o(.text)
    __aeabi_memclr                           0x08000261   Thumb Code     4  memseta.o(.text)
    __aeabi_memclr4                          0x08000261   Thumb Code     0  memseta.o(.text)
    __aeabi_memclr8                          0x08000261   Thumb Code     0  memseta.o(.text)
    _memset$wrapper                          0x08000265   Thumb Code    18  memseta.o(.text)
    strstr                                   0x08000277   Thumb Code    36  strstr.o(.text)
    __aeabi_llsl                             0x0800029b   Thumb Code    30  llshl.o(.text)
    _ll_shift_l                              0x0800029b   Thumb Code     0  llshl.o(.text)
    __aeabi_llsr                             0x080002b9   Thumb Code    32  llushr.o(.text)
    _ll_ushift_r                             0x080002b9   Thumb Code     0  llushr.o(.text)
    __scatterload                            0x080002d9   Thumb Code    28  init.o(.text)
    __scatterload_rt2                        0x080002d9   Thumb Code     0  init.o(.text)
    __decompress                             0x080002fd   Thumb Code     0  __dczerorl2.o(.text)
    __decompress1                            0x080002fd   Thumb Code    86  __dczerorl2.o(.text)
    LOS_IntLock                              0x08000355   Thumb Code     0  los_dispatch.o(KERNEL)
    LOS_IntUnLock                            0x0800035d   Thumb Code     0  los_dispatch.o(KERNEL)
    LOS_IntRestore                           0x08000365   Thumb Code     0  los_dispatch.o(KERNEL)
    osTaskSchedule                           0x0800036b   Thumb Code     0  los_dispatch.o(KERNEL)
    PendSV_Handler                           0x08000375   Thumb Code     0  los_dispatch.o(KERNEL)
    BusFault_Handler                         0x080003d5   Thumb Code     4  stm32f10x_it.o(i.BusFault_Handler)
    DHT11_Init                               0x08000405   Thumb Code    16  bsp_dht11.o(i.DHT11_Init)
    DebugMon_Handler                         0x08000419   Thumb Code     2  stm32f10x_it.o(i.DebugMon_Handler)
    Delay                                    0x0800041b   Thumb Code    18  main.o(i.Delay)
    ESP8266_AT_Test                          0x0800042d   Thumb Code    58  bsp_esp8266.o(i.ESP8266_AT_Test)
    ESP8266_BuildAP                          0x08000475   Thumb Code    42  bsp_esp8266.o(i.ESP8266_BuildAP)
    ESP8266_CIPAP                            0x080004bd   Thumb Code    42  bsp_esp8266.o(i.ESP8266_CIPAP)
    ESP8266_Cmd                              0x080004fd   Thumb Code    82  bsp_esp8266.o(i.ESP8266_Cmd)
    ESP8266_Enable_MultipleId                0x08000565   Thumb Code    42  bsp_esp8266.o(i.ESP8266_Enable_MultipleId)
    ESP8266_Init                             0x080005e9   Thumb Code    32  bsp_esp8266.o(i.ESP8266_Init)
    ESP8266_Inquire_ApIp                     0x0800060d   Thumb Code    78  bsp_esp8266.o(i.ESP8266_Inquire_ApIp)
    ESP8266_Net_Mode_Choose                  0x08000679   Thumb Code    68  bsp_esp8266.o(i.ESP8266_Net_Mode_Choose)
    ESP8266_Rst                              0x080006f1   Thumb Code    32  bsp_esp8266.o(i.ESP8266_Rst)
    ESP8266_SendString                       0x08000715   Thumb Code   100  bsp_esp8266.o(i.ESP8266_SendString)
    ESP8266_StartOrShutServer                0x080007b1   Thumb Code   104  bsp_esp8266.o(i.ESP8266_StartOrShutServer)
    EXTI3_IRQHandler                         0x08000901   Thumb Code    78  stm32f10x_it.o(i.EXTI3_IRQHandler)
    EXTI_ClearITPendingBit                   0x0800095d   Thumb Code     6  stm32f10x_exti.o(i.EXTI_ClearITPendingBit)
    EXTI_GenerateSWInterrupt                 0x08000969   Thumb Code    12  stm32f10x_exti.o(i.EXTI_GenerateSWInterrupt)
    EXTI_GetITStatus                         0x08000979   Thumb Code    34  stm32f10x_exti.o(i.EXTI_GetITStatus)
    EXTI_Init                                0x080009a1   Thumb Code   142  stm32f10x_exti.o(i.EXTI_Init)
    FSMC_NORSRAMCmd                          0x08000af5   Thumb Code    46  stm32f10x_fsmc.o(i.FSMC_NORSRAMCmd)
    FSMC_NORSRAMInit                         0x08000b29   Thumb Code   230  stm32f10x_fsmc.o(i.FSMC_NORSRAMInit)
    GPIO_EXTILineConfig                      0x08000c11   Thumb Code    60  stm32f10x_gpio.o(i.GPIO_EXTILineConfig)
    GPIO_Init                                0x08000c51   Thumb Code   278  stm32f10x_gpio.o(i.GPIO_Init)
    GPIO_ReadInputDataBit                    0x08000d67   Thumb Code    18  stm32f10x_gpio.o(i.GPIO_ReadInputDataBit)
    GPIO_ResetBits                           0x08000d79   Thumb Code     4  stm32f10x_gpio.o(i.GPIO_ResetBits)
    GPIO_SetBits                             0x08000d7d   Thumb Code     4  stm32f10x_gpio.o(i.GPIO_SetBits)
    HardFault_Handler                        0x08000d81   Thumb Code     4  stm32f10x_it.o(i.HardFault_Handler)
    ILI9341_BackLed_Control                  0x08000d85   Thumb Code    30  bsp_ili9341_lcd.o(i.ILI9341_BackLed_Control)
    ILI9341_GramScan                         0x08000f05   Thumb Code   328  bsp_ili9341_lcd.o(i.ILI9341_GramScan)
    ILI9341_Init                             0x0800104d   Thumb Code    26  bsp_ili9341_lcd.o(i.ILI9341_Init)
    ILI9341_Rst                              0x08001299   Thumb Code    32  bsp_ili9341_lcd.o(i.ILI9341_Rst)
    ILI9341_Write_Cmd                        0x080012c1   Thumb Code     8  bsp_ili9341_lcd.o(i.ILI9341_Write_Cmd)
    ILI9341_Write_Data                       0x080012c9   Thumb Code     6  bsp_ili9341_lcd.o(i.ILI9341_Write_Data)
    ImagDisp                                 0x080012d5   Thumb Code   424  bsp_ov7725.o(i.ImagDisp)
    LCD_Init                                 0x08001489   Thumb Code     8  bsp_lcd.o(i.LCD_Init)
    LED_GPIO_Config                          0x08001491   Thumb Code    90  bsp_led.o(i.LED_GPIO_Config)
    LOS_Align                                0x080014f1   Thumb Code    28  los_misc.o(i.LOS_Align)
    LOS_DLnkInitMultiHead                    0x0800150d   Thumb Code    30  los_multipledlinkhead.o(i.LOS_DLnkInitMultiHead)
    LOS_DLnkMultiHead                        0x0800152b   Thumb Code    42  los_multipledlinkhead.o(i.LOS_DLnkMultiHead)
    LOS_HwiCreate                            0x08001555   Thumb Code   142  los_hwi.o(i.LOS_HwiCreate)
    LOS_MemAlloc                             0x08001839   Thumb Code    58  los_memory.o(i.LOS_MemAlloc)
    LOS_MemAllocAlign                        0x08001873   Thumb Code   108  los_memory.o(i.LOS_MemAllocAlign)
    LOS_MemFree                              0x080018df   Thumb Code    84  los_memory.o(i.LOS_MemFree)
    LOS_MemInit                              0x08001933   Thumb Code   166  los_memory.o(i.LOS_MemInit)
    LOS_MemboxAlloc                          0x080019d9   Thumb Code    60  los_membox.o(i.LOS_MemboxAlloc)
    LOS_MemboxFree                           0x08001a19   Thumb Code   158  los_membox.o(i.LOS_MemboxFree)
    LOS_MemboxInit                           0x08001abd   Thumb Code   128  los_membox.o(i.LOS_MemboxInit)
    LOS_PriqueueDequeue                      0x08001b3d   Thumb Code    24  los_priqueue.o(i.LOS_PriqueueDequeue)
    LOS_PriqueueEnqueue                      0x08001b55   Thumb Code    32  los_priqueue.o(i.LOS_PriqueueEnqueue)
    LOS_PriqueueSize                         0x08001b79   Thumb Code    36  los_priqueue.o(i.LOS_PriqueueSize)
    LOS_PriqueueTop                          0x08001ba1   Thumb Code    54  los_priqueue.o(i.LOS_PriqueueTop)
    LOS_QueueCreate                          0x08001bdd   Thumb Code   118  los_queue.o(i.LOS_QueueCreate)
    LOS_QueueRead                            0x08001c59   Thumb Code   282  los_queue.o(i.LOS_QueueRead)
    LOS_QueueWrite                           0x08001d89   Thumb Code   296  los_queue.o(i.LOS_QueueWrite)
    LOS_Schedule                             0x08001ec5   Thumb Code    56  los_hw.o(i.LOS_Schedule)
    LOS_SemPost                              0x08001f05   Thumb Code   176  los_sem.o(i.LOS_SemPost)
    LOS_Start                                0x08001fbd   Thumb Code    22  los_config.o(i.LOS_Start)
    LOS_TaskCreate                           0x08001fd5   Thumb Code   140  los_task.o(i.LOS_TaskCreate)
    LOS_TaskCreateOnly                       0x08002071   Thumb Code   368  los_task.o(i.LOS_TaskCreateOnly)
    LOS_TaskDelay                            0x080021f5   Thumb Code   106  los_task.o(i.LOS_TaskDelay)
    LOS_TaskLock                             0x08002275   Thumb Code    26  los_task.o(i.LOS_TaskLock)
    LOS_TaskUnlock                           0x08002295   Thumb Code    54  los_task.o(i.LOS_TaskUnlock)
    LOS_TaskYield                            0x080022d1   Thumb Code   118  los_task.o(i.LOS_TaskYield)
    MemManage_Handler                        0x08002355   Thumb Code     4  stm32f10x_it.o(i.MemManage_Handler)
    MsgTask                                  0x08002359   Thumb Code   200  main.o(i.MsgTask)
    NMI_Handler                              0x0800243d   Thumb Code     2  stm32f10x_it.o(i.NMI_Handler)
    Ov7725_GPIO_Config                       0x0800243f   Thumb Code    12  bsp_ov7725.o(i.Ov7725_GPIO_Config)
    Ov7725_Init                              0x0800244d   Thumb Code    96  bsp_ov7725.o(i.Ov7725_Init)
    RCC_AHBPeriphClockCmd                    0x080024b5   Thumb Code    26  stm32f10x_rcc.o(i.RCC_AHBPeriphClockCmd)
    RCC_APB1PeriphClockCmd                   0x080024d5   Thumb Code    26  stm32f10x_rcc.o(i.RCC_APB1PeriphClockCmd)
    RCC_APB2PeriphClockCmd                   0x080024f5   Thumb Code    26  stm32f10x_rcc.o(i.RCC_APB2PeriphClockCmd)
    RCC_GetClocksFreq                        0x08002515   Thumb Code   192  stm32f10x_rcc.o(i.RCC_GetClocksFreq)
    SCCB_GPIO_Config                         0x08002621   Thumb Code    38  bsp_sccb.o(i.SCCB_GPIO_Config)
    SCCB_ReadByte                            0x08002685   Thumb Code   122  bsp_sccb.o(i.SCCB_ReadByte)
    SCCB_WriteByte                           0x08002885   Thumb Code    64  bsp_sccb.o(i.SCCB_WriteByte)
    SVC_Handler                              0x080028d5   Thumb Code     2  stm32f10x_it.o(i.SVC_Handler)
    SysTick_Handler                          0x080029c1   Thumb Code    34  los_tick.o(i.SysTick_Handler)
    SystemInit                               0x080029e9   Thumb Code    78  system_stm32f10x.o(i.SystemInit)
    USART_Cmd                                0x08002a49   Thumb Code    24  stm32f10x_usart.o(i.USART_Cmd)
    USART_GetFlagStatus                      0x08002a61   Thumb Code    26  stm32f10x_usart.o(i.USART_GetFlagStatus)
    USART_GetITStatus                        0x08002a7b   Thumb Code    84  stm32f10x_usart.o(i.USART_GetITStatus)
    USART_ITConfig                           0x08002acf   Thumb Code    74  stm32f10x_usart.o(i.USART_ITConfig)
    USART_Init                               0x08002b19   Thumb Code   210  stm32f10x_usart.o(i.USART_Init)
    USART_ReceiveData                        0x08002bf1   Thumb Code    10  stm32f10x_usart.o(i.USART_ReceiveData)
    USART_SendData                           0x08002bfb   Thumb Code     8  stm32f10x_usart.o(i.USART_SendData)
    USART_printf                             0x08002c03   Thumb Code   262  common.o(i.USART_printf)
    USARTx_Config                            0x08002d09   Thumb Code   120  bsp_usart1.o(i.USARTx_Config)
    UsageFault_Handler                       0x08002d89   Thumb Code     4  stm32f10x_it.o(i.UsageFault_Handler)
    VSYNC_Init                               0x08002de9   Thumb Code    16  bsp_ov7725.o(i.VSYNC_Init)
    __0printf$5                              0x08002e1d   Thumb Code    22  printf5.o(i.__0printf$5)
    __1printf$5                              0x08002e1d   Thumb Code     0  printf5.o(i.__0printf$5)
    __2printf                                0x08002e1d   Thumb Code     0  printf5.o(i.__0printf$5)
    __0sprintf$5                             0x08002e3d   Thumb Code    34  printf5.o(i.__0sprintf$5)
    __1sprintf$5                             0x08002e3d   Thumb Code     0  printf5.o(i.__0sprintf$5)
    __2sprintf                               0x08002e3d   Thumb Code     0  printf5.o(i.__0sprintf$5)
    __scatterload_copy                       0x08002e65   Thumb Code    14  handlers.o(i.__scatterload_copy)
    __scatterload_null                       0x08002e73   Thumb Code     2  handlers.o(i.__scatterload_null)
    __scatterload_zeroinit                   0x08002e75   Thumb Code    14  handlers.o(i.__scatterload_zeroinit)
    creat_MsgTask                            0x08003151   Thumb Code    52  main.o(i.creat_MsgTask)
    creat_task1                              0x08003195   Thumb Code    52  main.o(i.creat_task1)
    fputc                                    0x080031d9   Thumb Code    32  bsp_usart1.o(i.fputc)
    hardware_init                            0x080031fd   Thumb Code    34  main.o(i.hardware_init)
    init_wifi                                0x08003221   Thumb Code   138  main.o(i.init_wifi)
    macESP8266_USART_INT_FUN_MY              0x08003355   Thumb Code   114  stm32f10x_it.o(i.macESP8266_USART_INT_FUN_MY)
    macOV7725_VSYNC_EXTI_INT_FUNCTION_IEye   0x080033d1   Thumb Code    78  bsp_ov7725.o(i.macOV7725_VSYNC_EXTI_INT_FUNCTION_IEye)
    main                                     0x0800342d   Thumb Code    26  los_config.o(i.main)
    osAppInit                                0x08003449   Thumb Code    76  main.o(i.osAppInit)
    osHwiDefaultHandler                      0x080034cd   Thumb Code     8  los_hwi.o(i.osHwiDefaultHandler)
    osHwiInit                                0x080034d5   Thumb Code    32  los_hwi.o(i.osHwiInit)
    osIdleTask                               0x08003505   Thumb Code     4  los_task.o(i.osIdleTask)
    osIdleTaskCreate                         0x08003509   Thumb Code    54  los_task.o(i.osIdleTaskCreate)
    osInterrupt                              0x08003555   Thumb Code    70  los_hwi.o(i.osInterrupt)
    osMain                                   0x080035a5   Thumb Code   102  los_config.o(i.osMain)
    osMemSystemInit                          0x080038e1   Thumb Code    26  los_memory.o(i.osMemSystemInit)
    osMuxInit                                0x08003905   Thumb Code    74  los_mux.o(i.osMuxInit)
    osPriqueueInit                           0x08003961   Thumb Code    64  los_priqueue.o(i.osPriqueueInit)
    osQueueCreate                            0x080039a9   Thumb Code   100  los_queue.o(i.osQueueCreate)
    osQueueInit                              0x08003a19   Thumb Code    44  los_queue.o(i.osQueueInit)
    osRegister                               0x08003b31   Thumb Code    14  los_config.o(i.osRegister)
    osSchedule                               0x08003b4d   Thumb Code     8  los_hw.o(i.osSchedule)
    osSemInit                                0x08003b55   Thumb Code    70  los_sem.o(i.osSemInit)
    osSwTmrInit                              0x08003bad   Thumb Code   142  los_swtmr.o(i.osSwTmrInit)
    osSwTmrStart                             0x08003c59   Thumb Code    92  los_swtmr.o(i.osSwTmrStart)
    osSwTmrTask                              0x08003cb9   Thumb Code    70  los_swtmr.o(i.osSwTmrTask)
    osSwTmrTaskCreate                        0x08003d09   Thumb Code    52  los_swtmr.o(i.osSwTmrTaskCreate)
    osSwtmrScan                              0x08003df1   Thumb Code    32  los_swtmr.o(i.osSwtmrScan)
    osTaskAdd2TimerList                      0x08003e15   Thumb Code   188  los_task.o(i.osTaskAdd2TimerList)
    osTaskEntry                              0x08003ed5   Thumb Code   154  los_task.o(i.osTaskEntry)
    osTaskExit                               0x08003f79   Thumb Code     6  los_hw.o(i.osTaskExit)
    osTaskInit                               0x08003f81   Thumb Code   258  los_task.o(i.osTaskInit)
    osTaskMemUsedDec                         0x080040a9   Thumb Code    40  los_memstat.o(i.osTaskMemUsedDec)
    osTaskMemUsedInc                         0x080040dd   Thumb Code    48  los_memstat.o(i.osTaskMemUsedInc)
    osTaskScan                               0x08004119   Thumb Code   214  los_task.o(i.osTaskScan)
    osTaskSelfDelete                         0x080041f5   Thumb Code   236  los_task.o(i.osTaskSelfDelete)
    osTickStart                              0x080042f1   Thumb Code    56  los_hw_tick.o(i.osTickStart)
    osTimerListDelete                        0x08004349   Thumb Code    66  los_task.o(i.osTimerListDelete)
    osTimesliceCheck                         0x08004391   Thumb Code    64  los_timeslice.o(i.osTimesliceCheck)
    osTimesliceInit                          0x080043dd   Thumb Code    12  los_timeslice.o(i.osTimesliceInit)
    osTskStackInit                           0x080043ed   Thumb Code   128  los_hw.o(i.osTskStackInit)
    recv_process                             0x08004475   Thumb Code    20  main.o(i.recv_process)
    send_process                             0x0800448d   Thumb Code   118  main.o(i.send_process)
    task1                                    0x08004515   Thumb Code    94  main.o(i.task1)
    Region$$Table$$Base                      0x08004584   Number         0  anon$$obj.o(Region$$Table)
    Region$$Table$$Limit                     0x080045b4   Number         0  anon$$obj.o(Region$$Table)
    m_pstHwiForm                             0x20000000   Data        1024  los_hwi.o(.vector.bss)
    Image$$ARM_LIB_STACKHEAP$$ZI$$Limit      0x20000600   Number         0  anon$$obj.o ABSOLUTE
    abuf                                     0x20000618   Data          50  main.o(.data)
    g_TestTskHandle                          0x2000064c   Data           4  main.o(.data)
    DHT11_Data                               0x20000650   Data           5  main.o(.data)
    send_result                              0x20000655   Data           1  main.o(.data)
    tmp_count                                0x20000658   Data           4  main.o(.data)
    Sensor_Config                            0x2000065c   Data         154  bsp_ov7725.o(.data)
    OV7725_REG_NUM                           0x200006f6   Data           1  bsp_ov7725.o(.data)
    Ov7725_vsync                             0x200006f7   Data           1  bsp_ov7725.o(.data)
    g_pstLosPriorityQueueList                0x200006fc   Data           4  los_priqueue.o(.data)
    m_uwSwTmrHandlerQueue                    0x20000700   Data           4  los_swtmr.o(.data)
    m_pstSwtmrCBArray                        0x20000704   Data           4  los_swtmr.o(.data)
    m_pstSwtmrFreeList                       0x20000708   Data           4  los_swtmr.o(.data)
    m_pstSwtmrSortList                       0x2000070c   Data           4  los_swtmr.o(.data)
    g_pstTaskCBArray                         0x20000710   Data           4  los_task.o(.data)
    g_stLosTask                              0x20000714   Data           8  los_task.o(.data)
    g_usLosTaskLock                          0x2000071c   Data           2  los_task.o(.data)
    g_uwTskMaxNum                            0x20000720   Data           4  los_task.o(.data)
    g_uwIdleTaskID                           0x20000724   Data           4  los_task.o(.data)
    g_uwSwtmrTaskID                          0x20000728   Data           4  los_task.o(.data)
    g_stTaskTimerList                        0x2000072c   Data           8  los_task.o(.data)
    g_stLosFreeTask                          0x20000734   Data           8  los_task.o(.data)
    g_stTskRecyleList                        0x2000073c   Data           8  los_task.o(.data)
    g_stTskSortLink                          0x20000744   Data           8  los_task.o(.data)
    g_bTaskScheduled                         0x2000074c   Data           4  los_task.o(.data)
    g_pfnTskSwitchHook                       0x20000750   Data           4  los_task.o(.data)
    g_ullTickCount                           0x20000758   Data           8  los_tick.o(.data)
    g_uwTicksPerSec                          0x20000760   Data           4  los_tick.o(.data)
    g_uwCyclePerSec                          0x20000764   Data           4  los_tick.o(.data)
    g_stTaskTimeSlice                        0x20000768   Data           8  los_timeslice.o(.data)
    g_pstAllMux                              0x20000770   Data           4  los_mux.o(.data)
    g_stUnusedMuxList                        0x20000774   Data           8  los_mux.o(.data)
    g_pstAllQueue                            0x2000077c   Data           4  los_queue.o(.data)
    g_stUnusedSemList                        0x20000780   Data           8  los_sem.o(.data)
    g_pstAllSem                              0x20000788   Data           4  los_sem.o(.data)
    m_aucSysMem0                             0x2000078c   Data           4  los_config.o(.data)
    g_sys_mem_addr_end                       0x20000790   Data           4  los_config.o(.data)
    g_uwCyclesPerTick                        0x20000794   Data           4  los_hw_tick.o(.data)
    g_vuwIntCount                            0x20000798   Data           4  los_hwi.o(.data)
    __stdout                                 0x2000079c   Data           4  stdout.o(.data)
    ShiftBuf                                 0x200007a0   Data          50  main.o(.bss)
    ShiftBuf1                                0x200007d2   Data          50  main.o(.bss)
    RecMsg                                   0x20000804   Data          20  main.o(.bss)
    send_buf                                 0x20000818   Data        1024  main.o(.bss)
    pBuf                                     0x20000c18   Data       12800  bsp_ov7725.o(.bss)
    pBufOld1                                 0x20003e18   Data       11552  bsp_ov7725.o(.bss)
    strEsp8266_Fram_Record                   0x20006b38   Data        1028  bsp_esp8266.o(.bss)
    m_aucSwTmrHandlerPool                    0x20006f3c   Data         208  los_swtmr.o(.bss)
    g_ucMemStart                             0x2000700c   Data       32768  los_memory.o(.bss)
    g_TskMemUsedInfo                         0x2000f00c   Data          64  los_memstat.o(.bss)
    m_pstHwiSlaveForm                        0x2000f04c   Data        1024  los_hwi.o(.bss)
    __initial_sp                             0x2000f850   Data           0  startup_stm32f10x_hd.o(STACK)



==============================================================================

Memory Map of the image

  Image Entry point : 0x08000131

  Load Region LR_IROM1 (Base: 0x08000000, Size: 0x00004b54, Max: 0x00080000, ABSOLUTE, COMPRESSED[0x0000469c])

    Execution Region ER_IROM1 (Base: 0x08000000, Size: 0x000045b4, Max: 0x00080000, ABSOLUTE)

    Base Addr    Size         Type   Attr      Idx    E Section Name        Object

    0x08000000   0x00000130   Data   RO            4    RESET               startup_stm32f10x_hd.o
    0x08000130   0x00000000   Code   RO         5356  * .ARM.Collect$$$$00000000  mc_w.l(entry.o)
    0x08000130   0x00000004   Code   RO         5650    .ARM.Collect$$$$00000002  mc_w.l(entry3.o)
    0x08000134   0x00000004   Code   RO         5653    .ARM.Collect$$$$00000004  mc_w.l(entry5.o)
    0x08000138   0x00000000   Code   RO         5655    .ARM.Collect$$$$00000008  mc_w.l(entry7b.o)
    0x08000138   0x00000000   Code   RO         5657    .ARM.Collect$$$$0000000A  mc_w.l(entry8b.o)
    0x08000138   0x00000008   Code   RO         5658    .ARM.Collect$$$$0000000B  mc_w.l(entry9a.o)
    0x08000140   0x00000000   Code   RO         5660    .ARM.Collect$$$$0000000D  mc_w.l(entry10a.o)
    0x08000140   0x00000000   Code   RO         5662    .ARM.Collect$$$$0000000F  mc_w.l(entry11a.o)
    0x08000140   0x00000004   Code   RO         5651    .ARM.Collect$$$$00002713  mc_w.l(entry3.o)
    0x08000144   0x00000006   Code   RO         5244    .emb_text           los_hwi.o
    0x0800014a   0x00000002   PAD
    0x0800014c   0x00000024   Code   RO            5    .text               startup_stm32f10x_hd.o
    0x08000170   0x0000005c   Code   RO         5293    .text               los_dispatch.o
    0x080001cc   0x00000062   Code   RO         5359    .text               mc_w.l(uldiv.o)
    0x0800022e   0x00000024   Code   RO         5361    .text               mc_w.l(memcpya.o)
    0x08000252   0x00000024   Code   RO         5363    .text               mc_w.l(memseta.o)
    0x08000276   0x00000024   Code   RO         5365    .text               mc_w.l(strstr.o)
    0x0800029a   0x0000001e   Code   RO         5667    .text               mc_w.l(llshl.o)
    0x080002b8   0x00000020   Code   RO         5669    .text               mc_w.l(llushr.o)
    0x080002d8   0x00000024   Code   RO         5678    .text               mc_w.l(init.o)
    0x080002fc   0x00000056   Code   RO         5688    .text               mc_w.l(__dczerorl2.o)
    0x08000352   0x00000002   PAD
    0x08000354   0x00000080   Code   RO         5294    KERNEL              los_dispatch.o
    0x080003d4   0x00000004   Code   RO         3294    i.BusFault_Handler  stm32f10x_it.o
    0x080003d8   0x0000002c   Code   RO         3641    i.DHT11_GPIO_Config  bsp_dht11.o
    0x08000404   0x00000014   Code   RO         3642    i.DHT11_Init        bsp_dht11.o
    0x08000418   0x00000002   Code   RO         3295    i.DebugMon_Handler  stm32f10x_it.o
    0x0800041a   0x00000012   Code   RO         3109    i.Delay             main.o
    0x0800042c   0x00000048   Code   RO         3881    i.ESP8266_AT_Test   bsp_esp8266.o
    0x08000474   0x00000048   Code   RO         3882    i.ESP8266_BuildAP   bsp_esp8266.o
    0x080004bc   0x00000040   Code   RO         3883    i.ESP8266_CIPAP     bsp_esp8266.o
    0x080004fc   0x00000068   Code   RO         3885    i.ESP8266_Cmd       bsp_esp8266.o
    0x08000564   0x00000040   Code   RO         3886    i.ESP8266_Enable_MultipleId  bsp_esp8266.o
    0x080005a4   0x00000044   Code   RO         3888    i.ESP8266_GPIO_Config  bsp_esp8266.o
    0x080005e8   0x00000024   Code   RO         3891    i.ESP8266_Init      bsp_esp8266.o
    0x0800060c   0x0000006c   Code   RO         3892    i.ESP8266_Inquire_ApIp  bsp_esp8266.o
    0x08000678   0x00000078   Code   RO         3895    i.ESP8266_Net_Mode_Choose  bsp_esp8266.o
    0x080006f0   0x00000024   Code   RO         3897    i.ESP8266_Rst       bsp_esp8266.o
    0x08000714   0x0000009c   Code   RO         3898    i.ESP8266_SendString  bsp_esp8266.o
    0x080007b0   0x00000090   Code   RO         3899    i.ESP8266_StartOrShutServer  bsp_esp8266.o
    0x08000840   0x0000009c   Code   RO         3901    i.ESP8266_USART_Config  bsp_esp8266.o
    0x080008dc   0x00000024   Code   RO         3902    i.ESP8266_USART_NVIC_Configuration  bsp_esp8266.o
    0x08000900   0x0000005c   Code   RO         3296    i.EXTI3_IRQHandler  stm32f10x_it.o
    0x0800095c   0x0000000c   Code   RO          940    i.EXTI_ClearITPendingBit  stm32f10x_exti.o
    0x08000968   0x00000010   Code   RO          942    i.EXTI_GenerateSWInterrupt  stm32f10x_exti.o
    0x08000978   0x00000028   Code   RO          944    i.EXTI_GetITStatus  stm32f10x_exti.o
    0x080009a0   0x00000094   Code   RO          945    i.EXTI_Init         stm32f10x_exti.o
    0x08000a34   0x000000c0   Code   RO         3694    i.FIFO_GPIO_Config  bsp_ov7725.o
    0x08000af4   0x00000034   Code   RO         1178    i.FSMC_NORSRAMCmd   stm32f10x_fsmc.o
    0x08000b28   0x000000e6   Code   RO         1180    i.FSMC_NORSRAMInit  stm32f10x_fsmc.o
    0x08000c0e   0x00000002   PAD
    0x08000c10   0x00000040   Code   RO         1290    i.GPIO_EXTILineConfig  stm32f10x_gpio.o
    0x08000c50   0x00000116   Code   RO         1293    i.GPIO_Init         stm32f10x_gpio.o
    0x08000d66   0x00000012   Code   RO         1297    i.GPIO_ReadInputDataBit  stm32f10x_gpio.o
    0x08000d78   0x00000004   Code   RO         1300    i.GPIO_ResetBits    stm32f10x_gpio.o
    0x08000d7c   0x00000004   Code   RO         1301    i.GPIO_SetBits      stm32f10x_gpio.o
    0x08000d80   0x00000004   Code   RO         3297    i.HardFault_Handler  stm32f10x_it.o
    0x08000d84   0x00000024   Code   RO         3370    i.ILI9341_BackLed_Control  bsp_ili9341_lcd.o
    0x08000da8   0x00000012   Code   RO         3372    i.ILI9341_Delay     bsp_ili9341_lcd.o
    0x08000dba   0x00000064   Code   RO         3381    i.ILI9341_FSMC_Config  bsp_ili9341_lcd.o
    0x08000e1e   0x00000002   PAD
    0x08000e20   0x000000e4   Code   RO         3383    i.ILI9341_GPIO_Config  bsp_ili9341_lcd.o
    0x08000f04   0x00000148   Code   RO         3385    i.ILI9341_GramScan  bsp_ili9341_lcd.o
    0x0800104c   0x0000001a   Code   RO         3386    i.ILI9341_Init      bsp_ili9341_lcd.o
    0x08001066   0x00000002   PAD
    0x08001068   0x00000230   Code   RO         3388    i.ILI9341_REG_Config  bsp_ili9341_lcd.o
    0x08001298   0x00000028   Code   RO         3390    i.ILI9341_Rst       bsp_ili9341_lcd.o
    0x080012c0   0x00000008   Code   RO         3507    i.ILI9341_Write_Cmd  bsp_ili9341_lcd.o
    0x080012c8   0x0000000c   Code   RO         3512    i.ILI9341_Write_Data  bsp_ili9341_lcd.o
    0x080012d4   0x000001b4   Code   RO         3695    i.ImagDisp          bsp_ov7725.o
    0x08001488   0x00000008   Code   RO         3537    i.LCD_Init          bsp_lcd.o
    0x08001490   0x00000060   Code   RO         3358    i.LED_GPIO_Config   bsp_led.o
    0x080014f0   0x0000001c   Code   RO         5122    i.LOS_Align         los_misc.o
    0x0800150c   0x0000001e   Code   RO         5090    i.LOS_DLnkInitMultiHead  los_multipledlinkhead.o
    0x0800152a   0x0000002a   Code   RO         5091    i.LOS_DLnkMultiHead  los_multipledlinkhead.o
    0x08001554   0x000000a4   Code   RO         5245    i.LOS_HwiCreate     los_hwi.o
    0x080015f8   0x0000000e   Code   RO         4357    i.LOS_ListAdd       los_task.o
    0x08001606   0x0000000e   Code   RO         4654    i.LOS_ListAdd       los_mux.o
    0x08001614   0x0000000e   Code   RO         4728    i.LOS_ListAdd       los_queue.o
    0x08001622   0x0000000e   Code   RO         4833    i.LOS_ListAdd       los_sem.o
    0x08001630   0x0000000e   Code   RO         4936    i.LOS_ListAdd       los_memory.o
    0x0800163e   0x00000014   Code   RO         4358    i.LOS_ListDelete    los_task.o
    0x08001652   0x00000014   Code   RO         4834    i.LOS_ListDelete    los_sem.o
    0x08001666   0x00000014   Code   RO         4937    i.LOS_ListDelete    los_memory.o
    0x0800167a   0x00000010   Code   RO         4359    i.LOS_ListEmpty     los_task.o
    0x0800168a   0x00000010   Code   RO         4729    i.LOS_ListEmpty     los_queue.o
    0x0800169a   0x00000010   Code   RO         4835    i.LOS_ListEmpty     los_sem.o
    0x080016aa   0x00000006   Code   RO         4360    i.LOS_ListInit      los_task.o
    0x080016b0   0x00000006   Code   RO         4657    i.LOS_ListInit      los_mux.o
    0x080016b6   0x00000006   Code   RO         4730    i.LOS_ListInit      los_queue.o
    0x080016bc   0x00000006   Code   RO         4836    i.LOS_ListInit      los_sem.o
    0x080016c2   0x00000010   Code   RO         4361    i.LOS_ListTailInsert  los_task.o
    0x080016d2   0x00000010   Code   RO         4658    i.LOS_ListTailInsert  los_mux.o
    0x080016e2   0x00000010   Code   RO         4837    i.LOS_ListTailInsert  los_sem.o
    0x080016f2   0x00000002   PAD
    0x080016f4   0x00000144   Code   RO         5092    i.LOS_Log2          los_multipledlinkhead.o
    0x08001838   0x0000003a   Code   RO         4938    i.LOS_MemAlloc      los_memory.o
    0x08001872   0x0000006c   Code   RO         4939    i.LOS_MemAllocAlign  los_memory.o
    0x080018de   0x00000054   Code   RO         4940    i.LOS_MemFree       los_memory.o
    0x08001932   0x000000a6   Code   RO         4941    i.LOS_MemInit       los_memory.o
    0x080019d8   0x00000040   Code   RO         4903    i.LOS_MemboxAlloc   los_membox.o
    0x08001a18   0x000000a4   Code   RO         4905    i.LOS_MemboxFree    los_membox.o
    0x08001abc   0x00000080   Code   RO         4906    i.LOS_MemboxInit    los_membox.o
    0x08001b3c   0x00000018   Code   RO         4083    i.LOS_PriqueueDequeue  los_priqueue.o
    0x08001b54   0x00000024   Code   RO         4084    i.LOS_PriqueueEnqueue  los_priqueue.o
    0x08001b78   0x00000028   Code   RO         4085    i.LOS_PriqueueSize  los_priqueue.o
    0x08001ba0   0x0000003c   Code   RO         4086    i.LOS_PriqueueTop   los_priqueue.o
    0x08001bdc   0x0000007c   Code   RO         4731    i.LOS_QueueCreate   los_queue.o
    0x08001c58   0x00000130   Code   RO         4733    i.LOS_QueueRead     los_queue.o
    0x08001d88   0x0000013c   Code   RO         4734    i.LOS_QueueWrite    los_queue.o
    0x08001ec4   0x00000040   Code   RO         5193    i.LOS_Schedule      los_hw.o
    0x08001f04   0x000000b8   Code   RO         4841    i.LOS_SemPost       los_sem.o
    0x08001fbc   0x00000016   Code   RO         5140    i.LOS_Start         los_config.o
    0x08001fd2   0x00000002   PAD
    0x08001fd4   0x0000009c   Code   RO         4362    i.LOS_TaskCreate    los_task.o
    0x08002070   0x00000184   Code   RO         4363    i.LOS_TaskCreateOnly  los_task.o
    0x080021f4   0x00000080   Code   RO         4364    i.LOS_TaskDelay     los_task.o
    0x08002274   0x00000020   Code   RO         4366    i.LOS_TaskLock      los_task.o
    0x08002294   0x0000003c   Code   RO         4371    i.LOS_TaskUnlock    los_task.o
    0x080022d0   0x00000084   Code   RO         4372    i.LOS_TaskYield     los_task.o
    0x08002354   0x00000004   Code   RO         3298    i.MemManage_Handler  stm32f10x_it.o
    0x08002358   0x000000e4   Code   RO         3110    i.MsgTask           main.o
    0x0800243c   0x00000002   Code   RO         3299    i.NMI_Handler       stm32f10x_it.o
    0x0800243e   0x0000000c   Code   RO         3697    i.Ov7725_GPIO_Config  bsp_ov7725.o
    0x0800244a   0x00000002   PAD
    0x0800244c   0x00000068   Code   RO         3698    i.Ov7725_Init       bsp_ov7725.o
    0x080024b4   0x00000020   Code   RO         1708    i.RCC_AHBPeriphClockCmd  stm32f10x_rcc.o
    0x080024d4   0x00000020   Code   RO         1709    i.RCC_APB1PeriphClockCmd  stm32f10x_rcc.o
    0x080024f4   0x00000020   Code   RO         1711    i.RCC_APB2PeriphClockCmd  stm32f10x_rcc.o
    0x08002514   0x000000d4   Code   RO         1719    i.RCC_GetClocksFreq  stm32f10x_rcc.o
    0x080025e8   0x00000038   Code   RO         3794    i.SCCB_Ack          bsp_sccb.o
    0x08002620   0x0000002c   Code   RO         3795    i.SCCB_GPIO_Config  bsp_sccb.o
    0x0800264c   0x00000038   Code   RO         3796    i.SCCB_NoAck        bsp_sccb.o
    0x08002684   0x0000007a   Code   RO         3797    i.SCCB_ReadByte     bsp_sccb.o
    0x080026fe   0x00000002   PAD
    0x08002700   0x00000054   Code   RO         3798    i.SCCB_ReceiveByte  bsp_sccb.o
    0x08002754   0x00000058   Code   RO         3799    i.SCCB_SendByte     bsp_sccb.o
    0x080027ac   0x00000054   Code   RO         3800    i.SCCB_Start        bsp_sccb.o
    0x08002800   0x00000038   Code   RO         3801    i.SCCB_Stop         bsp_sccb.o
    0x08002838   0x0000004c   Code   RO         3802    i.SCCB_WaitAck      bsp_sccb.o
    0x08002884   0x00000040   Code   RO         3803    i.SCCB_WriteByte    bsp_sccb.o
    0x080028c4   0x00000010   Code   RO         3804    i.SCCB_delay        bsp_sccb.o
    0x080028d4   0x00000002   Code   RO         3300    i.SVC_Handler       stm32f10x_it.o
    0x080028d6   0x00000008   Code   RO           25    i.SetSysClock       system_stm32f10x.o
    0x080028de   0x00000002   PAD
    0x080028e0   0x000000e0   Code   RO           26    i.SetSysClockTo72   system_stm32f10x.o
    0x080029c0   0x00000028   Code   RO         4554    i.SysTick_Handler   los_tick.o
    0x080029e8   0x00000060   Code   RO           28    i.SystemInit        system_stm32f10x.o
    0x08002a48   0x00000018   Code   RO         2879    i.USART_Cmd         stm32f10x_usart.o
    0x08002a60   0x0000001a   Code   RO         2882    i.USART_GetFlagStatus  stm32f10x_usart.o
    0x08002a7a   0x00000054   Code   RO         2883    i.USART_GetITStatus  stm32f10x_usart.o
    0x08002ace   0x0000004a   Code   RO         2885    i.USART_ITConfig    stm32f10x_usart.o
    0x08002b18   0x000000d8   Code   RO         2886    i.USART_Init        stm32f10x_usart.o
    0x08002bf0   0x0000000a   Code   RO         2893    i.USART_ReceiveData  stm32f10x_usart.o
    0x08002bfa   0x00000008   Code   RO         2896    i.USART_SendData    stm32f10x_usart.o
    0x08002c02   0x00000106   Code   RO         3861    i.USART_printf      common.o
    0x08002d08   0x00000080   Code   RO         4059    i.USARTx_Config     bsp_usart1.o
    0x08002d88   0x00000004   Code   RO         3301    i.UsageFault_Handler  stm32f10x_it.o
    0x08002d8c   0x0000002e   Code   RO         3699    i.VSYNC_EXTI_Configuration  bsp_ov7725.o
    0x08002dba   0x00000002   PAD
    0x08002dbc   0x0000002c   Code   RO         3700    i.VSYNC_GPIO_Configuration  bsp_ov7725.o
    0x08002de8   0x00000010   Code   RO         3701    i.VSYNC_Init        bsp_ov7725.o
    0x08002df8   0x00000024   Code   RO         3702    i.VSYNC_NVIC_Configuration  bsp_ov7725.o
    0x08002e1c   0x00000020   Code   RO         5504    i.__0printf$5       mc_w.l(printf5.o)
    0x08002e3c   0x00000028   Code   RO         5506    i.__0sprintf$5      mc_w.l(printf5.o)
    0x08002e64   0x0000000e   Code   RO         5682    i.__scatterload_copy  mc_w.l(handlers.o)
    0x08002e72   0x00000002   Code   RO         5683    i.__scatterload_null  mc_w.l(handlers.o)
    0x08002e74   0x0000000e   Code   RO         5684    i.__scatterload_zeroinit  mc_w.l(handlers.o)
    0x08002e82   0x00000002   PAD
    0x08002e84   0x000002c0   Code   RO         5511    i._printf_core      mc_w.l(printf5.o)
    0x08003144   0x0000000a   Code   RO         5513    i._sputc            mc_w.l(printf5.o)
    0x0800314e   0x00000002   PAD
    0x08003150   0x00000044   Code   RO         3112    i.creat_MsgTask     main.o
    0x08003194   0x00000044   Code   RO         3113    i.creat_task1       main.o
    0x080031d8   0x00000024   Code   RO         4061    i.fputc             bsp_usart1.o
    0x080031fc   0x00000022   Code   RO         3114    i.hardware_init     main.o
    0x0800321e   0x00000002   PAD
    0x08003220   0x000000d0   Code   RO         3115    i.init_wifi         main.o
    0x080032f0   0x00000062   Code   RO         3862    i.itoa              common.o
    0x08003352   0x00000002   PAD
    0x08003354   0x0000007c   Code   RO         3302    i.macESP8266_USART_INT_FUN_MY  stm32f10x_it.o
    0x080033d0   0x0000005c   Code   RO         3703    i.macOV7725_VSYNC_EXTI_INT_FUNCTION_IEye  bsp_ov7725.o
    0x0800342c   0x0000001a   Code   RO         5141    i.main              los_config.o
    0x08003446   0x00000002   PAD
    0x08003448   0x00000084   Code   RO         3116    i.osAppInit         main.o
    0x080034cc   0x00000008   Code   RO         5247    i.osHwiDefaultHandler  los_hwi.o
    0x080034d4   0x00000030   Code   RO         5248    i.osHwiInit         los_hwi.o
    0x08003504   0x00000004   Code   RO         4373    i.osIdleTask        los_task.o
    0x08003508   0x0000004c   Code   RO         4374    i.osIdleTaskCreate  los_task.o
    0x08003554   0x00000050   Code   RO         5249    i.osInterrupt       los_hwi.o
    0x080035a4   0x00000066   Code   RO         5144    i.osMain            los_config.o
    0x0800360a   0x0000005c   Code   RO         4943    i.osMemAllocWithCheck  los_memory.o
    0x08003666   0x00000098   Code   RO         4944    i.osMemCheckUsedNode  los_memory.o
    0x080036fe   0x00000050   Code   RO         4945    i.osMemFindSuitableFreeBlock  los_memory.o
    0x0800374e   0x000000b2   Code   RO         4946    i.osMemFreeNode     los_memory.o
    0x08003800   0x0000003e   Code   RO         4947    i.osMemIsNodeValid  los_memory.o
    0x0800383e   0x00000024   Code   RO         4948    i.osMemMergeNode    los_memory.o
    0x08003862   0x00000002   PAD
    0x08003864   0x00000020   Code   RO         4949    i.osMemSetMagicNumAndTaskid  los_memory.o
    0x08003884   0x0000005c   Code   RO         4950    i.osMemSpitNode     los_memory.o
    0x080038e0   0x00000024   Code   RO         4951    i.osMemSystemInit   los_memory.o
    0x08003904   0x0000005c   Code   RO         4663    i.osMuxInit         los_mux.o
    0x08003960   0x00000048   Code   RO         4088    i.osPriqueueInit    los_priqueue.o
    0x080039a8   0x00000070   Code   RO         4735    i.osQueueCreate     los_queue.o
    0x08003a18   0x00000038   Code   RO         4736    i.osQueueInit       los_queue.o
    0x08003a50   0x00000084   Code   RO         4739    i.osQueuePend       los_queue.o
    0x08003ad4   0x0000005a   Code   RO         4740    i.osQueueWakeUp     los_queue.o
    0x08003b2e   0x00000002   PAD
    0x08003b30   0x0000001c   Code   RO         5145    i.osRegister        los_config.o
    0x08003b4c   0x00000008   Code   RO         5194    i.osSchedule        los_hw.o
    0x08003b54   0x00000058   Code   RO         4842    i.osSemInit         los_sem.o
    0x08003bac   0x000000ac   Code   RO         4163    i.osSwTmrInit       los_swtmr.o
    0x08003c58   0x00000060   Code   RO         4164    i.osSwTmrStart      los_swtmr.o
    0x08003cb8   0x00000050   Code   RO         4165    i.osSwTmrTask       los_swtmr.o
    0x08003d08   0x00000048   Code   RO         4166    i.osSwTmrTaskCreate  los_swtmr.o
    0x08003d50   0x0000008c   Code   RO         4167    i.osSwTmrTimeoutHandle  los_swtmr.o
    0x08003ddc   0x00000014   Code   RO         4168    i.osSwtmrDelete     los_swtmr.o
    0x08003df0   0x00000024   Code   RO         4169    i.osSwtmrScan       los_swtmr.o
    0x08003e14   0x000000c0   Code   RO         4375    i.osTaskAdd2TimerList  los_task.o
    0x08003ed4   0x000000a4   Code   RO         4376    i.osTaskEntry       los_task.o
    0x08003f78   0x00000006   Code   RO         5195    i.osTaskExit        los_hw.o
    0x08003f7e   0x00000002   PAD
    0x08003f80   0x00000128   Code   RO         4377    i.osTaskInit        los_task.o
    0x080040a8   0x00000034   Code   RO         5061    i.osTaskMemUsedDec  los_memstat.o
    0x080040dc   0x0000003c   Code   RO         5062    i.osTaskMemUsedInc  los_memstat.o
    0x08004118   0x000000dc   Code   RO         4379    i.osTaskScan        los_task.o
    0x080041f4   0x000000fc   Code   RO         4380    i.osTaskSelfDelete  los_task.o
    0x080042f0   0x00000058   Code   RO         5224    i.osTickStart       los_hw_tick.o
    0x08004348   0x00000048   Code   RO         4381    i.osTimerListDelete  los_task.o
    0x08004390   0x0000004c   Code   RO         4582    i.osTimesliceCheck  los_timeslice.o
    0x080043dc   0x00000010   Code   RO         4583    i.osTimesliceInit   los_timeslice.o
    0x080043ec   0x00000088   Code   RO         5196    i.osTskStackInit    los_hw.o
    0x08004474   0x00000018   Code   RO         3117    i.recv_process      main.o
    0x0800448c   0x00000088   Code   RO         3118    i.send_process      main.o
    0x08004514   0x00000070   Code   RO         3119    i.task1             main.o
    0x08004584   0x00000030   Data   RO         5680    Region$$Table       anon$$obj.o


    Execution Region VECTOR (Base: 0x20000000, Size: 0x00000400, Max: 0x00000400, ABSOLUTE, COMPRESSED[0x0000001c])

    Base Addr    Size         Type   Attr      Idx    E Section Name        Object

    0x20000000   0x00000400   Data   RW         5252    .vector.bss         los_hwi.o


    Execution Region ARM_LIB_STACKHEAP (Base: 0x20000400, Size: 0x00000200, Max: 0x00000200, ABSOLUTE)

    Base Addr    Size         Type   Attr      Idx    E Section Name        Object

    0x20000400   0x00000200   Zero   RW            1    ARM_LIB_STACKHEAP.bss  anon$$obj.o


    Execution Region RW_IRAM1 (Base: 0x20000600, Size: 0x0000f250, Max: 0x0000fa00, ABSOLUTE, COMPRESSED[0x000000cc])

    Base Addr    Size         Type   Attr      Idx    E Section Name        Object

    0x20000600   0x00000014   Data   RW         1739    .data               stm32f10x_rcc.o
    0x20000614   0x00000048   Data   RW         3121    .data               main.o
    0x2000065c   0x000000a0   Data   RW         3705    .data               bsp_ov7725.o
    0x200006fc   0x00000004   Data   RW         4089    .data               los_priqueue.o
    0x20000700   0x00000010   Data   RW         4172    .data               los_swtmr.o
    0x20000710   0x00000044   Data   RW         4382    .data               los_task.o
    0x20000754   0x00000004   PAD
    0x20000758   0x00000010   Data   RW         4555    .data               los_tick.o
    0x20000768   0x00000008   Data   RW         4584    .data               los_timeslice.o
    0x20000770   0x0000000c   Data   RW         4664    .data               los_mux.o
    0x2000077c   0x00000004   Data   RW         4741    .data               los_queue.o
    0x20000780   0x0000000c   Data   RW         4843    .data               los_sem.o
    0x2000078c   0x00000008   Data   RW         5146    .data               los_config.o
    0x20000794   0x00000004   Data   RW         5225    .data               los_hw_tick.o
    0x20000798   0x00000004   Data   RW         5251    .data               los_hwi.o
    0x2000079c   0x00000004   Data   RW         5664    .data               mc_w.l(stdout.o)
    0x200007a0   0x00000478   Zero   RW         3120    .bss                main.o
    0x20000c18   0x00005f20   Zero   RW         3704    .bss                bsp_ov7725.o
    0x20006b38   0x00000404   Zero   RW         3904    .bss                bsp_esp8266.o
    0x20006f3c   0x000000d0   Zero   RW         4171    .bss                los_swtmr.o
    0x2000700c   0x00008000   Zero   RW         4952    .bss                los_memory.o
    0x2000f00c   0x00000040   Zero   RW         5063    .bss                los_memstat.o
    0x2000f04c   0x00000400   Zero   RW         5250    .bss                los_hwi.o
    0x2000f44c   0x00000004   PAD
    0x2000f450   0x00000400   Zero   RW            2    STACK               startup_stm32f10x_hd.o


==============================================================================

Image component sizes


      Code (inc. data)   RO Data    RW Data    ZI Data      Debug   Object Name

        64         10          0          0          0        909   bsp_dht11.o
      1236        312          0          0       1028      12166   bsp_esp8266.o
      1356         32          0          0          0       6423   bsp_ili9341_lcd.o
         8          0          0          0          0        431   bsp_lcd.o
        96          6          0          0          0        518   bsp_led.o
       978         60          0        160      24352       9957   bsp_ov7725.o
       746         36          0          0          0       5992   bsp_sccb.o
       164         12          0          0          0       1144   bsp_usart1.o
       360          0          0          0          0       2571   common.o
         0          0          0          0          0       4504   core_cm3.o
       178         14          0          8          0       3278   los_config.o
       220         32          0          0          0        720   los_dispatch.o
       214         16          0          0          0       2870   los_hw.o
        88         32          0          4          0        814   los_hw_tick.o
       306         48          0       1028       1024       6431   los_hwi.o
       356         10          0          0          0       3832   los_membox.o
      1210         14          0          0      32768      15232   los_memory.o
       112         24          0          0         64       1977   los_memstat.o
        28          0          0          0          0        596   los_misc.o
       396          4          0          0          0       5076   los_multipledlinkhead.o
       128         18          0         12          0       5832   los_mux.o
       232         22          0          4          0       6030   los_priqueue.o
      1170         72          0          4          0      17921   los_queue.o
       344         26          0         12          0       5350   los_sem.o
       616         84          0         16        208      14763   los_swtmr.o
      2244        186          0         68          0      24291   los_task.o
        40          6          0         16          0        855   los_tick.o
        92         16          0          8          0       1273   los_timeslice.o
      1028        226          0         72       1144      17312   main.o
        36          8        304          0       1024        860   startup_stm32f10x_hd.o
       216         22          0          0          0       2579   stm32f10x_exti.o
       282          6          0          0          0       1785   stm32f10x_fsmc.o
       368          4          0          0          0       4190   stm32f10x_gpio.o
       238         24          0          0          0       3976   stm32f10x_it.o
       308         38          0         20          0       4946   stm32f10x_rcc.o
       442          6          0          0          0       6021   stm32f10x_usart.o
       328         28          0          0          0     240009   system_stm32f10x.o

    ----------------------------------------------------------------------
     16260       1454        352       1436      62128     443434   Object Totals
         0          0         48          0        512          0   (incl. Generated)
        32          0          0          4          4          0   (incl. Padding)

    ----------------------------------------------------------------------

      Code (inc. data)   RO Data    RW Data    ZI Data      Debug   Library Member Name

        86          0          0          0          0          0   __dczerorl2.o
         0          0          0          0          0          0   entry.o
         0          0          0          0          0          0   entry10a.o
         0          0          0          0          0          0   entry11a.o
         8          4          0          0          0          0   entry3.o
         4          0          0          0          0          0   entry5.o
         0          0          0          0          0          0   entry7b.o
         0          0          0          0          0          0   entry8b.o
         8          4          0          0          0          0   entry9a.o
        30          0          0          0          0          0   handlers.o
        36          8          0          0          0         68   init.o
        30          0          0          0          0         68   llshl.o
        32          0          0          0          0         68   llushr.o
        36          0          0          0          0         68   memcpya.o
        36          0          0          0          0        108   memseta.o
       786         62          0          0          0        336   printf5.o
         0          0          0          4          0          0   stdout.o
        36          0          0          0          0         80   strstr.o
        98          0          0          0          0         92   uldiv.o

    ----------------------------------------------------------------------
      1232         78          0          4          0        888   Library Totals
         6          0          0          0          0          0   (incl. Padding)

    ----------------------------------------------------------------------

      Code (inc. data)   RO Data    RW Data    ZI Data      Debug   Library Name

      1226         78          0          4          0        888   mc_w.l

    ----------------------------------------------------------------------
      1232         78          0          4          0        888   Library Totals

    ----------------------------------------------------------------------

==============================================================================


      Code (inc. data)   RO Data    RW Data    ZI Data      Debug   

     17492       1532        352       1440      62128     434518   Grand Totals
     17492       1532        352        232      62128     434518   ELF Image Totals (compressed)
     17492       1532        352        232          0          0   ROM Totals

==============================================================================

    Total RO  Size (Code + RO Data)                17844 (  17.43kB)
    Total RW  Size (RW Data + ZI Data)             63568 (  62.08kB)
    Total ROM Size (Code + RO Data + RW Data)      18076 (  17.65kB)

==============================================================================

