<html>
<body>
<pre>
<h1>礦ision Build Log</h1>
<h2>Tool Versions:</h2>
IDE-Version: μVision V5.22.0.0
Copyright (C) 2016 ARM Ltd and ARM Germany GmbH. All rights reserved.
License Information: Xu Tesla, Kree Tech, LIC=VGXHL-0GNGU-DYMV3-AZG8S-JICFX-AU5U1
 
Tool Versions:
Toolchain:       MDK-ARM Plus  Version: 5.22
Toolchain Path:  C:\Keil_v5\ARM\ARMCC\Bin
C Compiler:      Armcc.exe V5.06 update 4 (build 422)
Assembler:       Armasm.exe V5.06 update 4 (build 422)
Linker/Locator:  ArmLink.exe V5.06 update 4 (build 422)
Library Manager: ArmAr.exe V5.06 update 4 (build 422)
Hex Converter:   FromElf.exe V5.06 update 4 (build 422)
CPU DLL:         SARMCM3.DLL V5.22
Dialog DLL:      DCM.DLL V1.13.9.0
Target DLL:      CMSIS_AGDI.dll V1.27.0.0
Dialog DLL:      TCM.DLL V1.21.0.0
 
<h2>Project:</h2>
C:\Users\Tesla\Documents\其他项目\跑轮\WIFI6666_LOS\Project\WIFI6666_LOS.uvprojx
Project File Date:  01/08/2017

<h2>Output:</h2>
*** Using Compiler 'V5.06 update 4 (build 422)', folder: 'C:\Keil_v5\ARM\ARMCC\Bin'
Build target 'WIFI6666_LOS'
compiling bsp_esp8266.c...
..\User\ESP8266\bsp_esp8266.c(134): warning:  #177-D: variable "NVIC_InitStructure"  was declared but never referenced
  	NVIC_InitTypeDef NVIC_InitStructure; 
..\User\ESP8266\bsp_esp8266.c(132): warning:  #177-D: function "ESP8266_USART_NVIC_Configuration"  was declared but never referenced
  static void ESP8266_USART_NVIC_Configuration ( void )
..\User\ESP8266\bsp_esp8266.c: 2 warnings, 0 errors
linking...
Program Size: Code=14372 RO-data=352 RW-data=1224 ZI-data=36632  
".\Objects\WIFI6666_LOS.axf" - 0 Error(s), 2 Warning(s).

<h2>Collection of Component include folders:</h2>
  C:\Users\Tesla\Documents\其他项目\跑轮\WIFI6666_LOS\Project\RTE\_WIFI6666_LOS
  C:\Keil_v5\ARM\PACK\Keil\STM32F1xx_DFP\1.1.0\Device\Include

<h2>Collection of Component Files used:</h2>
Build Time Elapsed:  00:00:00
</pre>
</body>
</html>
