<!doctype html public "-//w3c//dtd html 4.0 transitional//en">
<html><head>
<title>Static Call Graph - [.\Objects\HuaweiLiteOS.axf]</title></head>
<body><HR>
<H1>Static Call Graph for image .\Objects\HuaweiLiteOS.axf</H1><HR>
<BR><P>#&#060CALLGRAPH&#062# ARM Linker, 5050169: Last Updated: Sun Jan 08 16:34:12 2017
<BR><P>
<H3>Maximum Stack Usage =        484 bytes + Unknown(Functions without stacksize, Cycles, Untraceable Function Pointers)</H3><H3>
Call chain for Maximum Stack Depth:</H3>
MsgTask &rArr; init_wifi &rArr; ESP8266_StartOrShutServer &rArr; ESP8266_Cmd &rArr; USART_printf &rArr; itoa
<P>
<H3>
Functions with no stack information
</H3><UL>
 <LI><a href="#[b8]">LOS_StartToRun</a>
 <LI><a href="#[7b]">LOS_IntLock</a>
 <LI><a href="#[121]">LOS_IntUnLock</a>
 <LI><a href="#[7d]">LOS_IntRestore</a>
 <LI><a href="#[b0]">osTaskSchedule</a>
 <LI><a href="#[2]">PendSV_Handler</a>
</UL>
</UL>
<P>
<H3>
Mutually Recursive functions
</H3> <LI><a href="#[1d]">ADC1_2_IRQHandler</a>&nbsp;&nbsp;&nbsp;&rArr;&nbsp;&nbsp;&nbsp;<a href="#[1d]">ADC1_2_IRQHandler</a><BR>
</UL>
<P>
<H3>
Function Pointers
</H3><UL>
 <LI><a href="#[1d]">ADC1_2_IRQHandler</a> from startup_stm32f10x_hd.o(.text) referenced from startup_stm32f10x_hd.o(RESET)
 <LI><a href="#[3a]">ADC3_IRQHandler</a> from startup_stm32f10x_hd.o(.text) referenced from startup_stm32f10x_hd.o(RESET)
 <LI><a href="#[6]">BusFault_Handler</a> from stm32f10x_it.o(i.BusFault_Handler) referenced from startup_stm32f10x_hd.o(RESET)
 <LI><a href="#[20]">CAN1_RX1_IRQHandler</a> from startup_stm32f10x_hd.o(.text) referenced from startup_stm32f10x_hd.o(RESET)
 <LI><a href="#[21]">CAN1_SCE_IRQHandler</a> from startup_stm32f10x_hd.o(.text) referenced from startup_stm32f10x_hd.o(RESET)
 <LI><a href="#[16]">DMA1_Channel1_IRQHandler</a> from startup_stm32f10x_hd.o(.text) referenced from startup_stm32f10x_hd.o(RESET)
 <LI><a href="#[17]">DMA1_Channel2_IRQHandler</a> from startup_stm32f10x_hd.o(.text) referenced from startup_stm32f10x_hd.o(RESET)
 <LI><a href="#[18]">DMA1_Channel3_IRQHandler</a> from startup_stm32f10x_hd.o(.text) referenced from startup_stm32f10x_hd.o(RESET)
 <LI><a href="#[19]">DMA1_Channel4_IRQHandler</a> from startup_stm32f10x_hd.o(.text) referenced from startup_stm32f10x_hd.o(RESET)
 <LI><a href="#[1a]">DMA1_Channel5_IRQHandler</a> from startup_stm32f10x_hd.o(.text) referenced from startup_stm32f10x_hd.o(RESET)
 <LI><a href="#[1b]">DMA1_Channel6_IRQHandler</a> from startup_stm32f10x_hd.o(.text) referenced from startup_stm32f10x_hd.o(RESET)
 <LI><a href="#[1c]">DMA1_Channel7_IRQHandler</a> from startup_stm32f10x_hd.o(.text) referenced from startup_stm32f10x_hd.o(RESET)
 <LI><a href="#[43]">DMA2_Channel1_IRQHandler</a> from startup_stm32f10x_hd.o(.text) referenced from startup_stm32f10x_hd.o(RESET)
 <LI><a href="#[44]">DMA2_Channel2_IRQHandler</a> from startup_stm32f10x_hd.o(.text) referenced from startup_stm32f10x_hd.o(RESET)
 <LI><a href="#[45]">DMA2_Channel3_IRQHandler</a> from startup_stm32f10x_hd.o(.text) referenced from startup_stm32f10x_hd.o(RESET)
 <LI><a href="#[46]">DMA2_Channel4_5_IRQHandler</a> from startup_stm32f10x_hd.o(.text) referenced from startup_stm32f10x_hd.o(RESET)
 <LI><a href="#[9]">DebugMon_Handler</a> from stm32f10x_it.o(i.DebugMon_Handler) referenced from startup_stm32f10x_hd.o(RESET)
 <LI><a href="#[11]">EXTI0_IRQHandler</a> from startup_stm32f10x_hd.o(.text) referenced from startup_stm32f10x_hd.o(RESET)
 <LI><a href="#[33]">EXTI15_10_IRQHandler</a> from startup_stm32f10x_hd.o(.text) referenced from startup_stm32f10x_hd.o(RESET)
 <LI><a href="#[12]">EXTI1_IRQHandler</a> from startup_stm32f10x_hd.o(.text) referenced from startup_stm32f10x_hd.o(RESET)
 <LI><a href="#[13]">EXTI2_IRQHandler</a> from startup_stm32f10x_hd.o(.text) referenced from startup_stm32f10x_hd.o(RESET)
 <LI><a href="#[14]">EXTI3_IRQHandler</a> from stm32f10x_it.o(i.EXTI3_IRQHandler) referenced from startup_stm32f10x_hd.o(RESET)
 <LI><a href="#[15]">EXTI4_IRQHandler</a> from startup_stm32f10x_hd.o(.text) referenced from startup_stm32f10x_hd.o(RESET)
 <LI><a href="#[22]">EXTI9_5_IRQHandler</a> from startup_stm32f10x_hd.o(.text) referenced from startup_stm32f10x_hd.o(RESET)
 <LI><a href="#[f]">FLASH_IRQHandler</a> from startup_stm32f10x_hd.o(.text) referenced from startup_stm32f10x_hd.o(RESET)
 <LI><a href="#[3b]">FSMC_IRQHandler</a> from startup_stm32f10x_hd.o(.text) referenced from startup_stm32f10x_hd.o(RESET)
 <LI><a href="#[4]">HardFault_Handler</a> from stm32f10x_it.o(i.HardFault_Handler) referenced from startup_stm32f10x_hd.o(RESET)
 <LI><a href="#[2b]">I2C1_ER_IRQHandler</a> from startup_stm32f10x_hd.o(.text) referenced from startup_stm32f10x_hd.o(RESET)
 <LI><a href="#[2a]">I2C1_EV_IRQHandler</a> from startup_stm32f10x_hd.o(.text) referenced from startup_stm32f10x_hd.o(RESET)
 <LI><a href="#[2d]">I2C2_ER_IRQHandler</a> from startup_stm32f10x_hd.o(.text) referenced from startup_stm32f10x_hd.o(RESET)
 <LI><a href="#[2c]">I2C2_EV_IRQHandler</a> from startup_stm32f10x_hd.o(.text) referenced from startup_stm32f10x_hd.o(RESET)
 <LI><a href="#[5]">MemManage_Handler</a> from stm32f10x_it.o(i.MemManage_Handler) referenced from startup_stm32f10x_hd.o(RESET)
 <LI><a href="#[4f]">MsgTask</a> from main.o(i.MsgTask) referenced from main.o(i.creat_MsgTask)
 <LI><a href="#[3]">NMI_Handler</a> from stm32f10x_it.o(i.NMI_Handler) referenced from startup_stm32f10x_hd.o(RESET)
 <LI><a href="#[c]">PVD_IRQHandler</a> from startup_stm32f10x_hd.o(.text) referenced from startup_stm32f10x_hd.o(RESET)
 <LI><a href="#[2]">PendSV_Handler</a> from los_dispatch.o(KERNEL) referenced 2 times from los_hwi.o(.vector.bss)
 <LI><a href="#[2]">PendSV_Handler</a> from los_dispatch.o(KERNEL) referenced from startup_stm32f10x_hd.o(RESET)
 <LI><a href="#[10]">RCC_IRQHandler</a> from startup_stm32f10x_hd.o(.text) referenced from startup_stm32f10x_hd.o(RESET)
 <LI><a href="#[34]">RTCAlarm_IRQHandler</a> from startup_stm32f10x_hd.o(.text) referenced from startup_stm32f10x_hd.o(RESET)
 <LI><a href="#[e]">RTC_IRQHandler</a> from startup_stm32f10x_hd.o(.text) referenced from startup_stm32f10x_hd.o(RESET)
 <LI><a href="#[0]">Reset_Handler</a> from startup_stm32f10x_hd.o(.text) referenced 2 times from los_hwi.o(.vector.bss)
 <LI><a href="#[0]">Reset_Handler</a> from startup_stm32f10x_hd.o(.text) referenced from startup_stm32f10x_hd.o(RESET)
 <LI><a href="#[3c]">SDIO_IRQHandler</a> from startup_stm32f10x_hd.o(.text) referenced from startup_stm32f10x_hd.o(RESET)
 <LI><a href="#[2e]">SPI1_IRQHandler</a> from startup_stm32f10x_hd.o(.text) referenced from startup_stm32f10x_hd.o(RESET)
 <LI><a href="#[2f]">SPI2_IRQHandler</a> from startup_stm32f10x_hd.o(.text) referenced from startup_stm32f10x_hd.o(RESET)
 <LI><a href="#[3e]">SPI3_IRQHandler</a> from startup_stm32f10x_hd.o(.text) referenced from startup_stm32f10x_hd.o(RESET)
 <LI><a href="#[8]">SVC_Handler</a> from stm32f10x_it.o(i.SVC_Handler) referenced from startup_stm32f10x_hd.o(RESET)
 <LI><a href="#[a]">SysTick_Handler</a> from los_tick.o(i.SysTick_Handler) referenced from startup_stm32f10x_hd.o(RESET)
 <LI><a href="#[a]">SysTick_Handler</a> from los_tick.o(i.SysTick_Handler) referenced from los_hw_tick.o(i.osTickStart)
 <LI><a href="#[48]">SystemInit</a> from system_stm32f10x.o(i.SystemInit) referenced from startup_stm32f10x_hd.o(.text)
 <LI><a href="#[d]">TAMPER_IRQHandler</a> from startup_stm32f10x_hd.o(.text) referenced from startup_stm32f10x_hd.o(RESET)
 <LI><a href="#[23]">TIM1_BRK_IRQHandler</a> from startup_stm32f10x_hd.o(.text) referenced from startup_stm32f10x_hd.o(RESET)
 <LI><a href="#[26]">TIM1_CC_IRQHandler</a> from startup_stm32f10x_hd.o(.text) referenced from startup_stm32f10x_hd.o(RESET)
 <LI><a href="#[25]">TIM1_TRG_COM_IRQHandler</a> from startup_stm32f10x_hd.o(.text) referenced from startup_stm32f10x_hd.o(RESET)
 <LI><a href="#[24]">TIM1_UP_IRQHandler</a> from startup_stm32f10x_hd.o(.text) referenced from startup_stm32f10x_hd.o(RESET)
 <LI><a href="#[27]">TIM2_IRQHandler</a> from startup_stm32f10x_hd.o(.text) referenced from startup_stm32f10x_hd.o(RESET)
 <LI><a href="#[28]">TIM3_IRQHandler</a> from startup_stm32f10x_hd.o(.text) referenced from startup_stm32f10x_hd.o(RESET)
 <LI><a href="#[29]">TIM4_IRQHandler</a> from startup_stm32f10x_hd.o(.text) referenced from startup_stm32f10x_hd.o(RESET)
 <LI><a href="#[3d]">TIM5_IRQHandler</a> from startup_stm32f10x_hd.o(.text) referenced from startup_stm32f10x_hd.o(RESET)
 <LI><a href="#[41]">TIM6_IRQHandler</a> from startup_stm32f10x_hd.o(.text) referenced from startup_stm32f10x_hd.o(RESET)
 <LI><a href="#[42]">TIM7_IRQHandler</a> from startup_stm32f10x_hd.o(.text) referenced from startup_stm32f10x_hd.o(RESET)
 <LI><a href="#[36]">TIM8_BRK_IRQHandler</a> from startup_stm32f10x_hd.o(.text) referenced from startup_stm32f10x_hd.o(RESET)
 <LI><a href="#[39]">TIM8_CC_IRQHandler</a> from startup_stm32f10x_hd.o(.text) referenced from startup_stm32f10x_hd.o(RESET)
 <LI><a href="#[38]">TIM8_TRG_COM_IRQHandler</a> from startup_stm32f10x_hd.o(.text) referenced from startup_stm32f10x_hd.o(RESET)
 <LI><a href="#[37]">TIM8_UP_IRQHandler</a> from startup_stm32f10x_hd.o(.text) referenced from startup_stm32f10x_hd.o(RESET)
 <LI><a href="#[3f]">UART4_IRQHandler</a> from startup_stm32f10x_hd.o(.text) referenced from startup_stm32f10x_hd.o(RESET)
 <LI><a href="#[40]">UART5_IRQHandler</a> from startup_stm32f10x_hd.o(.text) referenced from startup_stm32f10x_hd.o(RESET)
 <LI><a href="#[30]">USART1_IRQHandler</a> from startup_stm32f10x_hd.o(.text) referenced from startup_stm32f10x_hd.o(RESET)
 <LI><a href="#[31]">USART2_IRQHandler</a> from startup_stm32f10x_hd.o(.text) referenced from startup_stm32f10x_hd.o(RESET)
 <LI><a href="#[32]">USART3_IRQHandler</a> from startup_stm32f10x_hd.o(.text) referenced from startup_stm32f10x_hd.o(RESET)
 <LI><a href="#[35]">USBWakeUp_IRQHandler</a> from startup_stm32f10x_hd.o(.text) referenced from startup_stm32f10x_hd.o(RESET)
 <LI><a href="#[1e]">USB_HP_CAN1_TX_IRQHandler</a> from startup_stm32f10x_hd.o(.text) referenced from startup_stm32f10x_hd.o(RESET)
 <LI><a href="#[1f]">USB_LP_CAN1_RX0_IRQHandler</a> from startup_stm32f10x_hd.o(.text) referenced from startup_stm32f10x_hd.o(RESET)
 <LI><a href="#[7]">UsageFault_Handler</a> from stm32f10x_it.o(i.UsageFault_Handler) referenced from startup_stm32f10x_hd.o(RESET)
 <LI><a href="#[b]">WWDG_IRQHandler</a> from startup_stm32f10x_hd.o(.text) referenced from startup_stm32f10x_hd.o(RESET)
 <LI><a href="#[49]">__main</a> from entry.o(.ARM.Collect$$$$00000000) referenced from startup_stm32f10x_hd.o(.text)
 <LI><a href="#[4e]">_sputc</a> from printf5.o(i._sputc) referenced from printf5.o(i.__0sprintf$5)
 <LI><a href="#[4d]">fputc</a> from bsp_usart1.o(i.fputc) referenced from printf5.o(i.__0printf$5)
 <LI><a href="#[4a]">macESP8266_USART_INT_FUN_MY</a> from stm32f10x_it.o(i.macESP8266_USART_INT_FUN_MY) referenced from bsp_esp8266.o(i.ESP8266_USART_NVIC_Configuration)
 <LI><a href="#[4c]">macOV7725_VSYNC_EXTI_INT_FUNCTION_IEye</a> from bsp_ov7725.o(i.macOV7725_VSYNC_EXTI_INT_FUNCTION_IEye) referenced from bsp_ov7725.o(i.VSYNC_NVIC_Configuration)
 <LI><a href="#[47]">main</a> from los_config.o(i.main) referenced from entry9a.o(.ARM.Collect$$$$0000000B)
 <LI><a href="#[1]">osHwiDefaultHandler</a> from los_hwi.o(i.osHwiDefaultHandler) referenced 16 times from los_hwi.o(.vector.bss)
 <LI><a href="#[1]">osHwiDefaultHandler</a> from los_hwi.o(i.osHwiDefaultHandler) referenced from los_hwi.o(i.LOS_HwiCreate)
 <LI><a href="#[1]">osHwiDefaultHandler</a> from los_hwi.o(i.osHwiDefaultHandler) referenced from los_hwi.o(i.osHwiInit)
 <LI><a href="#[51]">osIdleTask</a> from los_task.o(i.osIdleTask) referenced from los_task.o(i.osIdleTaskCreate)
 <LI><a href="#[4b]">osInterrupt</a> from los_hwi.o(i.osInterrupt) referenced from los_hwi.o(i.LOS_HwiCreate)
 <LI><a href="#[4b]">osInterrupt</a> from los_hwi.o(i.osInterrupt) referenced from los_hw_tick.o(i.osTickStart)
 <LI><a href="#[52]">osSwTmrTask</a> from los_swtmr.o(i.osSwTmrTask) referenced from los_swtmr.o(i.osSwTmrTaskCreate)
 <LI><a href="#[54]">osTaskEntry</a> from los_task.o(i.osTaskEntry) referenced from los_hw.o(i.osTskStackInit)
 <LI><a href="#[53]">osTaskExit</a> from los_hw.o(i.osTaskExit) referenced from los_hw.o(i.osTskStackInit)
 <LI><a href="#[50]">task1</a> from main.o(i.task1) referenced from main.o(i.creat_task1)
</UL>
<P>
<H3>
Global Symbols
</H3>
<P><STRONG><a name="[49]"></a>__main</STRONG> (Thumb, 0 bytes, Stack size unknown bytes, entry.o(.ARM.Collect$$$$00000000))
<BR>[Address Reference Count : 1]<UL><LI> startup_stm32f10x_hd.o(.text)
</UL>
<P><STRONG><a name="[111]"></a>_main_stk</STRONG> (Thumb, 0 bytes, Stack size unknown bytes, entry3.o(.ARM.Collect$$$$00000002))

<P><STRONG><a name="[55]"></a>_main_scatterload</STRONG> (Thumb, 0 bytes, Stack size unknown bytes, entry5.o(.ARM.Collect$$$$00000004))
<BR><BR>[Calls]<UL><LI><a href="#[56]">&gt;&gt;</a>&nbsp;&nbsp;&nbsp;__scatterload
</UL>

<P><STRONG><a name="[5d]"></a>__main_after_scatterload</STRONG> (Thumb, 0 bytes, Stack size unknown bytes, entry5.o(.ARM.Collect$$$$00000004))
<BR><BR>[Called By]<UL><LI><a href="#[56]">&gt;&gt;</a>&nbsp;&nbsp;&nbsp;__scatterload
</UL>

<P><STRONG><a name="[112]"></a>_main_clock</STRONG> (Thumb, 0 bytes, Stack size unknown bytes, entry7b.o(.ARM.Collect$$$$00000008))

<P><STRONG><a name="[113]"></a>_main_cpp_init</STRONG> (Thumb, 0 bytes, Stack size unknown bytes, entry8b.o(.ARM.Collect$$$$0000000A))

<P><STRONG><a name="[114]"></a>_main_init</STRONG> (Thumb, 0 bytes, Stack size unknown bytes, entry9a.o(.ARM.Collect$$$$0000000B))

<P><STRONG><a name="[115]"></a>__rt_final_cpp</STRONG> (Thumb, 0 bytes, Stack size unknown bytes, entry10a.o(.ARM.Collect$$$$0000000D))

<P><STRONG><a name="[116]"></a>__rt_final_exit</STRONG> (Thumb, 0 bytes, Stack size unknown bytes, entry11a.o(.ARM.Collect$$$$0000000F))

<P><STRONG><a name="[f5]"></a>osIntNumGet</STRONG> (Thumb, 6 bytes, Stack size 0 bytes, los_hwi.o(.emb_text))
<BR><BR>[Called By]<UL><LI><a href="#[1]">&gt;&gt;</a>&nbsp;&nbsp;&nbsp;osHwiDefaultHandler
<LI><a href="#[4b]">&gt;&gt;</a>&nbsp;&nbsp;&nbsp;osInterrupt
</UL>

<P><STRONG><a name="[0]"></a>Reset_Handler</STRONG> (Thumb, 8 bytes, Stack size 0 bytes, startup_stm32f10x_hd.o(.text))
<BR>[Address Reference Count : 2]<UL><LI> startup_stm32f10x_hd.o(RESET)
<LI> los_hwi.o(.vector.bss)
</UL>
<P><STRONG><a name="[1d]"></a>ADC1_2_IRQHandler</STRONG> (Thumb, 0 bytes, Stack size 0 bytes, startup_stm32f10x_hd.o(.text))
<BR><BR>[Calls]<UL><LI><a href="#[1d]">&gt;&gt;</a>&nbsp;&nbsp;&nbsp;ADC1_2_IRQHandler
</UL>
<BR>[Called By]<UL><LI><a href="#[1d]">&gt;&gt;</a>&nbsp;&nbsp;&nbsp;ADC1_2_IRQHandler
</UL>
<BR>[Address Reference Count : 1]<UL><LI> startup_stm32f10x_hd.o(RESET)
</UL>
<P><STRONG><a name="[3a]"></a>ADC3_IRQHandler</STRONG> (Thumb, 0 bytes, Stack size 0 bytes, startup_stm32f10x_hd.o(.text))
<BR>[Address Reference Count : 1]<UL><LI> startup_stm32f10x_hd.o(RESET)
</UL>
<P><STRONG><a name="[20]"></a>CAN1_RX1_IRQHandler</STRONG> (Thumb, 0 bytes, Stack size 0 bytes, startup_stm32f10x_hd.o(.text))
<BR>[Address Reference Count : 1]<UL><LI> startup_stm32f10x_hd.o(RESET)
</UL>
<P><STRONG><a name="[21]"></a>CAN1_SCE_IRQHandler</STRONG> (Thumb, 0 bytes, Stack size 0 bytes, startup_stm32f10x_hd.o(.text))
<BR>[Address Reference Count : 1]<UL><LI> startup_stm32f10x_hd.o(RESET)
</UL>
<P><STRONG><a name="[16]"></a>DMA1_Channel1_IRQHandler</STRONG> (Thumb, 0 bytes, Stack size 0 bytes, startup_stm32f10x_hd.o(.text))
<BR>[Address Reference Count : 1]<UL><LI> startup_stm32f10x_hd.o(RESET)
</UL>
<P><STRONG><a name="[17]"></a>DMA1_Channel2_IRQHandler</STRONG> (Thumb, 0 bytes, Stack size 0 bytes, startup_stm32f10x_hd.o(.text))
<BR>[Address Reference Count : 1]<UL><LI> startup_stm32f10x_hd.o(RESET)
</UL>
<P><STRONG><a name="[18]"></a>DMA1_Channel3_IRQHandler</STRONG> (Thumb, 0 bytes, Stack size 0 bytes, startup_stm32f10x_hd.o(.text))
<BR>[Address Reference Count : 1]<UL><LI> startup_stm32f10x_hd.o(RESET)
</UL>
<P><STRONG><a name="[19]"></a>DMA1_Channel4_IRQHandler</STRONG> (Thumb, 0 bytes, Stack size 0 bytes, startup_stm32f10x_hd.o(.text))
<BR>[Address Reference Count : 1]<UL><LI> startup_stm32f10x_hd.o(RESET)
</UL>
<P><STRONG><a name="[1a]"></a>DMA1_Channel5_IRQHandler</STRONG> (Thumb, 0 bytes, Stack size 0 bytes, startup_stm32f10x_hd.o(.text))
<BR>[Address Reference Count : 1]<UL><LI> startup_stm32f10x_hd.o(RESET)
</UL>
<P><STRONG><a name="[1b]"></a>DMA1_Channel6_IRQHandler</STRONG> (Thumb, 0 bytes, Stack size 0 bytes, startup_stm32f10x_hd.o(.text))
<BR>[Address Reference Count : 1]<UL><LI> startup_stm32f10x_hd.o(RESET)
</UL>
<P><STRONG><a name="[1c]"></a>DMA1_Channel7_IRQHandler</STRONG> (Thumb, 0 bytes, Stack size 0 bytes, startup_stm32f10x_hd.o(.text))
<BR>[Address Reference Count : 1]<UL><LI> startup_stm32f10x_hd.o(RESET)
</UL>
<P><STRONG><a name="[43]"></a>DMA2_Channel1_IRQHandler</STRONG> (Thumb, 0 bytes, Stack size 0 bytes, startup_stm32f10x_hd.o(.text))
<BR>[Address Reference Count : 1]<UL><LI> startup_stm32f10x_hd.o(RESET)
</UL>
<P><STRONG><a name="[44]"></a>DMA2_Channel2_IRQHandler</STRONG> (Thumb, 0 bytes, Stack size 0 bytes, startup_stm32f10x_hd.o(.text))
<BR>[Address Reference Count : 1]<UL><LI> startup_stm32f10x_hd.o(RESET)
</UL>
<P><STRONG><a name="[45]"></a>DMA2_Channel3_IRQHandler</STRONG> (Thumb, 0 bytes, Stack size 0 bytes, startup_stm32f10x_hd.o(.text))
<BR>[Address Reference Count : 1]<UL><LI> startup_stm32f10x_hd.o(RESET)
</UL>
<P><STRONG><a name="[46]"></a>DMA2_Channel4_5_IRQHandler</STRONG> (Thumb, 0 bytes, Stack size 0 bytes, startup_stm32f10x_hd.o(.text))
<BR>[Address Reference Count : 1]<UL><LI> startup_stm32f10x_hd.o(RESET)
</UL>
<P><STRONG><a name="[11]"></a>EXTI0_IRQHandler</STRONG> (Thumb, 0 bytes, Stack size 0 bytes, startup_stm32f10x_hd.o(.text))
<BR>[Address Reference Count : 1]<UL><LI> startup_stm32f10x_hd.o(RESET)
</UL>
<P><STRONG><a name="[33]"></a>EXTI15_10_IRQHandler</STRONG> (Thumb, 0 bytes, Stack size 0 bytes, startup_stm32f10x_hd.o(.text))
<BR>[Address Reference Count : 1]<UL><LI> startup_stm32f10x_hd.o(RESET)
</UL>
<P><STRONG><a name="[12]"></a>EXTI1_IRQHandler</STRONG> (Thumb, 0 bytes, Stack size 0 bytes, startup_stm32f10x_hd.o(.text))
<BR>[Address Reference Count : 1]<UL><LI> startup_stm32f10x_hd.o(RESET)
</UL>
<P><STRONG><a name="[13]"></a>EXTI2_IRQHandler</STRONG> (Thumb, 0 bytes, Stack size 0 bytes, startup_stm32f10x_hd.o(.text))
<BR>[Address Reference Count : 1]<UL><LI> startup_stm32f10x_hd.o(RESET)
</UL>
<P><STRONG><a name="[15]"></a>EXTI4_IRQHandler</STRONG> (Thumb, 0 bytes, Stack size 0 bytes, startup_stm32f10x_hd.o(.text))
<BR>[Address Reference Count : 1]<UL><LI> startup_stm32f10x_hd.o(RESET)
</UL>
<P><STRONG><a name="[22]"></a>EXTI9_5_IRQHandler</STRONG> (Thumb, 0 bytes, Stack size 0 bytes, startup_stm32f10x_hd.o(.text))
<BR>[Address Reference Count : 1]<UL><LI> startup_stm32f10x_hd.o(RESET)
</UL>
<P><STRONG><a name="[f]"></a>FLASH_IRQHandler</STRONG> (Thumb, 0 bytes, Stack size 0 bytes, startup_stm32f10x_hd.o(.text))
<BR>[Address Reference Count : 1]<UL><LI> startup_stm32f10x_hd.o(RESET)
</UL>
<P><STRONG><a name="[3b]"></a>FSMC_IRQHandler</STRONG> (Thumb, 0 bytes, Stack size 0 bytes, startup_stm32f10x_hd.o(.text))
<BR>[Address Reference Count : 1]<UL><LI> startup_stm32f10x_hd.o(RESET)
</UL>
<P><STRONG><a name="[2b]"></a>I2C1_ER_IRQHandler</STRONG> (Thumb, 0 bytes, Stack size 0 bytes, startup_stm32f10x_hd.o(.text))
<BR>[Address Reference Count : 1]<UL><LI> startup_stm32f10x_hd.o(RESET)
</UL>
<P><STRONG><a name="[2a]"></a>I2C1_EV_IRQHandler</STRONG> (Thumb, 0 bytes, Stack size 0 bytes, startup_stm32f10x_hd.o(.text))
<BR>[Address Reference Count : 1]<UL><LI> startup_stm32f10x_hd.o(RESET)
</UL>
<P><STRONG><a name="[2d]"></a>I2C2_ER_IRQHandler</STRONG> (Thumb, 0 bytes, Stack size 0 bytes, startup_stm32f10x_hd.o(.text))
<BR>[Address Reference Count : 1]<UL><LI> startup_stm32f10x_hd.o(RESET)
</UL>
<P><STRONG><a name="[2c]"></a>I2C2_EV_IRQHandler</STRONG> (Thumb, 0 bytes, Stack size 0 bytes, startup_stm32f10x_hd.o(.text))
<BR>[Address Reference Count : 1]<UL><LI> startup_stm32f10x_hd.o(RESET)
</UL>
<P><STRONG><a name="[c]"></a>PVD_IRQHandler</STRONG> (Thumb, 0 bytes, Stack size 0 bytes, startup_stm32f10x_hd.o(.text))
<BR>[Address Reference Count : 1]<UL><LI> startup_stm32f10x_hd.o(RESET)
</UL>
<P><STRONG><a name="[10]"></a>RCC_IRQHandler</STRONG> (Thumb, 0 bytes, Stack size 0 bytes, startup_stm32f10x_hd.o(.text))
<BR>[Address Reference Count : 1]<UL><LI> startup_stm32f10x_hd.o(RESET)
</UL>
<P><STRONG><a name="[34]"></a>RTCAlarm_IRQHandler</STRONG> (Thumb, 0 bytes, Stack size 0 bytes, startup_stm32f10x_hd.o(.text))
<BR>[Address Reference Count : 1]<UL><LI> startup_stm32f10x_hd.o(RESET)
</UL>
<P><STRONG><a name="[e]"></a>RTC_IRQHandler</STRONG> (Thumb, 0 bytes, Stack size 0 bytes, startup_stm32f10x_hd.o(.text))
<BR>[Address Reference Count : 1]<UL><LI> startup_stm32f10x_hd.o(RESET)
</UL>
<P><STRONG><a name="[3c]"></a>SDIO_IRQHandler</STRONG> (Thumb, 0 bytes, Stack size 0 bytes, startup_stm32f10x_hd.o(.text))
<BR>[Address Reference Count : 1]<UL><LI> startup_stm32f10x_hd.o(RESET)
</UL>
<P><STRONG><a name="[2e]"></a>SPI1_IRQHandler</STRONG> (Thumb, 0 bytes, Stack size 0 bytes, startup_stm32f10x_hd.o(.text))
<BR>[Address Reference Count : 1]<UL><LI> startup_stm32f10x_hd.o(RESET)
</UL>
<P><STRONG><a name="[2f]"></a>SPI2_IRQHandler</STRONG> (Thumb, 0 bytes, Stack size 0 bytes, startup_stm32f10x_hd.o(.text))
<BR>[Address Reference Count : 1]<UL><LI> startup_stm32f10x_hd.o(RESET)
</UL>
<P><STRONG><a name="[3e]"></a>SPI3_IRQHandler</STRONG> (Thumb, 0 bytes, Stack size 0 bytes, startup_stm32f10x_hd.o(.text))
<BR>[Address Reference Count : 1]<UL><LI> startup_stm32f10x_hd.o(RESET)
</UL>
<P><STRONG><a name="[d]"></a>TAMPER_IRQHandler</STRONG> (Thumb, 0 bytes, Stack size 0 bytes, startup_stm32f10x_hd.o(.text))
<BR>[Address Reference Count : 1]<UL><LI> startup_stm32f10x_hd.o(RESET)
</UL>
<P><STRONG><a name="[23]"></a>TIM1_BRK_IRQHandler</STRONG> (Thumb, 0 bytes, Stack size 0 bytes, startup_stm32f10x_hd.o(.text))
<BR>[Address Reference Count : 1]<UL><LI> startup_stm32f10x_hd.o(RESET)
</UL>
<P><STRONG><a name="[26]"></a>TIM1_CC_IRQHandler</STRONG> (Thumb, 0 bytes, Stack size 0 bytes, startup_stm32f10x_hd.o(.text))
<BR>[Address Reference Count : 1]<UL><LI> startup_stm32f10x_hd.o(RESET)
</UL>
<P><STRONG><a name="[25]"></a>TIM1_TRG_COM_IRQHandler</STRONG> (Thumb, 0 bytes, Stack size 0 bytes, startup_stm32f10x_hd.o(.text))
<BR>[Address Reference Count : 1]<UL><LI> startup_stm32f10x_hd.o(RESET)
</UL>
<P><STRONG><a name="[24]"></a>TIM1_UP_IRQHandler</STRONG> (Thumb, 0 bytes, Stack size 0 bytes, startup_stm32f10x_hd.o(.text))
<BR>[Address Reference Count : 1]<UL><LI> startup_stm32f10x_hd.o(RESET)
</UL>
<P><STRONG><a name="[27]"></a>TIM2_IRQHandler</STRONG> (Thumb, 0 bytes, Stack size 0 bytes, startup_stm32f10x_hd.o(.text))
<BR>[Address Reference Count : 1]<UL><LI> startup_stm32f10x_hd.o(RESET)
</UL>
<P><STRONG><a name="[28]"></a>TIM3_IRQHandler</STRONG> (Thumb, 0 bytes, Stack size 0 bytes, startup_stm32f10x_hd.o(.text))
<BR>[Address Reference Count : 1]<UL><LI> startup_stm32f10x_hd.o(RESET)
</UL>
<P><STRONG><a name="[29]"></a>TIM4_IRQHandler</STRONG> (Thumb, 0 bytes, Stack size 0 bytes, startup_stm32f10x_hd.o(.text))
<BR>[Address Reference Count : 1]<UL><LI> startup_stm32f10x_hd.o(RESET)
</UL>
<P><STRONG><a name="[3d]"></a>TIM5_IRQHandler</STRONG> (Thumb, 0 bytes, Stack size 0 bytes, startup_stm32f10x_hd.o(.text))
<BR>[Address Reference Count : 1]<UL><LI> startup_stm32f10x_hd.o(RESET)
</UL>
<P><STRONG><a name="[41]"></a>TIM6_IRQHandler</STRONG> (Thumb, 0 bytes, Stack size 0 bytes, startup_stm32f10x_hd.o(.text))
<BR>[Address Reference Count : 1]<UL><LI> startup_stm32f10x_hd.o(RESET)
</UL>
<P><STRONG><a name="[42]"></a>TIM7_IRQHandler</STRONG> (Thumb, 0 bytes, Stack size 0 bytes, startup_stm32f10x_hd.o(.text))
<BR>[Address Reference Count : 1]<UL><LI> startup_stm32f10x_hd.o(RESET)
</UL>
<P><STRONG><a name="[36]"></a>TIM8_BRK_IRQHandler</STRONG> (Thumb, 0 bytes, Stack size 0 bytes, startup_stm32f10x_hd.o(.text))
<BR>[Address Reference Count : 1]<UL><LI> startup_stm32f10x_hd.o(RESET)
</UL>
<P><STRONG><a name="[39]"></a>TIM8_CC_IRQHandler</STRONG> (Thumb, 0 bytes, Stack size 0 bytes, startup_stm32f10x_hd.o(.text))
<BR>[Address Reference Count : 1]<UL><LI> startup_stm32f10x_hd.o(RESET)
</UL>
<P><STRONG><a name="[38]"></a>TIM8_TRG_COM_IRQHandler</STRONG> (Thumb, 0 bytes, Stack size 0 bytes, startup_stm32f10x_hd.o(.text))
<BR>[Address Reference Count : 1]<UL><LI> startup_stm32f10x_hd.o(RESET)
</UL>
<P><STRONG><a name="[37]"></a>TIM8_UP_IRQHandler</STRONG> (Thumb, 0 bytes, Stack size 0 bytes, startup_stm32f10x_hd.o(.text))
<BR>[Address Reference Count : 1]<UL><LI> startup_stm32f10x_hd.o(RESET)
</UL>
<P><STRONG><a name="[3f]"></a>UART4_IRQHandler</STRONG> (Thumb, 0 bytes, Stack size 0 bytes, startup_stm32f10x_hd.o(.text))
<BR>[Address Reference Count : 1]<UL><LI> startup_stm32f10x_hd.o(RESET)
</UL>
<P><STRONG><a name="[40]"></a>UART5_IRQHandler</STRONG> (Thumb, 0 bytes, Stack size 0 bytes, startup_stm32f10x_hd.o(.text))
<BR>[Address Reference Count : 1]<UL><LI> startup_stm32f10x_hd.o(RESET)
</UL>
<P><STRONG><a name="[30]"></a>USART1_IRQHandler</STRONG> (Thumb, 0 bytes, Stack size 0 bytes, startup_stm32f10x_hd.o(.text))
<BR>[Address Reference Count : 1]<UL><LI> startup_stm32f10x_hd.o(RESET)
</UL>
<P><STRONG><a name="[31]"></a>USART2_IRQHandler</STRONG> (Thumb, 0 bytes, Stack size 0 bytes, startup_stm32f10x_hd.o(.text))
<BR>[Address Reference Count : 1]<UL><LI> startup_stm32f10x_hd.o(RESET)
</UL>
<P><STRONG><a name="[32]"></a>USART3_IRQHandler</STRONG> (Thumb, 0 bytes, Stack size 0 bytes, startup_stm32f10x_hd.o(.text))
<BR>[Address Reference Count : 1]<UL><LI> startup_stm32f10x_hd.o(RESET)
</UL>
<P><STRONG><a name="[35]"></a>USBWakeUp_IRQHandler</STRONG> (Thumb, 0 bytes, Stack size 0 bytes, startup_stm32f10x_hd.o(.text))
<BR>[Address Reference Count : 1]<UL><LI> startup_stm32f10x_hd.o(RESET)
</UL>
<P><STRONG><a name="[1e]"></a>USB_HP_CAN1_TX_IRQHandler</STRONG> (Thumb, 0 bytes, Stack size 0 bytes, startup_stm32f10x_hd.o(.text))
<BR>[Address Reference Count : 1]<UL><LI> startup_stm32f10x_hd.o(RESET)
</UL>
<P><STRONG><a name="[1f]"></a>USB_LP_CAN1_RX0_IRQHandler</STRONG> (Thumb, 0 bytes, Stack size 0 bytes, startup_stm32f10x_hd.o(.text))
<BR>[Address Reference Count : 1]<UL><LI> startup_stm32f10x_hd.o(RESET)
</UL>
<P><STRONG><a name="[b]"></a>WWDG_IRQHandler</STRONG> (Thumb, 0 bytes, Stack size 0 bytes, startup_stm32f10x_hd.o(.text))
<BR>[Address Reference Count : 1]<UL><LI> startup_stm32f10x_hd.o(RESET)
</UL>
<P><STRONG><a name="[b8]"></a>LOS_StartToRun</STRONG> (Thumb, 0 bytes, Stack size unknown bytes, los_dispatch.o(.text))
<BR><BR>[Called By]<UL><LI><a href="#[b6]">&gt;&gt;</a>&nbsp;&nbsp;&nbsp;LOS_Start
</UL>

<P><STRONG><a name="[57]"></a>__aeabi_uldivmod</STRONG> (Thumb, 98 bytes, Stack size 40 bytes, uldiv.o(.text), UNUSED)
<BR><BR>[Calls]<UL><LI><a href="#[58]">&gt;&gt;</a>&nbsp;&nbsp;&nbsp;__aeabi_llsr
<LI><a href="#[59]">&gt;&gt;</a>&nbsp;&nbsp;&nbsp;__aeabi_llsl
</UL>
<BR>[Called By]<UL><LI><a href="#[ea]">&gt;&gt;</a>&nbsp;&nbsp;&nbsp;_printf_core
</UL>

<P><STRONG><a name="[c9]"></a>__aeabi_memcpy</STRONG> (Thumb, 36 bytes, Stack size 0 bytes, memcpya.o(.text))
<BR><BR>[Called By]<UL><LI><a href="#[c8]">&gt;&gt;</a>&nbsp;&nbsp;&nbsp;send_process
<LI><a href="#[4f]">&gt;&gt;</a>&nbsp;&nbsp;&nbsp;MsgTask
</UL>

<P><STRONG><a name="[117]"></a>__aeabi_memcpy4</STRONG> (Thumb, 0 bytes, Stack size 0 bytes, memcpya.o(.text), UNUSED)

<P><STRONG><a name="[118]"></a>__aeabi_memcpy8</STRONG> (Thumb, 0 bytes, Stack size 0 bytes, memcpya.o(.text), UNUSED)

<P><STRONG><a name="[5b]"></a>__aeabi_memset</STRONG> (Thumb, 14 bytes, Stack size 0 bytes, memseta.o(.text))
<BR><BR>[Called By]<UL><LI><a href="#[5c]">&gt;&gt;</a>&nbsp;&nbsp;&nbsp;_memset$wrapper
<LI><a href="#[5a]">&gt;&gt;</a>&nbsp;&nbsp;&nbsp;__aeabi_memclr
</UL>

<P><STRONG><a name="[119]"></a>__aeabi_memset4</STRONG> (Thumb, 0 bytes, Stack size 0 bytes, memseta.o(.text), UNUSED)

<P><STRONG><a name="[11a]"></a>__aeabi_memset8</STRONG> (Thumb, 0 bytes, Stack size 0 bytes, memseta.o(.text), UNUSED)

<P><STRONG><a name="[5a]"></a>__aeabi_memclr</STRONG> (Thumb, 4 bytes, Stack size 0 bytes, memseta.o(.text))
<BR><BR>[Calls]<UL><LI><a href="#[5b]">&gt;&gt;</a>&nbsp;&nbsp;&nbsp;__aeabi_memset
</UL>
<BR>[Called By]<UL><LI><a href="#[4f]">&gt;&gt;</a>&nbsp;&nbsp;&nbsp;MsgTask
</UL>

<P><STRONG><a name="[ef]"></a>__aeabi_memclr4</STRONG> (Thumb, 0 bytes, Stack size 0 bytes, memseta.o(.text))
<BR><BR>[Called By]<UL><LI><a href="#[c6]">&gt;&gt;</a>&nbsp;&nbsp;&nbsp;init_wifi
<LI><a href="#[fd]">&gt;&gt;</a>&nbsp;&nbsp;&nbsp;osQueueInit
<LI><a href="#[a7]">&gt;&gt;</a>&nbsp;&nbsp;&nbsp;osQueueCreate
<LI><a href="#[fa]">&gt;&gt;</a>&nbsp;&nbsp;&nbsp;osTaskInit
<LI><a href="#[f6]">&gt;&gt;</a>&nbsp;&nbsp;&nbsp;osIdleTaskCreate
<LI><a href="#[10b]">&gt;&gt;</a>&nbsp;&nbsp;&nbsp;osSwTmrTaskCreate
<LI><a href="#[fe]">&gt;&gt;</a>&nbsp;&nbsp;&nbsp;osSwTmrInit
</UL>

<P><STRONG><a name="[11b]"></a>__aeabi_memclr8</STRONG> (Thumb, 0 bytes, Stack size 0 bytes, memseta.o(.text), UNUSED)

<P><STRONG><a name="[5c]"></a>_memset$wrapper</STRONG> (Thumb, 18 bytes, Stack size 8 bytes, memseta.o(.text), UNUSED)
<BR><BR>[Calls]<UL><LI><a href="#[5b]">&gt;&gt;</a>&nbsp;&nbsp;&nbsp;__aeabi_memset
</UL>

<P><STRONG><a name="[72]"></a>strstr</STRONG> (Thumb, 36 bytes, Stack size 12 bytes, strstr.o(.text))
<BR><BR>[Stack]<UL><LI>Max Depth = 12<LI>Call Chain = strstr
</UL>
<BR>[Called By]<UL><LI><a href="#[71]">&gt;&gt;</a>&nbsp;&nbsp;&nbsp;ESP8266_Inquire_ApIp
<LI><a href="#[4f]">&gt;&gt;</a>&nbsp;&nbsp;&nbsp;MsgTask
</UL>

<P><STRONG><a name="[59]"></a>__aeabi_llsl</STRONG> (Thumb, 30 bytes, Stack size 0 bytes, llshl.o(.text), UNUSED)
<BR><BR>[Called By]<UL><LI><a href="#[57]">&gt;&gt;</a>&nbsp;&nbsp;&nbsp;__aeabi_uldivmod
</UL>

<P><STRONG><a name="[11c]"></a>_ll_shift_l</STRONG> (Thumb, 0 bytes, Stack size 0 bytes, llshl.o(.text), UNUSED)

<P><STRONG><a name="[58]"></a>__aeabi_llsr</STRONG> (Thumb, 32 bytes, Stack size 0 bytes, llushr.o(.text), UNUSED)
<BR><BR>[Called By]<UL><LI><a href="#[57]">&gt;&gt;</a>&nbsp;&nbsp;&nbsp;__aeabi_uldivmod
</UL>

<P><STRONG><a name="[11d]"></a>_ll_ushift_r</STRONG> (Thumb, 0 bytes, Stack size 0 bytes, llushr.o(.text), UNUSED)

<P><STRONG><a name="[56]"></a>__scatterload</STRONG> (Thumb, 28 bytes, Stack size 0 bytes, init.o(.text))
<BR><BR>[Calls]<UL><LI><a href="#[5d]">&gt;&gt;</a>&nbsp;&nbsp;&nbsp;__main_after_scatterload
</UL>
<BR>[Called By]<UL><LI><a href="#[55]">&gt;&gt;</a>&nbsp;&nbsp;&nbsp;_main_scatterload
</UL>

<P><STRONG><a name="[11e]"></a>__scatterload_rt2</STRONG> (Thumb, 0 bytes, Stack size 0 bytes, init.o(.text), UNUSED)

<P><STRONG><a name="[11f]"></a>__decompress</STRONG> (Thumb, 0 bytes, Stack size unknown bytes, __dczerorl2.o(.text), UNUSED)

<P><STRONG><a name="[120]"></a>__decompress1</STRONG> (Thumb, 86 bytes, Stack size unknown bytes, __dczerorl2.o(.text), UNUSED)

<P><STRONG><a name="[7b]"></a>LOS_IntLock</STRONG> (Thumb, 0 bytes, Stack size unknown bytes, los_dispatch.o(KERNEL))
<BR><BR>[Called By]<UL><LI><a href="#[79]">&gt;&gt;</a>&nbsp;&nbsp;&nbsp;ESP8266_USART_NVIC_Configuration
<LI><a href="#[7c]">&gt;&gt;</a>&nbsp;&nbsp;&nbsp;LOS_HwiCreate
<LI><a href="#[e8]">&gt;&gt;</a>&nbsp;&nbsp;&nbsp;VSYNC_NVIC_Configuration
<LI><a href="#[64]">&gt;&gt;</a>&nbsp;&nbsp;&nbsp;LOS_TaskDelay
<LI><a href="#[b9]">&gt;&gt;</a>&nbsp;&nbsp;&nbsp;LOS_TaskCreate
<LI><a href="#[ae]">&gt;&gt;</a>&nbsp;&nbsp;&nbsp;LOS_QueueWrite
<LI><a href="#[a9]">&gt;&gt;</a>&nbsp;&nbsp;&nbsp;LOS_QueueRead
<LI><a href="#[a6]">&gt;&gt;</a>&nbsp;&nbsp;&nbsp;LOS_QueueCreate
<LI><a href="#[b1]">&gt;&gt;</a>&nbsp;&nbsp;&nbsp;LOS_SemPost
<LI><a href="#[ab]">&gt;&gt;</a>&nbsp;&nbsp;&nbsp;LOS_Schedule
<LI><a href="#[9c]">&gt;&gt;</a>&nbsp;&nbsp;&nbsp;LOS_MemFree
<LI><a href="#[9b]">&gt;&gt;</a>&nbsp;&nbsp;&nbsp;LOS_MemAllocAlign
<LI><a href="#[54]">&gt;&gt;</a>&nbsp;&nbsp;&nbsp;osTaskEntry
<LI><a href="#[c0]">&gt;&gt;</a>&nbsp;&nbsp;&nbsp;LOS_TaskYield
<LI><a href="#[c4]">&gt;&gt;</a>&nbsp;&nbsp;&nbsp;LOS_TaskUnlock
<LI><a href="#[c3]">&gt;&gt;</a>&nbsp;&nbsp;&nbsp;LOS_TaskLock
<LI><a href="#[ba]">&gt;&gt;</a>&nbsp;&nbsp;&nbsp;LOS_TaskCreateOnly
<LI><a href="#[a5]">&gt;&gt;</a>&nbsp;&nbsp;&nbsp;LOS_MemboxInit
<LI><a href="#[a4]">&gt;&gt;</a>&nbsp;&nbsp;&nbsp;LOS_MemboxFree
<LI><a href="#[a3]">&gt;&gt;</a>&nbsp;&nbsp;&nbsp;LOS_MemboxAlloc
<LI><a href="#[99]">&gt;&gt;</a>&nbsp;&nbsp;&nbsp;LOS_MemAlloc
<LI><a href="#[4b]">&gt;&gt;</a>&nbsp;&nbsp;&nbsp;osInterrupt
<LI><a href="#[9f]">&gt;&gt;</a>&nbsp;&nbsp;&nbsp;LOS_MemInit
</UL>

<P><STRONG><a name="[121]"></a>LOS_IntUnLock</STRONG> (Thumb, 0 bytes, Stack size unknown bytes, los_dispatch.o(KERNEL), UNUSED)

<P><STRONG><a name="[7d]"></a>LOS_IntRestore</STRONG> (Thumb, 0 bytes, Stack size unknown bytes, los_dispatch.o(KERNEL))
<BR><BR>[Called By]<UL><LI><a href="#[79]">&gt;&gt;</a>&nbsp;&nbsp;&nbsp;ESP8266_USART_NVIC_Configuration
<LI><a href="#[7c]">&gt;&gt;</a>&nbsp;&nbsp;&nbsp;LOS_HwiCreate
<LI><a href="#[e8]">&gt;&gt;</a>&nbsp;&nbsp;&nbsp;VSYNC_NVIC_Configuration
<LI><a href="#[64]">&gt;&gt;</a>&nbsp;&nbsp;&nbsp;LOS_TaskDelay
<LI><a href="#[b9]">&gt;&gt;</a>&nbsp;&nbsp;&nbsp;LOS_TaskCreate
<LI><a href="#[ae]">&gt;&gt;</a>&nbsp;&nbsp;&nbsp;LOS_QueueWrite
<LI><a href="#[a9]">&gt;&gt;</a>&nbsp;&nbsp;&nbsp;LOS_QueueRead
<LI><a href="#[a6]">&gt;&gt;</a>&nbsp;&nbsp;&nbsp;LOS_QueueCreate
<LI><a href="#[b1]">&gt;&gt;</a>&nbsp;&nbsp;&nbsp;LOS_SemPost
<LI><a href="#[ab]">&gt;&gt;</a>&nbsp;&nbsp;&nbsp;LOS_Schedule
<LI><a href="#[9c]">&gt;&gt;</a>&nbsp;&nbsp;&nbsp;LOS_MemFree
<LI><a href="#[9b]">&gt;&gt;</a>&nbsp;&nbsp;&nbsp;LOS_MemAllocAlign
<LI><a href="#[10f]">&gt;&gt;</a>&nbsp;&nbsp;&nbsp;osTaskSelfDelete
<LI><a href="#[54]">&gt;&gt;</a>&nbsp;&nbsp;&nbsp;osTaskEntry
<LI><a href="#[c0]">&gt;&gt;</a>&nbsp;&nbsp;&nbsp;LOS_TaskYield
<LI><a href="#[c4]">&gt;&gt;</a>&nbsp;&nbsp;&nbsp;LOS_TaskUnlock
<LI><a href="#[c3]">&gt;&gt;</a>&nbsp;&nbsp;&nbsp;LOS_TaskLock
<LI><a href="#[ba]">&gt;&gt;</a>&nbsp;&nbsp;&nbsp;LOS_TaskCreateOnly
<LI><a href="#[a5]">&gt;&gt;</a>&nbsp;&nbsp;&nbsp;LOS_MemboxInit
<LI><a href="#[a4]">&gt;&gt;</a>&nbsp;&nbsp;&nbsp;LOS_MemboxFree
<LI><a href="#[a3]">&gt;&gt;</a>&nbsp;&nbsp;&nbsp;LOS_MemboxAlloc
<LI><a href="#[99]">&gt;&gt;</a>&nbsp;&nbsp;&nbsp;LOS_MemAlloc
<LI><a href="#[4b]">&gt;&gt;</a>&nbsp;&nbsp;&nbsp;osInterrupt
<LI><a href="#[9f]">&gt;&gt;</a>&nbsp;&nbsp;&nbsp;LOS_MemInit
</UL>

<P><STRONG><a name="[b0]"></a>osTaskSchedule</STRONG> (Thumb, 0 bytes, Stack size unknown bytes, los_dispatch.o(KERNEL))
<BR><BR>[Called By]<UL><LI><a href="#[bb]">&gt;&gt;</a>&nbsp;&nbsp;&nbsp;osSchedule
<LI><a href="#[ab]">&gt;&gt;</a>&nbsp;&nbsp;&nbsp;LOS_Schedule
</UL>

<P><STRONG><a name="[2]"></a>PendSV_Handler</STRONG> (Thumb, 0 bytes, Stack size unknown bytes, los_dispatch.o(KERNEL))
<BR>[Address Reference Count : 2]<UL><LI> startup_stm32f10x_hd.o(RESET)
<LI> los_hwi.o(.vector.bss)
</UL>
<P><STRONG><a name="[6]"></a>BusFault_Handler</STRONG> (Thumb, 4 bytes, Stack size 0 bytes, stm32f10x_it.o(i.BusFault_Handler))
<BR>[Address Reference Count : 1]<UL><LI> startup_stm32f10x_hd.o(RESET)
</UL>
<P><STRONG><a name="[61]"></a>DHT11_Init</STRONG> (Thumb, 16 bytes, Stack size 8 bytes, bsp_dht11.o(i.DHT11_Init))
<BR><BR>[Stack]<UL><LI>Max Depth = 40<LI>Call Chain = DHT11_Init &rArr; DHT11_GPIO_Config &rArr; GPIO_Init
</UL>
<BR>[Calls]<UL><LI><a href="#[62]">&gt;&gt;</a>&nbsp;&nbsp;&nbsp;GPIO_SetBits
<LI><a href="#[5e]">&gt;&gt;</a>&nbsp;&nbsp;&nbsp;DHT11_GPIO_Config
</UL>
<BR>[Called By]<UL><LI><a href="#[ee]">&gt;&gt;</a>&nbsp;&nbsp;&nbsp;hardware_init
</UL>

<P><STRONG><a name="[9]"></a>DebugMon_Handler</STRONG> (Thumb, 2 bytes, Stack size 0 bytes, stm32f10x_it.o(i.DebugMon_Handler))
<BR>[Address Reference Count : 1]<UL><LI> startup_stm32f10x_hd.o(RESET)
</UL>
<P><STRONG><a name="[f4]"></a>Delay</STRONG> (Thumb, 18 bytes, Stack size 8 bytes, main.o(i.Delay))
<BR><BR>[Stack]<UL><LI>Max Depth = 8<LI>Call Chain = Delay
</UL>
<BR>[Called By]<UL><LI><a href="#[f3]">&gt;&gt;</a>&nbsp;&nbsp;&nbsp;osAppInit
</UL>

<P><STRONG><a name="[63]"></a>ESP8266_AT_Test</STRONG> (Thumb, 58 bytes, Stack size 8 bytes, bsp_esp8266.o(i.ESP8266_AT_Test))
<BR><BR>[Stack]<UL><LI>Max Depth = 108 + Unknown Stack Size
<LI>Call Chain = ESP8266_AT_Test &rArr; ESP8266_Cmd &rArr; USART_printf &rArr; itoa
</UL>
<BR>[Calls]<UL><LI><a href="#[62]">&gt;&gt;</a>&nbsp;&nbsp;&nbsp;GPIO_SetBits
<LI><a href="#[66]">&gt;&gt;</a>&nbsp;&nbsp;&nbsp;ESP8266_Rst
<LI><a href="#[65]">&gt;&gt;</a>&nbsp;&nbsp;&nbsp;ESP8266_Cmd
<LI><a href="#[64]">&gt;&gt;</a>&nbsp;&nbsp;&nbsp;LOS_TaskDelay
</UL>
<BR>[Called By]<UL><LI><a href="#[c6]">&gt;&gt;</a>&nbsp;&nbsp;&nbsp;init_wifi
</UL>

<P><STRONG><a name="[67]"></a>ESP8266_BuildAP</STRONG> (Thumb, 42 bytes, Stack size 144 bytes, bsp_esp8266.o(i.ESP8266_BuildAP))
<BR><BR>[Stack]<UL><LI>Max Depth = 244 + Unknown Stack Size
<LI>Call Chain = ESP8266_BuildAP &rArr; ESP8266_Cmd &rArr; USART_printf &rArr; itoa
</UL>
<BR>[Calls]<UL><LI><a href="#[65]">&gt;&gt;</a>&nbsp;&nbsp;&nbsp;ESP8266_Cmd
<LI><a href="#[68]">&gt;&gt;</a>&nbsp;&nbsp;&nbsp;__2sprintf
</UL>
<BR>[Called By]<UL><LI><a href="#[c6]">&gt;&gt;</a>&nbsp;&nbsp;&nbsp;init_wifi
</UL>

<P><STRONG><a name="[69]"></a>ESP8266_CIPAP</STRONG> (Thumb, 42 bytes, Stack size 40 bytes, bsp_esp8266.o(i.ESP8266_CIPAP))
<BR><BR>[Stack]<UL><LI>Max Depth = 140 + Unknown Stack Size
<LI>Call Chain = ESP8266_CIPAP &rArr; ESP8266_Cmd &rArr; USART_printf &rArr; itoa
</UL>
<BR>[Calls]<UL><LI><a href="#[65]">&gt;&gt;</a>&nbsp;&nbsp;&nbsp;ESP8266_Cmd
<LI><a href="#[68]">&gt;&gt;</a>&nbsp;&nbsp;&nbsp;__2sprintf
</UL>
<BR>[Called By]<UL><LI><a href="#[c6]">&gt;&gt;</a>&nbsp;&nbsp;&nbsp;init_wifi
</UL>

<P><STRONG><a name="[65]"></a>ESP8266_Cmd</STRONG> (Thumb, 82 bytes, Stack size 24 bytes, bsp_esp8266.o(i.ESP8266_Cmd))
<BR><BR>[Stack]<UL><LI>Max Depth = 100 + Unknown Stack Size
<LI>Call Chain = ESP8266_Cmd &rArr; USART_printf &rArr; itoa
</UL>
<BR>[Calls]<UL><LI><a href="#[6a]">&gt;&gt;</a>&nbsp;&nbsp;&nbsp;USART_printf
<LI><a href="#[64]">&gt;&gt;</a>&nbsp;&nbsp;&nbsp;LOS_TaskDelay
<LI><a href="#[6b]">&gt;&gt;</a>&nbsp;&nbsp;&nbsp;__2printf
</UL>
<BR>[Called By]<UL><LI><a href="#[75]">&gt;&gt;</a>&nbsp;&nbsp;&nbsp;ESP8266_StartOrShutServer
<LI><a href="#[74]">&gt;&gt;</a>&nbsp;&nbsp;&nbsp;ESP8266_SendString
<LI><a href="#[73]">&gt;&gt;</a>&nbsp;&nbsp;&nbsp;ESP8266_Net_Mode_Choose
<LI><a href="#[71]">&gt;&gt;</a>&nbsp;&nbsp;&nbsp;ESP8266_Inquire_ApIp
<LI><a href="#[6c]">&gt;&gt;</a>&nbsp;&nbsp;&nbsp;ESP8266_Enable_MultipleId
<LI><a href="#[69]">&gt;&gt;</a>&nbsp;&nbsp;&nbsp;ESP8266_CIPAP
<LI><a href="#[67]">&gt;&gt;</a>&nbsp;&nbsp;&nbsp;ESP8266_BuildAP
<LI><a href="#[63]">&gt;&gt;</a>&nbsp;&nbsp;&nbsp;ESP8266_AT_Test
</UL>

<P><STRONG><a name="[6c]"></a>ESP8266_Enable_MultipleId</STRONG> (Thumb, 42 bytes, Stack size 32 bytes, bsp_esp8266.o(i.ESP8266_Enable_MultipleId))
<BR><BR>[Stack]<UL><LI>Max Depth = 132 + Unknown Stack Size
<LI>Call Chain = ESP8266_Enable_MultipleId &rArr; ESP8266_Cmd &rArr; USART_printf &rArr; itoa
</UL>
<BR>[Calls]<UL><LI><a href="#[65]">&gt;&gt;</a>&nbsp;&nbsp;&nbsp;ESP8266_Cmd
<LI><a href="#[68]">&gt;&gt;</a>&nbsp;&nbsp;&nbsp;__2sprintf
</UL>
<BR>[Called By]<UL><LI><a href="#[c6]">&gt;&gt;</a>&nbsp;&nbsp;&nbsp;init_wifi
</UL>

<P><STRONG><a name="[6e]"></a>ESP8266_Init</STRONG> (Thumb, 32 bytes, Stack size 8 bytes, bsp_esp8266.o(i.ESP8266_Init))
<BR><BR>[Stack]<UL><LI>Max Depth = 100 + Unknown Stack Size
<LI>Call Chain = ESP8266_Init &rArr; ESP8266_USART_Config &rArr; USART_Init &rArr; RCC_GetClocksFreq
</UL>
<BR>[Calls]<UL><LI><a href="#[62]">&gt;&gt;</a>&nbsp;&nbsp;&nbsp;GPIO_SetBits
<LI><a href="#[70]">&gt;&gt;</a>&nbsp;&nbsp;&nbsp;GPIO_ResetBits
<LI><a href="#[6f]">&gt;&gt;</a>&nbsp;&nbsp;&nbsp;ESP8266_USART_Config
<LI><a href="#[6d]">&gt;&gt;</a>&nbsp;&nbsp;&nbsp;ESP8266_GPIO_Config
</UL>
<BR>[Called By]<UL><LI><a href="#[4f]">&gt;&gt;</a>&nbsp;&nbsp;&nbsp;MsgTask
</UL>

<P><STRONG><a name="[71]"></a>ESP8266_Inquire_ApIp</STRONG> (Thumb, 78 bytes, Stack size 24 bytes, bsp_esp8266.o(i.ESP8266_Inquire_ApIp))
<BR><BR>[Stack]<UL><LI>Max Depth = 124 + Unknown Stack Size
<LI>Call Chain = ESP8266_Inquire_ApIp &rArr; ESP8266_Cmd &rArr; USART_printf &rArr; itoa
</UL>
<BR>[Calls]<UL><LI><a href="#[65]">&gt;&gt;</a>&nbsp;&nbsp;&nbsp;ESP8266_Cmd
<LI><a href="#[72]">&gt;&gt;</a>&nbsp;&nbsp;&nbsp;strstr
</UL>
<BR>[Called By]<UL><LI><a href="#[c6]">&gt;&gt;</a>&nbsp;&nbsp;&nbsp;init_wifi
</UL>

<P><STRONG><a name="[73]"></a>ESP8266_Net_Mode_Choose</STRONG> (Thumb, 68 bytes, Stack size 8 bytes, bsp_esp8266.o(i.ESP8266_Net_Mode_Choose))
<BR><BR>[Stack]<UL><LI>Max Depth = 108 + Unknown Stack Size
<LI>Call Chain = ESP8266_Net_Mode_Choose &rArr; ESP8266_Cmd &rArr; USART_printf &rArr; itoa
</UL>
<BR>[Calls]<UL><LI><a href="#[65]">&gt;&gt;</a>&nbsp;&nbsp;&nbsp;ESP8266_Cmd
</UL>
<BR>[Called By]<UL><LI><a href="#[c6]">&gt;&gt;</a>&nbsp;&nbsp;&nbsp;init_wifi
</UL>

<P><STRONG><a name="[66]"></a>ESP8266_Rst</STRONG> (Thumb, 32 bytes, Stack size 8 bytes, bsp_esp8266.o(i.ESP8266_Rst))
<BR><BR>[Stack]<UL><LI>Max Depth = 72 + Unknown Stack Size
<LI>Call Chain = ESP8266_Rst &rArr; LOS_TaskDelay &rArr; osTaskAdd2TimerList &rArr; LOS_ListTailInsert
</UL>
<BR>[Calls]<UL><LI><a href="#[62]">&gt;&gt;</a>&nbsp;&nbsp;&nbsp;GPIO_SetBits
<LI><a href="#[70]">&gt;&gt;</a>&nbsp;&nbsp;&nbsp;GPIO_ResetBits
<LI><a href="#[64]">&gt;&gt;</a>&nbsp;&nbsp;&nbsp;LOS_TaskDelay
</UL>
<BR>[Called By]<UL><LI><a href="#[63]">&gt;&gt;</a>&nbsp;&nbsp;&nbsp;ESP8266_AT_Test
</UL>

<P><STRONG><a name="[74]"></a>ESP8266_SendString</STRONG> (Thumb, 100 bytes, Stack size 48 bytes, bsp_esp8266.o(i.ESP8266_SendString))
<BR><BR>[Stack]<UL><LI>Max Depth = 148 + Unknown Stack Size
<LI>Call Chain = ESP8266_SendString &rArr; ESP8266_Cmd &rArr; USART_printf &rArr; itoa
</UL>
<BR>[Calls]<UL><LI><a href="#[65]">&gt;&gt;</a>&nbsp;&nbsp;&nbsp;ESP8266_Cmd
<LI><a href="#[6a]">&gt;&gt;</a>&nbsp;&nbsp;&nbsp;USART_printf
<LI><a href="#[68]">&gt;&gt;</a>&nbsp;&nbsp;&nbsp;__2sprintf
</UL>
<BR>[Called By]<UL><LI><a href="#[c8]">&gt;&gt;</a>&nbsp;&nbsp;&nbsp;send_process
</UL>

<P><STRONG><a name="[75]"></a>ESP8266_StartOrShutServer</STRONG> (Thumb, 104 bytes, Stack size 256 bytes, bsp_esp8266.o(i.ESP8266_StartOrShutServer))
<BR><BR>[Stack]<UL><LI>Max Depth = 356 + Unknown Stack Size
<LI>Call Chain = ESP8266_StartOrShutServer &rArr; ESP8266_Cmd &rArr; USART_printf &rArr; itoa
</UL>
<BR>[Calls]<UL><LI><a href="#[65]">&gt;&gt;</a>&nbsp;&nbsp;&nbsp;ESP8266_Cmd
<LI><a href="#[68]">&gt;&gt;</a>&nbsp;&nbsp;&nbsp;__2sprintf
</UL>
<BR>[Called By]<UL><LI><a href="#[c6]">&gt;&gt;</a>&nbsp;&nbsp;&nbsp;init_wifi
</UL>

<P><STRONG><a name="[14]"></a>EXTI3_IRQHandler</STRONG> (Thumb, 78 bytes, Stack size 8 bytes, stm32f10x_it.o(i.EXTI3_IRQHandler))
<BR><BR>[Stack]<UL><LI>Max Depth = 8<LI>Call Chain = EXTI3_IRQHandler
</UL>
<BR>[Calls]<UL><LI><a href="#[7e]">&gt;&gt;</a>&nbsp;&nbsp;&nbsp;EXTI_GetITStatus
<LI><a href="#[7f]">&gt;&gt;</a>&nbsp;&nbsp;&nbsp;EXTI_ClearITPendingBit
</UL>
<BR>[Address Reference Count : 1]<UL><LI> startup_stm32f10x_hd.o(RESET)
</UL>
<P><STRONG><a name="[7f]"></a>EXTI_ClearITPendingBit</STRONG> (Thumb, 6 bytes, Stack size 0 bytes, stm32f10x_exti.o(i.EXTI_ClearITPendingBit))
<BR><BR>[Called By]<UL><LI><a href="#[4c]">&gt;&gt;</a>&nbsp;&nbsp;&nbsp;macOV7725_VSYNC_EXTI_INT_FUNCTION_IEye
<LI><a href="#[14]">&gt;&gt;</a>&nbsp;&nbsp;&nbsp;EXTI3_IRQHandler
</UL>

<P><STRONG><a name="[e5]"></a>EXTI_GenerateSWInterrupt</STRONG> (Thumb, 12 bytes, Stack size 0 bytes, stm32f10x_exti.o(i.EXTI_GenerateSWInterrupt))
<BR><BR>[Called By]<UL><LI><a href="#[e2]">&gt;&gt;</a>&nbsp;&nbsp;&nbsp;VSYNC_EXTI_Configuration
</UL>

<P><STRONG><a name="[7e]"></a>EXTI_GetITStatus</STRONG> (Thumb, 34 bytes, Stack size 0 bytes, stm32f10x_exti.o(i.EXTI_GetITStatus))
<BR><BR>[Called By]<UL><LI><a href="#[4c]">&gt;&gt;</a>&nbsp;&nbsp;&nbsp;macOV7725_VSYNC_EXTI_INT_FUNCTION_IEye
<LI><a href="#[14]">&gt;&gt;</a>&nbsp;&nbsp;&nbsp;EXTI3_IRQHandler
</UL>

<P><STRONG><a name="[e4]"></a>EXTI_Init</STRONG> (Thumb, 142 bytes, Stack size 0 bytes, stm32f10x_exti.o(i.EXTI_Init))
<BR><BR>[Called By]<UL><LI><a href="#[e2]">&gt;&gt;</a>&nbsp;&nbsp;&nbsp;VSYNC_EXTI_Configuration
</UL>

<P><STRONG><a name="[85]"></a>FSMC_NORSRAMCmd</STRONG> (Thumb, 46 bytes, Stack size 0 bytes, stm32f10x_fsmc.o(i.FSMC_NORSRAMCmd))
<BR><BR>[Called By]<UL><LI><a href="#[82]">&gt;&gt;</a>&nbsp;&nbsp;&nbsp;ILI9341_FSMC_Config
</UL>

<P><STRONG><a name="[84]"></a>FSMC_NORSRAMInit</STRONG> (Thumb, 230 bytes, Stack size 0 bytes, stm32f10x_fsmc.o(i.FSMC_NORSRAMInit))
<BR><BR>[Called By]<UL><LI><a href="#[82]">&gt;&gt;</a>&nbsp;&nbsp;&nbsp;ILI9341_FSMC_Config
</UL>

<P><STRONG><a name="[e3]"></a>GPIO_EXTILineConfig</STRONG> (Thumb, 60 bytes, Stack size 12 bytes, stm32f10x_gpio.o(i.GPIO_EXTILineConfig))
<BR><BR>[Stack]<UL><LI>Max Depth = 12<LI>Call Chain = GPIO_EXTILineConfig
</UL>
<BR>[Called By]<UL><LI><a href="#[e2]">&gt;&gt;</a>&nbsp;&nbsp;&nbsp;VSYNC_EXTI_Configuration
</UL>

<P><STRONG><a name="[60]"></a>GPIO_Init</STRONG> (Thumb, 278 bytes, Stack size 24 bytes, stm32f10x_gpio.o(i.GPIO_Init))
<BR><BR>[Stack]<UL><LI>Max Depth = 24<LI>Call Chain = GPIO_Init
</UL>
<BR>[Called By]<UL><LI><a href="#[6f]">&gt;&gt;</a>&nbsp;&nbsp;&nbsp;ESP8266_USART_Config
<LI><a href="#[6d]">&gt;&gt;</a>&nbsp;&nbsp;&nbsp;ESP8266_GPIO_Config
<LI><a href="#[cb]">&gt;&gt;</a>&nbsp;&nbsp;&nbsp;SCCB_GPIO_Config
<LI><a href="#[e6]">&gt;&gt;</a>&nbsp;&nbsp;&nbsp;VSYNC_GPIO_Configuration
<LI><a href="#[80]">&gt;&gt;</a>&nbsp;&nbsp;&nbsp;FIFO_GPIO_Config
<LI><a href="#[5e]">&gt;&gt;</a>&nbsp;&nbsp;&nbsp;DHT11_GPIO_Config
<LI><a href="#[86]">&gt;&gt;</a>&nbsp;&nbsp;&nbsp;ILI9341_GPIO_Config
<LI><a href="#[e1]">&gt;&gt;</a>&nbsp;&nbsp;&nbsp;USARTx_Config
<LI><a href="#[90]">&gt;&gt;</a>&nbsp;&nbsp;&nbsp;LED_GPIO_Config
</UL>

<P><STRONG><a name="[d7]"></a>GPIO_ReadInputDataBit</STRONG> (Thumb, 18 bytes, Stack size 0 bytes, stm32f10x_gpio.o(i.GPIO_ReadInputDataBit))
<BR><BR>[Called By]<UL><LI><a href="#[d4]">&gt;&gt;</a>&nbsp;&nbsp;&nbsp;SCCB_WaitAck
<LI><a href="#[d2]">&gt;&gt;</a>&nbsp;&nbsp;&nbsp;SCCB_Start
<LI><a href="#[d6]">&gt;&gt;</a>&nbsp;&nbsp;&nbsp;SCCB_ReceiveByte
</UL>

<P><STRONG><a name="[70]"></a>GPIO_ResetBits</STRONG> (Thumb, 4 bytes, Stack size 0 bytes, stm32f10x_gpio.o(i.GPIO_ResetBits))
<BR><BR>[Called By]<UL><LI><a href="#[66]">&gt;&gt;</a>&nbsp;&nbsp;&nbsp;ESP8266_Rst
<LI><a href="#[d4]">&gt;&gt;</a>&nbsp;&nbsp;&nbsp;SCCB_WaitAck
<LI><a href="#[d5]">&gt;&gt;</a>&nbsp;&nbsp;&nbsp;SCCB_Stop
<LI><a href="#[d2]">&gt;&gt;</a>&nbsp;&nbsp;&nbsp;SCCB_Start
<LI><a href="#[d3]">&gt;&gt;</a>&nbsp;&nbsp;&nbsp;SCCB_SendByte
<LI><a href="#[d6]">&gt;&gt;</a>&nbsp;&nbsp;&nbsp;SCCB_ReceiveByte
<LI><a href="#[d1]">&gt;&gt;</a>&nbsp;&nbsp;&nbsp;SCCB_NoAck
<LI><a href="#[cf]">&gt;&gt;</a>&nbsp;&nbsp;&nbsp;SCCB_Ack
<LI><a href="#[8b]">&gt;&gt;</a>&nbsp;&nbsp;&nbsp;ILI9341_Rst
<LI><a href="#[81]">&gt;&gt;</a>&nbsp;&nbsp;&nbsp;ILI9341_BackLed_Control
<LI><a href="#[6e]">&gt;&gt;</a>&nbsp;&nbsp;&nbsp;ESP8266_Init
</UL>

<P><STRONG><a name="[62]"></a>GPIO_SetBits</STRONG> (Thumb, 4 bytes, Stack size 0 bytes, stm32f10x_gpio.o(i.GPIO_SetBits))
<BR><BR>[Called By]<UL><LI><a href="#[66]">&gt;&gt;</a>&nbsp;&nbsp;&nbsp;ESP8266_Rst
<LI><a href="#[d4]">&gt;&gt;</a>&nbsp;&nbsp;&nbsp;SCCB_WaitAck
<LI><a href="#[d5]">&gt;&gt;</a>&nbsp;&nbsp;&nbsp;SCCB_Stop
<LI><a href="#[d2]">&gt;&gt;</a>&nbsp;&nbsp;&nbsp;SCCB_Start
<LI><a href="#[d3]">&gt;&gt;</a>&nbsp;&nbsp;&nbsp;SCCB_SendByte
<LI><a href="#[d6]">&gt;&gt;</a>&nbsp;&nbsp;&nbsp;SCCB_ReceiveByte
<LI><a href="#[d1]">&gt;&gt;</a>&nbsp;&nbsp;&nbsp;SCCB_NoAck
<LI><a href="#[cf]">&gt;&gt;</a>&nbsp;&nbsp;&nbsp;SCCB_Ack
<LI><a href="#[8b]">&gt;&gt;</a>&nbsp;&nbsp;&nbsp;ILI9341_Rst
<LI><a href="#[81]">&gt;&gt;</a>&nbsp;&nbsp;&nbsp;ILI9341_BackLed_Control
<LI><a href="#[90]">&gt;&gt;</a>&nbsp;&nbsp;&nbsp;LED_GPIO_Config
<LI><a href="#[6e]">&gt;&gt;</a>&nbsp;&nbsp;&nbsp;ESP8266_Init
<LI><a href="#[63]">&gt;&gt;</a>&nbsp;&nbsp;&nbsp;ESP8266_AT_Test
<LI><a href="#[61]">&gt;&gt;</a>&nbsp;&nbsp;&nbsp;DHT11_Init
<LI><a href="#[c6]">&gt;&gt;</a>&nbsp;&nbsp;&nbsp;init_wifi
</UL>

<P><STRONG><a name="[4]"></a>HardFault_Handler</STRONG> (Thumb, 4 bytes, Stack size 0 bytes, stm32f10x_it.o(i.HardFault_Handler))
<BR>[Address Reference Count : 1]<UL><LI> startup_stm32f10x_hd.o(RESET)
</UL>
<P><STRONG><a name="[81]"></a>ILI9341_BackLed_Control</STRONG> (Thumb, 30 bytes, Stack size 8 bytes, bsp_ili9341_lcd.o(i.ILI9341_BackLed_Control))
<BR><BR>[Stack]<UL><LI>Max Depth = 8<LI>Call Chain = ILI9341_BackLed_Control
</UL>
<BR>[Calls]<UL><LI><a href="#[62]">&gt;&gt;</a>&nbsp;&nbsp;&nbsp;GPIO_SetBits
<LI><a href="#[70]">&gt;&gt;</a>&nbsp;&nbsp;&nbsp;GPIO_ResetBits
</UL>
<BR>[Called By]<UL><LI><a href="#[8a]">&gt;&gt;</a>&nbsp;&nbsp;&nbsp;ILI9341_Init
</UL>

<P><STRONG><a name="[87]"></a>ILI9341_GramScan</STRONG> (Thumb, 328 bytes, Stack size 8 bytes, bsp_ili9341_lcd.o(i.ILI9341_GramScan))
<BR><BR>[Stack]<UL><LI>Max Depth = 8<LI>Call Chain = ILI9341_GramScan
</UL>
<BR>[Calls]<UL><LI><a href="#[89]">&gt;&gt;</a>&nbsp;&nbsp;&nbsp;ILI9341_Write_Data
<LI><a href="#[88]">&gt;&gt;</a>&nbsp;&nbsp;&nbsp;ILI9341_Write_Cmd
</UL>
<BR>[Called By]<UL><LI><a href="#[8e]">&gt;&gt;</a>&nbsp;&nbsp;&nbsp;ImagDisp
</UL>

<P><STRONG><a name="[8a]"></a>ILI9341_Init</STRONG> (Thumb, 26 bytes, Stack size 8 bytes, bsp_ili9341_lcd.o(i.ILI9341_Init))
<BR><BR>[Stack]<UL><LI>Max Depth = 104<LI>Call Chain = ILI9341_Init &rArr; ILI9341_FSMC_Config
</UL>
<BR>[Calls]<UL><LI><a href="#[8b]">&gt;&gt;</a>&nbsp;&nbsp;&nbsp;ILI9341_Rst
<LI><a href="#[81]">&gt;&gt;</a>&nbsp;&nbsp;&nbsp;ILI9341_BackLed_Control
<LI><a href="#[8c]">&gt;&gt;</a>&nbsp;&nbsp;&nbsp;ILI9341_REG_Config
<LI><a href="#[86]">&gt;&gt;</a>&nbsp;&nbsp;&nbsp;ILI9341_GPIO_Config
<LI><a href="#[82]">&gt;&gt;</a>&nbsp;&nbsp;&nbsp;ILI9341_FSMC_Config
</UL>
<BR>[Called By]<UL><LI><a href="#[8f]">&gt;&gt;</a>&nbsp;&nbsp;&nbsp;LCD_Init
</UL>

<P><STRONG><a name="[8b]"></a>ILI9341_Rst</STRONG> (Thumb, 32 bytes, Stack size 8 bytes, bsp_ili9341_lcd.o(i.ILI9341_Rst))
<BR><BR>[Stack]<UL><LI>Max Depth = 16<LI>Call Chain = ILI9341_Rst &rArr; ILI9341_Delay
</UL>
<BR>[Calls]<UL><LI><a href="#[62]">&gt;&gt;</a>&nbsp;&nbsp;&nbsp;GPIO_SetBits
<LI><a href="#[70]">&gt;&gt;</a>&nbsp;&nbsp;&nbsp;GPIO_ResetBits
<LI><a href="#[8d]">&gt;&gt;</a>&nbsp;&nbsp;&nbsp;ILI9341_Delay
</UL>
<BR>[Called By]<UL><LI><a href="#[8a]">&gt;&gt;</a>&nbsp;&nbsp;&nbsp;ILI9341_Init
</UL>

<P><STRONG><a name="[88]"></a>ILI9341_Write_Cmd</STRONG> (Thumb, 8 bytes, Stack size 0 bytes, bsp_ili9341_lcd.o(i.ILI9341_Write_Cmd))
<BR><BR>[Called By]<UL><LI><a href="#[87]">&gt;&gt;</a>&nbsp;&nbsp;&nbsp;ILI9341_GramScan
<LI><a href="#[8c]">&gt;&gt;</a>&nbsp;&nbsp;&nbsp;ILI9341_REG_Config
</UL>

<P><STRONG><a name="[89]"></a>ILI9341_Write_Data</STRONG> (Thumb, 6 bytes, Stack size 0 bytes, bsp_ili9341_lcd.o(i.ILI9341_Write_Data))
<BR><BR>[Called By]<UL><LI><a href="#[87]">&gt;&gt;</a>&nbsp;&nbsp;&nbsp;ILI9341_GramScan
<LI><a href="#[8c]">&gt;&gt;</a>&nbsp;&nbsp;&nbsp;ILI9341_REG_Config
<LI><a href="#[8e]">&gt;&gt;</a>&nbsp;&nbsp;&nbsp;ImagDisp
</UL>

<P><STRONG><a name="[8e]"></a>ImagDisp</STRONG> (Thumb, 424 bytes, Stack size 32 bytes, bsp_ov7725.o(i.ImagDisp))
<BR><BR>[Stack]<UL><LI>Max Depth = 40<LI>Call Chain = ImagDisp &rArr; ILI9341_GramScan
</UL>
<BR>[Calls]<UL><LI><a href="#[89]">&gt;&gt;</a>&nbsp;&nbsp;&nbsp;ILI9341_Write_Data
<LI><a href="#[87]">&gt;&gt;</a>&nbsp;&nbsp;&nbsp;ILI9341_GramScan
</UL>
<BR>[Called By]<UL><LI><a href="#[50]">&gt;&gt;</a>&nbsp;&nbsp;&nbsp;task1
</UL>

<P><STRONG><a name="[8f]"></a>LCD_Init</STRONG> (Thumb, 8 bytes, Stack size 8 bytes, bsp_lcd.o(i.LCD_Init))
<BR><BR>[Stack]<UL><LI>Max Depth = 112<LI>Call Chain = LCD_Init &rArr; ILI9341_Init &rArr; ILI9341_FSMC_Config
</UL>
<BR>[Calls]<UL><LI><a href="#[8a]">&gt;&gt;</a>&nbsp;&nbsp;&nbsp;ILI9341_Init
</UL>
<BR>[Called By]<UL><LI><a href="#[ee]">&gt;&gt;</a>&nbsp;&nbsp;&nbsp;hardware_init
</UL>

<P><STRONG><a name="[90]"></a>LED_GPIO_Config</STRONG> (Thumb, 90 bytes, Stack size 8 bytes, bsp_led.o(i.LED_GPIO_Config))
<BR><BR>[Stack]<UL><LI>Max Depth = 32<LI>Call Chain = LED_GPIO_Config &rArr; GPIO_Init
</UL>
<BR>[Calls]<UL><LI><a href="#[62]">&gt;&gt;</a>&nbsp;&nbsp;&nbsp;GPIO_SetBits
<LI><a href="#[60]">&gt;&gt;</a>&nbsp;&nbsp;&nbsp;GPIO_Init
<LI><a href="#[5f]">&gt;&gt;</a>&nbsp;&nbsp;&nbsp;RCC_APB2PeriphClockCmd
</UL>
<BR>[Called By]<UL><LI><a href="#[ee]">&gt;&gt;</a>&nbsp;&nbsp;&nbsp;hardware_init
</UL>

<P><STRONG><a name="[bc]"></a>LOS_Align</STRONG> (Thumb, 28 bytes, Stack size 0 bytes, los_misc.o(i.LOS_Align))
<BR><BR>[Called By]<UL><LI><a href="#[ba]">&gt;&gt;</a>&nbsp;&nbsp;&nbsp;LOS_TaskCreateOnly
</UL>

<P><STRONG><a name="[a0]"></a>LOS_DLnkInitMultiHead</STRONG> (Thumb, 30 bytes, Stack size 8 bytes, los_multipledlinkhead.o(i.LOS_DLnkInitMultiHead))
<BR><BR>[Stack]<UL><LI>Max Depth = 8<LI>Call Chain = LOS_DLnkInitMultiHead
</UL>
<BR>[Called By]<UL><LI><a href="#[9f]">&gt;&gt;</a>&nbsp;&nbsp;&nbsp;LOS_MemInit
</UL>

<P><STRONG><a name="[91]"></a>LOS_DLnkMultiHead</STRONG> (Thumb, 42 bytes, Stack size 24 bytes, los_multipledlinkhead.o(i.LOS_DLnkMultiHead))
<BR><BR>[Stack]<UL><LI>Max Depth = 24<LI>Call Chain = LOS_DLnkMultiHead
</UL>
<BR>[Calls]<UL><LI><a href="#[92]">&gt;&gt;</a>&nbsp;&nbsp;&nbsp;LOS_Log2
</UL>
<BR>[Called By]<UL><LI><a href="#[9f]">&gt;&gt;</a>&nbsp;&nbsp;&nbsp;LOS_MemInit
<LI><a href="#[101]">&gt;&gt;</a>&nbsp;&nbsp;&nbsp;osMemSpitNode
<LI><a href="#[9e]">&gt;&gt;</a>&nbsp;&nbsp;&nbsp;osMemFreeNode
<LI><a href="#[100]">&gt;&gt;</a>&nbsp;&nbsp;&nbsp;osMemFindSuitableFreeBlock
</UL>

<P><STRONG><a name="[7c]"></a>LOS_HwiCreate</STRONG> (Thumb, 142 bytes, Stack size 32 bytes, los_hwi.o(i.LOS_HwiCreate))
<BR><BR>[Stack]<UL><LI>Max Depth = 32 + Unknown Stack Size
<LI>Call Chain = LOS_HwiCreate
</UL>
<BR>[Calls]<UL><LI><a href="#[7d]">&gt;&gt;</a>&nbsp;&nbsp;&nbsp;LOS_IntRestore
<LI><a href="#[7b]">&gt;&gt;</a>&nbsp;&nbsp;&nbsp;LOS_IntLock
</UL>
<BR>[Called By]<UL><LI><a href="#[79]">&gt;&gt;</a>&nbsp;&nbsp;&nbsp;ESP8266_USART_NVIC_Configuration
<LI><a href="#[e8]">&gt;&gt;</a>&nbsp;&nbsp;&nbsp;VSYNC_NVIC_Configuration
</UL>

<P><STRONG><a name="[99]"></a>LOS_MemAlloc</STRONG> (Thumb, 58 bytes, Stack size 24 bytes, los_memory.o(i.LOS_MemAlloc))
<BR><BR>[Stack]<UL><LI>Max Depth = 104 + Unknown Stack Size
<LI>Call Chain = LOS_MemAlloc &rArr; osMemAllocWithCheck &rArr; osMemSpitNode &rArr; LOS_DLnkMultiHead
</UL>
<BR>[Calls]<UL><LI><a href="#[7d]">&gt;&gt;</a>&nbsp;&nbsp;&nbsp;LOS_IntRestore
<LI><a href="#[7b]">&gt;&gt;</a>&nbsp;&nbsp;&nbsp;LOS_IntLock
<LI><a href="#[9a]">&gt;&gt;</a>&nbsp;&nbsp;&nbsp;osMemAllocWithCheck
</UL>
<BR>[Called By]<UL><LI><a href="#[fd]">&gt;&gt;</a>&nbsp;&nbsp;&nbsp;osQueueInit
<LI><a href="#[a7]">&gt;&gt;</a>&nbsp;&nbsp;&nbsp;osQueueCreate
<LI><a href="#[fc]">&gt;&gt;</a>&nbsp;&nbsp;&nbsp;osMuxInit
<LI><a href="#[fa]">&gt;&gt;</a>&nbsp;&nbsp;&nbsp;osTaskInit
<LI><a href="#[fe]">&gt;&gt;</a>&nbsp;&nbsp;&nbsp;osSwTmrInit
<LI><a href="#[108]">&gt;&gt;</a>&nbsp;&nbsp;&nbsp;osPriqueueInit
<LI><a href="#[fb]">&gt;&gt;</a>&nbsp;&nbsp;&nbsp;osSemInit
</UL>

<P><STRONG><a name="[9b]"></a>LOS_MemAllocAlign</STRONG> (Thumb, 108 bytes, Stack size 40 bytes, los_memory.o(i.LOS_MemAllocAlign))
<BR><BR>[Stack]<UL><LI>Max Depth = 120 + Unknown Stack Size
<LI>Call Chain = LOS_MemAllocAlign &rArr; osMemAllocWithCheck &rArr; osMemSpitNode &rArr; LOS_DLnkMultiHead
</UL>
<BR>[Calls]<UL><LI><a href="#[7d]">&gt;&gt;</a>&nbsp;&nbsp;&nbsp;LOS_IntRestore
<LI><a href="#[7b]">&gt;&gt;</a>&nbsp;&nbsp;&nbsp;LOS_IntLock
<LI><a href="#[9a]">&gt;&gt;</a>&nbsp;&nbsp;&nbsp;osMemAllocWithCheck
</UL>
<BR>[Called By]<UL><LI><a href="#[ba]">&gt;&gt;</a>&nbsp;&nbsp;&nbsp;LOS_TaskCreateOnly
</UL>

<P><STRONG><a name="[9c]"></a>LOS_MemFree</STRONG> (Thumb, 84 bytes, Stack size 32 bytes, los_memory.o(i.LOS_MemFree))
<BR><BR>[Stack]<UL><LI>Max Depth = 84 + Unknown Stack Size
<LI>Call Chain = LOS_MemFree &rArr; osMemCheckUsedNode &rArr; osMemIsNodeValid
</UL>
<BR>[Calls]<UL><LI><a href="#[7d]">&gt;&gt;</a>&nbsp;&nbsp;&nbsp;LOS_IntRestore
<LI><a href="#[7b]">&gt;&gt;</a>&nbsp;&nbsp;&nbsp;LOS_IntLock
<LI><a href="#[9e]">&gt;&gt;</a>&nbsp;&nbsp;&nbsp;osMemFreeNode
<LI><a href="#[9d]">&gt;&gt;</a>&nbsp;&nbsp;&nbsp;osMemCheckUsedNode
</UL>
<BR>[Called By]<UL><LI><a href="#[ba]">&gt;&gt;</a>&nbsp;&nbsp;&nbsp;LOS_TaskCreateOnly
</UL>

<P><STRONG><a name="[9f]"></a>LOS_MemInit</STRONG> (Thumb, 166 bytes, Stack size 32 bytes, los_memory.o(i.LOS_MemInit))
<BR><BR>[Stack]<UL><LI>Max Depth = 56 + Unknown Stack Size
<LI>Call Chain = LOS_MemInit &rArr; LOS_DLnkMultiHead
</UL>
<BR>[Calls]<UL><LI><a href="#[7d]">&gt;&gt;</a>&nbsp;&nbsp;&nbsp;LOS_IntRestore
<LI><a href="#[7b]">&gt;&gt;</a>&nbsp;&nbsp;&nbsp;LOS_IntLock
<LI><a href="#[91]">&gt;&gt;</a>&nbsp;&nbsp;&nbsp;LOS_DLnkMultiHead
<LI><a href="#[a0]">&gt;&gt;</a>&nbsp;&nbsp;&nbsp;LOS_DLnkInitMultiHead
<LI><a href="#[a2]">&gt;&gt;</a>&nbsp;&nbsp;&nbsp;osMemSetMagicNumAndTaskid
<LI><a href="#[a1]">&gt;&gt;</a>&nbsp;&nbsp;&nbsp;LOS_ListAdd
</UL>
<BR>[Called By]<UL><LI><a href="#[f8]">&gt;&gt;</a>&nbsp;&nbsp;&nbsp;osMemSystemInit
</UL>

<P><STRONG><a name="[a3]"></a>LOS_MemboxAlloc</STRONG> (Thumb, 60 bytes, Stack size 24 bytes, los_membox.o(i.LOS_MemboxAlloc))
<BR><BR>[Stack]<UL><LI>Max Depth = 24 + Unknown Stack Size
<LI>Call Chain = LOS_MemboxAlloc
</UL>
<BR>[Calls]<UL><LI><a href="#[7d]">&gt;&gt;</a>&nbsp;&nbsp;&nbsp;LOS_IntRestore
<LI><a href="#[7b]">&gt;&gt;</a>&nbsp;&nbsp;&nbsp;LOS_IntLock
</UL>
<BR>[Called By]<UL><LI><a href="#[10c]">&gt;&gt;</a>&nbsp;&nbsp;&nbsp;osSwTmrTimeoutHandle
</UL>

<P><STRONG><a name="[a4]"></a>LOS_MemboxFree</STRONG> (Thumb, 158 bytes, Stack size 32 bytes, los_membox.o(i.LOS_MemboxFree))
<BR><BR>[Stack]<UL><LI>Max Depth = 32 + Unknown Stack Size
<LI>Call Chain = LOS_MemboxFree
</UL>
<BR>[Calls]<UL><LI><a href="#[7d]">&gt;&gt;</a>&nbsp;&nbsp;&nbsp;LOS_IntRestore
<LI><a href="#[7b]">&gt;&gt;</a>&nbsp;&nbsp;&nbsp;LOS_IntLock
</UL>
<BR>[Called By]<UL><LI><a href="#[52]">&gt;&gt;</a>&nbsp;&nbsp;&nbsp;osSwTmrTask
<LI><a href="#[10c]">&gt;&gt;</a>&nbsp;&nbsp;&nbsp;osSwTmrTimeoutHandle
</UL>

<P><STRONG><a name="[a5]"></a>LOS_MemboxInit</STRONG> (Thumb, 128 bytes, Stack size 32 bytes, los_membox.o(i.LOS_MemboxInit))
<BR><BR>[Stack]<UL><LI>Max Depth = 32 + Unknown Stack Size
<LI>Call Chain = LOS_MemboxInit
</UL>
<BR>[Calls]<UL><LI><a href="#[7d]">&gt;&gt;</a>&nbsp;&nbsp;&nbsp;LOS_IntRestore
<LI><a href="#[7b]">&gt;&gt;</a>&nbsp;&nbsp;&nbsp;LOS_IntLock
</UL>
<BR>[Called By]<UL><LI><a href="#[fe]">&gt;&gt;</a>&nbsp;&nbsp;&nbsp;osSwTmrInit
</UL>

<P><STRONG><a name="[c1]"></a>LOS_PriqueueDequeue</STRONG> (Thumb, 24 bytes, Stack size 0 bytes, los_priqueue.o(i.LOS_PriqueueDequeue))
<BR><BR>[Called By]<UL><LI><a href="#[64]">&gt;&gt;</a>&nbsp;&nbsp;&nbsp;LOS_TaskDelay
<LI><a href="#[aa]">&gt;&gt;</a>&nbsp;&nbsp;&nbsp;osQueuePend
<LI><a href="#[10f]">&gt;&gt;</a>&nbsp;&nbsp;&nbsp;osTaskSelfDelete
<LI><a href="#[54]">&gt;&gt;</a>&nbsp;&nbsp;&nbsp;osTaskEntry
</UL>

<P><STRONG><a name="[b5]"></a>LOS_PriqueueEnqueue</STRONG> (Thumb, 32 bytes, Stack size 8 bytes, los_priqueue.o(i.LOS_PriqueueEnqueue))
<BR><BR>[Stack]<UL><LI>Max Depth = 8<LI>Call Chain = LOS_PriqueueEnqueue
</UL>
<BR>[Called By]<UL><LI><a href="#[b9]">&gt;&gt;</a>&nbsp;&nbsp;&nbsp;LOS_TaskCreate
<LI><a href="#[ad]">&gt;&gt;</a>&nbsp;&nbsp;&nbsp;osQueueWakeUp
<LI><a href="#[b1]">&gt;&gt;</a>&nbsp;&nbsp;&nbsp;LOS_SemPost
<LI><a href="#[db]">&gt;&gt;</a>&nbsp;&nbsp;&nbsp;osTaskScan
<LI><a href="#[c0]">&gt;&gt;</a>&nbsp;&nbsp;&nbsp;LOS_TaskYield
</UL>

<P><STRONG><a name="[c5]"></a>LOS_PriqueueSize</STRONG> (Thumb, 36 bytes, Stack size 0 bytes, los_priqueue.o(i.LOS_PriqueueSize))
<BR><BR>[Called By]<UL><LI><a href="#[c0]">&gt;&gt;</a>&nbsp;&nbsp;&nbsp;LOS_TaskYield
</UL>

<P><STRONG><a name="[af]"></a>LOS_PriqueueTop</STRONG> (Thumb, 54 bytes, Stack size 0 bytes, los_priqueue.o(i.LOS_PriqueueTop))
<BR><BR>[Called By]<UL><LI><a href="#[b9]">&gt;&gt;</a>&nbsp;&nbsp;&nbsp;LOS_TaskCreate
<LI><a href="#[ab]">&gt;&gt;</a>&nbsp;&nbsp;&nbsp;LOS_Schedule
<LI><a href="#[10f]">&gt;&gt;</a>&nbsp;&nbsp;&nbsp;osTaskSelfDelete
</UL>

<P><STRONG><a name="[a6]"></a>LOS_QueueCreate</STRONG> (Thumb, 118 bytes, Stack size 40 bytes, los_queue.o(i.LOS_QueueCreate))
<BR><BR>[Stack]<UL><LI>Max Depth = 176 + Unknown Stack Size
<LI>Call Chain = LOS_QueueCreate &rArr; osQueueCreate &rArr; LOS_MemAlloc &rArr; osMemAllocWithCheck &rArr; osMemSpitNode &rArr; LOS_DLnkMultiHead
</UL>
<BR>[Calls]<UL><LI><a href="#[7d]">&gt;&gt;</a>&nbsp;&nbsp;&nbsp;LOS_IntRestore
<LI><a href="#[7b]">&gt;&gt;</a>&nbsp;&nbsp;&nbsp;LOS_IntLock
<LI><a href="#[a7]">&gt;&gt;</a>&nbsp;&nbsp;&nbsp;osQueueCreate
<LI><a href="#[a8]">&gt;&gt;</a>&nbsp;&nbsp;&nbsp;LOS_ListInit
</UL>
<BR>[Called By]<UL><LI><a href="#[f3]">&gt;&gt;</a>&nbsp;&nbsp;&nbsp;osAppInit
<LI><a href="#[fe]">&gt;&gt;</a>&nbsp;&nbsp;&nbsp;osSwTmrInit
</UL>

<P><STRONG><a name="[a9]"></a>LOS_QueueRead</STRONG> (Thumb, 282 bytes, Stack size 48 bytes, los_queue.o(i.LOS_QueueRead))
<BR><BR>[Stack]<UL><LI>Max Depth = 120 + Unknown Stack Size
<LI>Call Chain = LOS_QueueRead &rArr; osQueuePend &rArr; osTaskAdd2TimerList &rArr; LOS_ListTailInsert
</UL>
<BR>[Calls]<UL><LI><a href="#[7d]">&gt;&gt;</a>&nbsp;&nbsp;&nbsp;LOS_IntRestore
<LI><a href="#[7b]">&gt;&gt;</a>&nbsp;&nbsp;&nbsp;LOS_IntLock
<LI><a href="#[ad]">&gt;&gt;</a>&nbsp;&nbsp;&nbsp;osQueueWakeUp
<LI><a href="#[aa]">&gt;&gt;</a>&nbsp;&nbsp;&nbsp;osQueuePend
<LI><a href="#[ac]">&gt;&gt;</a>&nbsp;&nbsp;&nbsp;LOS_ListEmpty
<LI><a href="#[ab]">&gt;&gt;</a>&nbsp;&nbsp;&nbsp;LOS_Schedule
</UL>
<BR>[Called By]<UL><LI><a href="#[4f]">&gt;&gt;</a>&nbsp;&nbsp;&nbsp;MsgTask
<LI><a href="#[52]">&gt;&gt;</a>&nbsp;&nbsp;&nbsp;osSwTmrTask
</UL>

<P><STRONG><a name="[ae]"></a>LOS_QueueWrite</STRONG> (Thumb, 296 bytes, Stack size 48 bytes, los_queue.o(i.LOS_QueueWrite))
<BR><BR>[Stack]<UL><LI>Max Depth = 120 + Unknown Stack Size
<LI>Call Chain = LOS_QueueWrite &rArr; osQueuePend &rArr; osTaskAdd2TimerList &rArr; LOS_ListTailInsert
</UL>
<BR>[Calls]<UL><LI><a href="#[7d]">&gt;&gt;</a>&nbsp;&nbsp;&nbsp;LOS_IntRestore
<LI><a href="#[7b]">&gt;&gt;</a>&nbsp;&nbsp;&nbsp;LOS_IntLock
<LI><a href="#[ad]">&gt;&gt;</a>&nbsp;&nbsp;&nbsp;osQueueWakeUp
<LI><a href="#[aa]">&gt;&gt;</a>&nbsp;&nbsp;&nbsp;osQueuePend
<LI><a href="#[ac]">&gt;&gt;</a>&nbsp;&nbsp;&nbsp;LOS_ListEmpty
<LI><a href="#[ab]">&gt;&gt;</a>&nbsp;&nbsp;&nbsp;LOS_Schedule
</UL>
<BR>[Called By]<UL><LI><a href="#[10c]">&gt;&gt;</a>&nbsp;&nbsp;&nbsp;osSwTmrTimeoutHandle
</UL>

<P><STRONG><a name="[ab]"></a>LOS_Schedule</STRONG> (Thumb, 56 bytes, Stack size 8 bytes, los_hw.o(i.LOS_Schedule))
<BR><BR>[Stack]<UL><LI>Max Depth = 8 + Unknown Stack Size
<LI>Call Chain = LOS_Schedule
</UL>
<BR>[Calls]<UL><LI><a href="#[7d]">&gt;&gt;</a>&nbsp;&nbsp;&nbsp;LOS_IntRestore
<LI><a href="#[7b]">&gt;&gt;</a>&nbsp;&nbsp;&nbsp;LOS_IntLock
<LI><a href="#[af]">&gt;&gt;</a>&nbsp;&nbsp;&nbsp;LOS_PriqueueTop
<LI><a href="#[b0]">&gt;&gt;</a>&nbsp;&nbsp;&nbsp;osTaskSchedule
</UL>
<BR>[Called By]<UL><LI><a href="#[64]">&gt;&gt;</a>&nbsp;&nbsp;&nbsp;LOS_TaskDelay
<LI><a href="#[ae]">&gt;&gt;</a>&nbsp;&nbsp;&nbsp;LOS_QueueWrite
<LI><a href="#[a9]">&gt;&gt;</a>&nbsp;&nbsp;&nbsp;LOS_QueueRead
<LI><a href="#[b1]">&gt;&gt;</a>&nbsp;&nbsp;&nbsp;LOS_SemPost
<LI><a href="#[db]">&gt;&gt;</a>&nbsp;&nbsp;&nbsp;osTaskScan
<LI><a href="#[54]">&gt;&gt;</a>&nbsp;&nbsp;&nbsp;osTaskEntry
<LI><a href="#[c0]">&gt;&gt;</a>&nbsp;&nbsp;&nbsp;LOS_TaskYield
<LI><a href="#[c4]">&gt;&gt;</a>&nbsp;&nbsp;&nbsp;LOS_TaskUnlock
</UL>

<P><STRONG><a name="[b1]"></a>LOS_SemPost</STRONG> (Thumb, 176 bytes, Stack size 24 bytes, los_sem.o(i.LOS_SemPost))
<BR><BR>[Stack]<UL><LI>Max Depth = 48 + Unknown Stack Size
<LI>Call Chain = LOS_SemPost &rArr; osTimerListDelete
</UL>
<BR>[Calls]<UL><LI><a href="#[7d]">&gt;&gt;</a>&nbsp;&nbsp;&nbsp;LOS_IntRestore
<LI><a href="#[7b]">&gt;&gt;</a>&nbsp;&nbsp;&nbsp;LOS_IntLock
<LI><a href="#[b2]">&gt;&gt;</a>&nbsp;&nbsp;&nbsp;LOS_ListEmpty
<LI><a href="#[b3]">&gt;&gt;</a>&nbsp;&nbsp;&nbsp;LOS_ListDelete
<LI><a href="#[ab]">&gt;&gt;</a>&nbsp;&nbsp;&nbsp;LOS_Schedule
<LI><a href="#[b4]">&gt;&gt;</a>&nbsp;&nbsp;&nbsp;osTimerListDelete
<LI><a href="#[b5]">&gt;&gt;</a>&nbsp;&nbsp;&nbsp;LOS_PriqueueEnqueue
</UL>
<BR>[Called By]<UL><LI><a href="#[54]">&gt;&gt;</a>&nbsp;&nbsp;&nbsp;osTaskEntry
</UL>

<P><STRONG><a name="[b6]"></a>LOS_Start</STRONG> (Thumb, 22 bytes, Stack size 8 bytes, los_config.o(i.LOS_Start))
<BR><BR>[Stack]<UL><LI>Max Depth = 8 + Unknown Stack Size
<LI>Call Chain = LOS_Start
</UL>
<BR>[Calls]<UL><LI><a href="#[b7]">&gt;&gt;</a>&nbsp;&nbsp;&nbsp;osTickStart
<LI><a href="#[b8]">&gt;&gt;</a>&nbsp;&nbsp;&nbsp;LOS_StartToRun
</UL>
<BR>[Called By]<UL><LI><a href="#[47]">&gt;&gt;</a>&nbsp;&nbsp;&nbsp;main
</UL>

<P><STRONG><a name="[b9]"></a>LOS_TaskCreate</STRONG> (Thumb, 140 bytes, Stack size 24 bytes, los_task.o(i.LOS_TaskCreate))
<BR><BR>[Stack]<UL><LI>Max Depth = 184 + Unknown Stack Size
<LI>Call Chain = LOS_TaskCreate &rArr; LOS_TaskCreateOnly &rArr; LOS_MemAllocAlign &rArr; osMemAllocWithCheck &rArr; osMemSpitNode &rArr; LOS_DLnkMultiHead
</UL>
<BR>[Calls]<UL><LI><a href="#[7d]">&gt;&gt;</a>&nbsp;&nbsp;&nbsp;LOS_IntRestore
<LI><a href="#[7b]">&gt;&gt;</a>&nbsp;&nbsp;&nbsp;LOS_IntLock
<LI><a href="#[bb]">&gt;&gt;</a>&nbsp;&nbsp;&nbsp;osSchedule
<LI><a href="#[ba]">&gt;&gt;</a>&nbsp;&nbsp;&nbsp;LOS_TaskCreateOnly
<LI><a href="#[af]">&gt;&gt;</a>&nbsp;&nbsp;&nbsp;LOS_PriqueueTop
<LI><a href="#[b5]">&gt;&gt;</a>&nbsp;&nbsp;&nbsp;LOS_PriqueueEnqueue
</UL>
<BR>[Called By]<UL><LI><a href="#[ed]">&gt;&gt;</a>&nbsp;&nbsp;&nbsp;creat_task1
<LI><a href="#[ec]">&gt;&gt;</a>&nbsp;&nbsp;&nbsp;creat_MsgTask
<LI><a href="#[f6]">&gt;&gt;</a>&nbsp;&nbsp;&nbsp;osIdleTaskCreate
<LI><a href="#[10b]">&gt;&gt;</a>&nbsp;&nbsp;&nbsp;osSwTmrTaskCreate
</UL>

<P><STRONG><a name="[ba]"></a>LOS_TaskCreateOnly</STRONG> (Thumb, 368 bytes, Stack size 40 bytes, los_task.o(i.LOS_TaskCreateOnly))
<BR><BR>[Stack]<UL><LI>Max Depth = 160 + Unknown Stack Size
<LI>Call Chain = LOS_TaskCreateOnly &rArr; LOS_MemAllocAlign &rArr; osMemAllocWithCheck &rArr; osMemSpitNode &rArr; LOS_DLnkMultiHead
</UL>
<BR>[Calls]<UL><LI><a href="#[7d]">&gt;&gt;</a>&nbsp;&nbsp;&nbsp;LOS_IntRestore
<LI><a href="#[7b]">&gt;&gt;</a>&nbsp;&nbsp;&nbsp;LOS_IntLock
<LI><a href="#[bf]">&gt;&gt;</a>&nbsp;&nbsp;&nbsp;osTskStackInit
<LI><a href="#[9c]">&gt;&gt;</a>&nbsp;&nbsp;&nbsp;LOS_MemFree
<LI><a href="#[9b]">&gt;&gt;</a>&nbsp;&nbsp;&nbsp;LOS_MemAllocAlign
<LI><a href="#[bc]">&gt;&gt;</a>&nbsp;&nbsp;&nbsp;LOS_Align
<LI><a href="#[be]">&gt;&gt;</a>&nbsp;&nbsp;&nbsp;LOS_ListEmpty
<LI><a href="#[bd]">&gt;&gt;</a>&nbsp;&nbsp;&nbsp;LOS_ListDelete
<LI><a href="#[94]">&gt;&gt;</a>&nbsp;&nbsp;&nbsp;LOS_ListAdd
</UL>
<BR>[Called By]<UL><LI><a href="#[b9]">&gt;&gt;</a>&nbsp;&nbsp;&nbsp;LOS_TaskCreate
</UL>

<P><STRONG><a name="[64]"></a>LOS_TaskDelay</STRONG> (Thumb, 106 bytes, Stack size 16 bytes, los_task.o(i.LOS_TaskDelay))
<BR><BR>[Stack]<UL><LI>Max Depth = 64 + Unknown Stack Size
<LI>Call Chain = LOS_TaskDelay &rArr; osTaskAdd2TimerList &rArr; LOS_ListTailInsert
</UL>
<BR>[Calls]<UL><LI><a href="#[7d]">&gt;&gt;</a>&nbsp;&nbsp;&nbsp;LOS_IntRestore
<LI><a href="#[7b]">&gt;&gt;</a>&nbsp;&nbsp;&nbsp;LOS_IntLock
<LI><a href="#[ab]">&gt;&gt;</a>&nbsp;&nbsp;&nbsp;LOS_Schedule
<LI><a href="#[c2]">&gt;&gt;</a>&nbsp;&nbsp;&nbsp;osTaskAdd2TimerList
<LI><a href="#[c0]">&gt;&gt;</a>&nbsp;&nbsp;&nbsp;LOS_TaskYield
<LI><a href="#[c1]">&gt;&gt;</a>&nbsp;&nbsp;&nbsp;LOS_PriqueueDequeue
</UL>
<BR>[Called By]<UL><LI><a href="#[66]">&gt;&gt;</a>&nbsp;&nbsp;&nbsp;ESP8266_Rst
<LI><a href="#[65]">&gt;&gt;</a>&nbsp;&nbsp;&nbsp;ESP8266_Cmd
<LI><a href="#[63]">&gt;&gt;</a>&nbsp;&nbsp;&nbsp;ESP8266_AT_Test
<LI><a href="#[50]">&gt;&gt;</a>&nbsp;&nbsp;&nbsp;task1
<LI><a href="#[c6]">&gt;&gt;</a>&nbsp;&nbsp;&nbsp;init_wifi
</UL>

<P><STRONG><a name="[c3]"></a>LOS_TaskLock</STRONG> (Thumb, 26 bytes, Stack size 8 bytes, los_task.o(i.LOS_TaskLock))
<BR><BR>[Stack]<UL><LI>Max Depth = 8 + Unknown Stack Size
<LI>Call Chain = LOS_TaskLock
</UL>
<BR>[Calls]<UL><LI><a href="#[7d]">&gt;&gt;</a>&nbsp;&nbsp;&nbsp;LOS_IntRestore
<LI><a href="#[7b]">&gt;&gt;</a>&nbsp;&nbsp;&nbsp;LOS_IntLock
</UL>
<BR>[Called By]<UL><LI><a href="#[54]">&gt;&gt;</a>&nbsp;&nbsp;&nbsp;osTaskEntry
</UL>

<P><STRONG><a name="[c4]"></a>LOS_TaskUnlock</STRONG> (Thumb, 54 bytes, Stack size 8 bytes, los_task.o(i.LOS_TaskUnlock))
<BR><BR>[Stack]<UL><LI>Max Depth = 16 + Unknown Stack Size
<LI>Call Chain = LOS_TaskUnlock &rArr; LOS_Schedule
</UL>
<BR>[Calls]<UL><LI><a href="#[7d]">&gt;&gt;</a>&nbsp;&nbsp;&nbsp;LOS_IntRestore
<LI><a href="#[7b]">&gt;&gt;</a>&nbsp;&nbsp;&nbsp;LOS_IntLock
<LI><a href="#[ab]">&gt;&gt;</a>&nbsp;&nbsp;&nbsp;LOS_Schedule
</UL>
<BR>[Called By]<UL><LI><a href="#[54]">&gt;&gt;</a>&nbsp;&nbsp;&nbsp;osTaskEntry
</UL>

<P><STRONG><a name="[c0]"></a>LOS_TaskYield</STRONG> (Thumb, 118 bytes, Stack size 16 bytes, los_task.o(i.LOS_TaskYield))
<BR><BR>[Stack]<UL><LI>Max Depth = 24 + Unknown Stack Size
<LI>Call Chain = LOS_TaskYield &rArr; LOS_Schedule
</UL>
<BR>[Calls]<UL><LI><a href="#[7d]">&gt;&gt;</a>&nbsp;&nbsp;&nbsp;LOS_IntRestore
<LI><a href="#[7b]">&gt;&gt;</a>&nbsp;&nbsp;&nbsp;LOS_IntLock
<LI><a href="#[ab]">&gt;&gt;</a>&nbsp;&nbsp;&nbsp;LOS_Schedule
<LI><a href="#[bd]">&gt;&gt;</a>&nbsp;&nbsp;&nbsp;LOS_ListDelete
<LI><a href="#[c5]">&gt;&gt;</a>&nbsp;&nbsp;&nbsp;LOS_PriqueueSize
<LI><a href="#[b5]">&gt;&gt;</a>&nbsp;&nbsp;&nbsp;LOS_PriqueueEnqueue
</UL>
<BR>[Called By]<UL><LI><a href="#[64]">&gt;&gt;</a>&nbsp;&nbsp;&nbsp;LOS_TaskDelay
<LI><a href="#[da]">&gt;&gt;</a>&nbsp;&nbsp;&nbsp;osTimesliceCheck
</UL>

<P><STRONG><a name="[5]"></a>MemManage_Handler</STRONG> (Thumb, 4 bytes, Stack size 0 bytes, stm32f10x_it.o(i.MemManage_Handler))
<BR>[Address Reference Count : 1]<UL><LI> startup_stm32f10x_hd.o(RESET)
</UL>
<P><STRONG><a name="[4f]"></a>MsgTask</STRONG> (Thumb, 200 bytes, Stack size 8 bytes, main.o(i.MsgTask))
<BR><BR>[Stack]<UL><LI>Max Depth = 484 + Unknown Stack Size
<LI>Call Chain = MsgTask &rArr; init_wifi &rArr; ESP8266_StartOrShutServer &rArr; ESP8266_Cmd &rArr; USART_printf &rArr; itoa
</UL>
<BR>[Calls]<UL><LI><a href="#[a9]">&gt;&gt;</a>&nbsp;&nbsp;&nbsp;LOS_QueueRead
<LI><a href="#[6e]">&gt;&gt;</a>&nbsp;&nbsp;&nbsp;ESP8266_Init
<LI><a href="#[c8]">&gt;&gt;</a>&nbsp;&nbsp;&nbsp;send_process
<LI><a href="#[c7]">&gt;&gt;</a>&nbsp;&nbsp;&nbsp;recv_process
<LI><a href="#[c6]">&gt;&gt;</a>&nbsp;&nbsp;&nbsp;init_wifi
<LI><a href="#[78]">&gt;&gt;</a>&nbsp;&nbsp;&nbsp;USART_ITConfig
<LI><a href="#[72]">&gt;&gt;</a>&nbsp;&nbsp;&nbsp;strstr
<LI><a href="#[5a]">&gt;&gt;</a>&nbsp;&nbsp;&nbsp;__aeabi_memclr
<LI><a href="#[c9]">&gt;&gt;</a>&nbsp;&nbsp;&nbsp;__aeabi_memcpy
</UL>
<BR>[Address Reference Count : 1]<UL><LI> main.o(i.creat_MsgTask)
</UL>
<P><STRONG><a name="[3]"></a>NMI_Handler</STRONG> (Thumb, 2 bytes, Stack size 0 bytes, stm32f10x_it.o(i.NMI_Handler))
<BR>[Address Reference Count : 1]<UL><LI> startup_stm32f10x_hd.o(RESET)
</UL>
<P><STRONG><a name="[ca]"></a>Ov7725_GPIO_Config</STRONG> (Thumb, 12 bytes, Stack size 8 bytes, bsp_ov7725.o(i.Ov7725_GPIO_Config))
<BR><BR>[Stack]<UL><LI>Max Depth = 40<LI>Call Chain = Ov7725_GPIO_Config &rArr; SCCB_GPIO_Config &rArr; GPIO_Init
</UL>
<BR>[Calls]<UL><LI><a href="#[cb]">&gt;&gt;</a>&nbsp;&nbsp;&nbsp;SCCB_GPIO_Config
<LI><a href="#[80]">&gt;&gt;</a>&nbsp;&nbsp;&nbsp;FIFO_GPIO_Config
</UL>
<BR>[Called By]<UL><LI><a href="#[ee]">&gt;&gt;</a>&nbsp;&nbsp;&nbsp;hardware_init
</UL>

<P><STRONG><a name="[cc]"></a>Ov7725_Init</STRONG> (Thumb, 96 bytes, Stack size 16 bytes, bsp_ov7725.o(i.Ov7725_Init))
<BR><BR>[Stack]<UL><LI>Max Depth = 48<LI>Call Chain = Ov7725_Init &rArr; SCCB_WriteByte &rArr; SCCB_SendByte
</UL>
<BR>[Calls]<UL><LI><a href="#[cd]">&gt;&gt;</a>&nbsp;&nbsp;&nbsp;SCCB_WriteByte
<LI><a href="#[ce]">&gt;&gt;</a>&nbsp;&nbsp;&nbsp;SCCB_ReadByte
</UL>
<BR>[Called By]<UL><LI><a href="#[ee]">&gt;&gt;</a>&nbsp;&nbsp;&nbsp;hardware_init
</UL>

<P><STRONG><a name="[83]"></a>RCC_AHBPeriphClockCmd</STRONG> (Thumb, 26 bytes, Stack size 0 bytes, stm32f10x_rcc.o(i.RCC_AHBPeriphClockCmd))
<BR><BR>[Called By]<UL><LI><a href="#[82]">&gt;&gt;</a>&nbsp;&nbsp;&nbsp;ILI9341_FSMC_Config
</UL>

<P><STRONG><a name="[76]"></a>RCC_APB1PeriphClockCmd</STRONG> (Thumb, 26 bytes, Stack size 0 bytes, stm32f10x_rcc.o(i.RCC_APB1PeriphClockCmd))
<BR><BR>[Called By]<UL><LI><a href="#[6f]">&gt;&gt;</a>&nbsp;&nbsp;&nbsp;ESP8266_USART_Config
</UL>

<P><STRONG><a name="[5f]"></a>RCC_APB2PeriphClockCmd</STRONG> (Thumb, 26 bytes, Stack size 0 bytes, stm32f10x_rcc.o(i.RCC_APB2PeriphClockCmd))
<BR><BR>[Called By]<UL><LI><a href="#[6f]">&gt;&gt;</a>&nbsp;&nbsp;&nbsp;ESP8266_USART_Config
<LI><a href="#[6d]">&gt;&gt;</a>&nbsp;&nbsp;&nbsp;ESP8266_GPIO_Config
<LI><a href="#[cb]">&gt;&gt;</a>&nbsp;&nbsp;&nbsp;SCCB_GPIO_Config
<LI><a href="#[e6]">&gt;&gt;</a>&nbsp;&nbsp;&nbsp;VSYNC_GPIO_Configuration
<LI><a href="#[80]">&gt;&gt;</a>&nbsp;&nbsp;&nbsp;FIFO_GPIO_Config
<LI><a href="#[5e]">&gt;&gt;</a>&nbsp;&nbsp;&nbsp;DHT11_GPIO_Config
<LI><a href="#[86]">&gt;&gt;</a>&nbsp;&nbsp;&nbsp;ILI9341_GPIO_Config
<LI><a href="#[e1]">&gt;&gt;</a>&nbsp;&nbsp;&nbsp;USARTx_Config
<LI><a href="#[90]">&gt;&gt;</a>&nbsp;&nbsp;&nbsp;LED_GPIO_Config
</UL>

<P><STRONG><a name="[dd]"></a>RCC_GetClocksFreq</STRONG> (Thumb, 192 bytes, Stack size 12 bytes, stm32f10x_rcc.o(i.RCC_GetClocksFreq))
<BR><BR>[Stack]<UL><LI>Max Depth = 12<LI>Call Chain = RCC_GetClocksFreq
</UL>
<BR>[Called By]<UL><LI><a href="#[77]">&gt;&gt;</a>&nbsp;&nbsp;&nbsp;USART_Init
</UL>

<P><STRONG><a name="[cb]"></a>SCCB_GPIO_Config</STRONG> (Thumb, 38 bytes, Stack size 8 bytes, bsp_sccb.o(i.SCCB_GPIO_Config))
<BR><BR>[Stack]<UL><LI>Max Depth = 32<LI>Call Chain = SCCB_GPIO_Config &rArr; GPIO_Init
</UL>
<BR>[Calls]<UL><LI><a href="#[60]">&gt;&gt;</a>&nbsp;&nbsp;&nbsp;GPIO_Init
<LI><a href="#[5f]">&gt;&gt;</a>&nbsp;&nbsp;&nbsp;RCC_APB2PeriphClockCmd
</UL>
<BR>[Called By]<UL><LI><a href="#[ca]">&gt;&gt;</a>&nbsp;&nbsp;&nbsp;Ov7725_GPIO_Config
</UL>

<P><STRONG><a name="[ce]"></a>SCCB_ReadByte</STRONG> (Thumb, 122 bytes, Stack size 16 bytes, bsp_sccb.o(i.SCCB_ReadByte))
<BR><BR>[Stack]<UL><LI>Max Depth = 32<LI>Call Chain = SCCB_ReadByte &rArr; SCCB_SendByte
</UL>
<BR>[Calls]<UL><LI><a href="#[d4]">&gt;&gt;</a>&nbsp;&nbsp;&nbsp;SCCB_WaitAck
<LI><a href="#[d5]">&gt;&gt;</a>&nbsp;&nbsp;&nbsp;SCCB_Stop
<LI><a href="#[d2]">&gt;&gt;</a>&nbsp;&nbsp;&nbsp;SCCB_Start
<LI><a href="#[d3]">&gt;&gt;</a>&nbsp;&nbsp;&nbsp;SCCB_SendByte
<LI><a href="#[d6]">&gt;&gt;</a>&nbsp;&nbsp;&nbsp;SCCB_ReceiveByte
<LI><a href="#[d1]">&gt;&gt;</a>&nbsp;&nbsp;&nbsp;SCCB_NoAck
<LI><a href="#[cf]">&gt;&gt;</a>&nbsp;&nbsp;&nbsp;SCCB_Ack
</UL>
<BR>[Called By]<UL><LI><a href="#[cc]">&gt;&gt;</a>&nbsp;&nbsp;&nbsp;Ov7725_Init
</UL>

<P><STRONG><a name="[cd]"></a>SCCB_WriteByte</STRONG> (Thumb, 64 bytes, Stack size 16 bytes, bsp_sccb.o(i.SCCB_WriteByte))
<BR><BR>[Stack]<UL><LI>Max Depth = 32<LI>Call Chain = SCCB_WriteByte &rArr; SCCB_SendByte
</UL>
<BR>[Calls]<UL><LI><a href="#[d4]">&gt;&gt;</a>&nbsp;&nbsp;&nbsp;SCCB_WaitAck
<LI><a href="#[d5]">&gt;&gt;</a>&nbsp;&nbsp;&nbsp;SCCB_Stop
<LI><a href="#[d2]">&gt;&gt;</a>&nbsp;&nbsp;&nbsp;SCCB_Start
<LI><a href="#[d3]">&gt;&gt;</a>&nbsp;&nbsp;&nbsp;SCCB_SendByte
</UL>
<BR>[Called By]<UL><LI><a href="#[cc]">&gt;&gt;</a>&nbsp;&nbsp;&nbsp;Ov7725_Init
</UL>

<P><STRONG><a name="[8]"></a>SVC_Handler</STRONG> (Thumb, 2 bytes, Stack size 0 bytes, stm32f10x_it.o(i.SVC_Handler))
<BR>[Address Reference Count : 1]<UL><LI> startup_stm32f10x_hd.o(RESET)
</UL>
<P><STRONG><a name="[a]"></a>SysTick_Handler</STRONG> (Thumb, 34 bytes, Stack size 8 bytes, los_tick.o(i.SysTick_Handler))
<BR><BR>[Stack]<UL><LI>Max Depth = 152 + Unknown Stack Size
<LI>Call Chain = SysTick_Handler &rArr; osSwtmrScan &rArr; osSwTmrTimeoutHandle &rArr; LOS_QueueWrite &rArr; osQueuePend &rArr; osTaskAdd2TimerList &rArr; LOS_ListTailInsert
</UL>
<BR>[Calls]<UL><LI><a href="#[da]">&gt;&gt;</a>&nbsp;&nbsp;&nbsp;osTimesliceCheck
<LI><a href="#[db]">&gt;&gt;</a>&nbsp;&nbsp;&nbsp;osTaskScan
<LI><a href="#[dc]">&gt;&gt;</a>&nbsp;&nbsp;&nbsp;osSwtmrScan
</UL>
<BR>[Address Reference Count : 2]<UL><LI> startup_stm32f10x_hd.o(RESET)
<LI> los_hw_tick.o(i.osTickStart)
</UL>
<P><STRONG><a name="[48]"></a>SystemInit</STRONG> (Thumb, 78 bytes, Stack size 8 bytes, system_stm32f10x.o(i.SystemInit))
<BR><BR>[Stack]<UL><LI>Max Depth = 28<LI>Call Chain = SystemInit &rArr; SetSysClock &rArr; SetSysClockTo72
</UL>
<BR>[Calls]<UL><LI><a href="#[d8]">&gt;&gt;</a>&nbsp;&nbsp;&nbsp;SetSysClock
</UL>
<BR>[Address Reference Count : 1]<UL><LI> startup_stm32f10x_hd.o(.text)
</UL>
<P><STRONG><a name="[7a]"></a>USART_Cmd</STRONG> (Thumb, 24 bytes, Stack size 0 bytes, stm32f10x_usart.o(i.USART_Cmd))
<BR><BR>[Called By]<UL><LI><a href="#[6f]">&gt;&gt;</a>&nbsp;&nbsp;&nbsp;ESP8266_USART_Config
<LI><a href="#[e1]">&gt;&gt;</a>&nbsp;&nbsp;&nbsp;USARTx_Config
</UL>

<P><STRONG><a name="[df]"></a>USART_GetFlagStatus</STRONG> (Thumb, 26 bytes, Stack size 0 bytes, stm32f10x_usart.o(i.USART_GetFlagStatus))
<BR><BR>[Called By]<UL><LI><a href="#[4d]">&gt;&gt;</a>&nbsp;&nbsp;&nbsp;fputc
<LI><a href="#[6a]">&gt;&gt;</a>&nbsp;&nbsp;&nbsp;USART_printf
</UL>

<P><STRONG><a name="[f0]"></a>USART_GetITStatus</STRONG> (Thumb, 84 bytes, Stack size 16 bytes, stm32f10x_usart.o(i.USART_GetITStatus))
<BR><BR>[Stack]<UL><LI>Max Depth = 16<LI>Call Chain = USART_GetITStatus
</UL>
<BR>[Called By]<UL><LI><a href="#[4a]">&gt;&gt;</a>&nbsp;&nbsp;&nbsp;macESP8266_USART_INT_FUN_MY
</UL>

<P><STRONG><a name="[78]"></a>USART_ITConfig</STRONG> (Thumb, 74 bytes, Stack size 20 bytes, stm32f10x_usart.o(i.USART_ITConfig))
<BR><BR>[Stack]<UL><LI>Max Depth = 20<LI>Call Chain = USART_ITConfig
</UL>
<BR>[Called By]<UL><LI><a href="#[6f]">&gt;&gt;</a>&nbsp;&nbsp;&nbsp;ESP8266_USART_Config
<LI><a href="#[4f]">&gt;&gt;</a>&nbsp;&nbsp;&nbsp;MsgTask
</UL>

<P><STRONG><a name="[77]"></a>USART_Init</STRONG> (Thumb, 210 bytes, Stack size 56 bytes, stm32f10x_usart.o(i.USART_Init))
<BR><BR>[Stack]<UL><LI>Max Depth = 68<LI>Call Chain = USART_Init &rArr; RCC_GetClocksFreq
</UL>
<BR>[Calls]<UL><LI><a href="#[dd]">&gt;&gt;</a>&nbsp;&nbsp;&nbsp;RCC_GetClocksFreq
</UL>
<BR>[Called By]<UL><LI><a href="#[6f]">&gt;&gt;</a>&nbsp;&nbsp;&nbsp;ESP8266_USART_Config
<LI><a href="#[e1]">&gt;&gt;</a>&nbsp;&nbsp;&nbsp;USARTx_Config
</UL>

<P><STRONG><a name="[f1]"></a>USART_ReceiveData</STRONG> (Thumb, 10 bytes, Stack size 0 bytes, stm32f10x_usart.o(i.USART_ReceiveData))
[...]
<LI><a href="#[5f]">&gt;&gt;</a>&nbsp;&nbsp;&nbsp;RCC_APB2PeriphClockCmd
</UL>
<BR>[Called By]<UL><LI><a href="#[e7]">&gt;&gt;</a>&nbsp;&nbsp;&nbsp;VSYNC_Init
</UL>

<P><STRONG><a name="[e8]"></a>VSYNC_NVIC_Configuration</STRONG> (Thumb, 32 bytes, Stack size 16 bytes, bsp_ov7725.o(i.VSYNC_NVIC_Configuration))
<BR><BR>[Stack]<UL><LI>Max Depth = 48 + Unknown Stack Size
<LI>Call Chain = VSYNC_NVIC_Configuration &rArr; LOS_HwiCreate
</UL>
<BR>[Calls]<UL><LI><a href="#[7d]">&gt;&gt;</a>&nbsp;&nbsp;&nbsp;LOS_IntRestore
<LI><a href="#[7b]">&gt;&gt;</a>&nbsp;&nbsp;&nbsp;LOS_IntLock
<LI><a href="#[7c]">&gt;&gt;</a>&nbsp;&nbsp;&nbsp;LOS_HwiCreate
</UL>
<BR>[Called By]<UL><LI><a href="#[e7]">&gt;&gt;</a>&nbsp;&nbsp;&nbsp;VSYNC_Init
</UL>

<P><STRONG><a name="[cf]"></a>SCCB_Ack</STRONG> (Thumb, 52 bytes, Stack size 8 bytes, bsp_sccb.o(i.SCCB_Ack))
<BR><BR>[Stack]<UL><LI>Max Depth = 8<LI>Call Chain = SCCB_Ack
</UL>
<BR>[Calls]<UL><LI><a href="#[62]">&gt;&gt;</a>&nbsp;&nbsp;&nbsp;GPIO_SetBits
<LI><a href="#[70]">&gt;&gt;</a>&nbsp;&nbsp;&nbsp;GPIO_ResetBits
<LI><a href="#[d0]">&gt;&gt;</a>&nbsp;&nbsp;&nbsp;SCCB_delay
</UL>
<BR>[Called By]<UL><LI><a href="#[ce]">&gt;&gt;</a>&nbsp;&nbsp;&nbsp;SCCB_ReadByte
</UL>

<P><STRONG><a name="[d1]"></a>SCCB_NoAck</STRONG> (Thumb, 52 bytes, Stack size 8 bytes, bsp_sccb.o(i.SCCB_NoAck))
<BR><BR>[Stack]<UL><LI>Max Depth = 8<LI>Call Chain = SCCB_NoAck
</UL>
<BR>[Calls]<UL><LI><a href="#[62]">&gt;&gt;</a>&nbsp;&nbsp;&nbsp;GPIO_SetBits
<LI><a href="#[70]">&gt;&gt;</a>&nbsp;&nbsp;&nbsp;GPIO_ResetBits
<LI><a href="#[d0]">&gt;&gt;</a>&nbsp;&nbsp;&nbsp;SCCB_delay
</UL>
<BR>[Called By]<UL><LI><a href="#[ce]">&gt;&gt;</a>&nbsp;&nbsp;&nbsp;SCCB_ReadByte
</UL>

<P><STRONG><a name="[d6]"></a>SCCB_ReceiveByte</STRONG> (Thumb, 80 bytes, Stack size 16 bytes, bsp_sccb.o(i.SCCB_ReceiveByte))
<BR><BR>[Stack]<UL><LI>Max Depth = 16<LI>Call Chain = SCCB_ReceiveByte
</UL>
<BR>[Calls]<UL><LI><a href="#[62]">&gt;&gt;</a>&nbsp;&nbsp;&nbsp;GPIO_SetBits
<LI><a href="#[70]">&gt;&gt;</a>&nbsp;&nbsp;&nbsp;GPIO_ResetBits
<LI><a href="#[d7]">&gt;&gt;</a>&nbsp;&nbsp;&nbsp;GPIO_ReadInputDataBit
<LI><a href="#[d0]">&gt;&gt;</a>&nbsp;&nbsp;&nbsp;SCCB_delay
</UL>
<BR>[Called By]<UL><LI><a href="#[ce]">&gt;&gt;</a>&nbsp;&nbsp;&nbsp;SCCB_ReadByte
</UL>

<P><STRONG><a name="[d3]"></a>SCCB_SendByte</STRONG> (Thumb, 84 bytes, Stack size 16 bytes, bsp_sccb.o(i.SCCB_SendByte))
<BR><BR>[Stack]<UL><LI>Max Depth = 16<LI>Call Chain = SCCB_SendByte
</UL>
<BR>[Calls]<UL><LI><a href="#[62]">&gt;&gt;</a>&nbsp;&nbsp;&nbsp;GPIO_SetBits
<LI><a href="#[70]">&gt;&gt;</a>&nbsp;&nbsp;&nbsp;GPIO_ResetBits
<LI><a href="#[d0]">&gt;&gt;</a>&nbsp;&nbsp;&nbsp;SCCB_delay
</UL>
<BR>[Called By]<UL><LI><a href="#[cd]">&gt;&gt;</a>&nbsp;&nbsp;&nbsp;SCCB_WriteByte
<LI><a href="#[ce]">&gt;&gt;</a>&nbsp;&nbsp;&nbsp;SCCB_ReadByte
</UL>

<P><STRONG><a name="[d2]"></a>SCCB_Start</STRONG> (Thumb, 78 bytes, Stack size 8 bytes, bsp_sccb.o(i.SCCB_Start))
<BR><BR>[Stack]<UL><LI>Max Depth = 8<LI>Call Chain = SCCB_Start
</UL>
<BR>[Calls]<UL><LI><a href="#[62]">&gt;&gt;</a>&nbsp;&nbsp;&nbsp;GPIO_SetBits
<LI><a href="#[70]">&gt;&gt;</a>&nbsp;&nbsp;&nbsp;GPIO_ResetBits
<LI><a href="#[d7]">&gt;&gt;</a>&nbsp;&nbsp;&nbsp;GPIO_ReadInputDataBit
<LI><a href="#[d0]">&gt;&gt;</a>&nbsp;&nbsp;&nbsp;SCCB_delay
</UL>
<BR>[Called By]<UL><LI><a href="#[cd]">&gt;&gt;</a>&nbsp;&nbsp;&nbsp;SCCB_WriteByte
<LI><a href="#[ce]">&gt;&gt;</a>&nbsp;&nbsp;&nbsp;SCCB_ReadByte
</UL>

<P><STRONG><a name="[d5]"></a>SCCB_Stop</STRONG> (Thumb, 52 bytes, Stack size 8 bytes, bsp_sccb.o(i.SCCB_Stop))
<BR><BR>[Stack]<UL><LI>Max Depth = 8<LI>Call Chain = SCCB_Stop
</UL>
<BR>[Calls]<UL><LI><a href="#[62]">&gt;&gt;</a>&nbsp;&nbsp;&nbsp;GPIO_SetBits
<LI><a href="#[70]">&gt;&gt;</a>&nbsp;&nbsp;&nbsp;GPIO_ResetBits
<LI><a href="#[d0]">&gt;&gt;</a>&nbsp;&nbsp;&nbsp;SCCB_delay
</UL>
<BR>[Called By]<UL><LI><a href="#[cd]">&gt;&gt;</a>&nbsp;&nbsp;&nbsp;SCCB_WriteByte
<LI><a href="#[ce]">&gt;&gt;</a>&nbsp;&nbsp;&nbsp;SCCB_ReadByte
</UL>

<P><STRONG><a name="[d4]"></a>SCCB_WaitAck</STRONG> (Thumb, 72 bytes, Stack size 8 bytes, bsp_sccb.o(i.SCCB_WaitAck))
<BR><BR>[Stack]<UL><LI>Max Depth = 8<LI>Call Chain = SCCB_WaitAck
</UL>
<BR>[Calls]<UL><LI><a href="#[62]">&gt;&gt;</a>&nbsp;&nbsp;&nbsp;GPIO_SetBits
<LI><a href="#[70]">&gt;&gt;</a>&nbsp;&nbsp;&nbsp;GPIO_ResetBits
<LI><a href="#[d7]">&gt;&gt;</a>&nbsp;&nbsp;&nbsp;GPIO_ReadInputDataBit
<LI><a href="#[d0]">&gt;&gt;</a>&nbsp;&nbsp;&nbsp;SCCB_delay
</UL>
<BR>[Called By]<UL><LI><a href="#[cd]">&gt;&gt;</a>&nbsp;&nbsp;&nbsp;SCCB_WriteByte
<LI><a href="#[ce]">&gt;&gt;</a>&nbsp;&nbsp;&nbsp;SCCB_ReadByte
</UL>

<P><STRONG><a name="[d0]"></a>SCCB_delay</STRONG> (Thumb, 16 bytes, Stack size 0 bytes, bsp_sccb.o(i.SCCB_delay))
<BR><BR>[Called By]<UL><LI><a href="#[d4]">&gt;&gt;</a>&nbsp;&nbsp;&nbsp;SCCB_WaitAck
<LI><a href="#[d5]">&gt;&gt;</a>&nbsp;&nbsp;&nbsp;SCCB_Stop
<LI><a href="#[d2]">&gt;&gt;</a>&nbsp;&nbsp;&nbsp;SCCB_Start
<LI><a href="#[d3]">&gt;&gt;</a>&nbsp;&nbsp;&nbsp;SCCB_SendByte
<LI><a href="#[d6]">&gt;&gt;</a>&nbsp;&nbsp;&nbsp;SCCB_ReceiveByte
<LI><a href="#[d1]">&gt;&gt;</a>&nbsp;&nbsp;&nbsp;SCCB_NoAck
<LI><a href="#[cf]">&gt;&gt;</a>&nbsp;&nbsp;&nbsp;SCCB_Ack
</UL>

<P><STRONG><a name="[e0]"></a>itoa</STRONG> (Thumb, 98 bytes, Stack size 20 bytes, common.o(i.itoa))
<BR><BR>[Stack]<UL><LI>Max Depth = 20<LI>Call Chain = itoa
</UL>
<BR>[Called By]<UL><LI><a href="#[6a]">&gt;&gt;</a>&nbsp;&nbsp;&nbsp;USART_printf
</UL>

<P><STRONG><a name="[6d]"></a>ESP8266_GPIO_Config</STRONG> (Thumb, 64 bytes, Stack size 8 bytes, bsp_esp8266.o(i.ESP8266_GPIO_Config))
<BR><BR>[Stack]<UL><LI>Max Depth = 32<LI>Call Chain = ESP8266_GPIO_Config &rArr; GPIO_Init
</UL>
<BR>[Calls]<UL><LI><a href="#[60]">&gt;&gt;</a>&nbsp;&nbsp;&nbsp;GPIO_Init
<LI><a href="#[5f]">&gt;&gt;</a>&nbsp;&nbsp;&nbsp;RCC_APB2PeriphClockCmd
</UL>
<BR>[Called By]<UL><LI><a href="#[6e]">&gt;&gt;</a>&nbsp;&nbsp;&nbsp;ESP8266_Init
</UL>

<P><STRONG><a name="[6f]"></a>ESP8266_USART_Config</STRONG> (Thumb, 148 bytes, Stack size 24 bytes, bsp_esp8266.o(i.ESP8266_USART_Config))
<BR><BR>[Stack]<UL><LI>Max Depth = 92 + Unknown Stack Size
<LI>Call Chain = ESP8266_USART_Config &rArr; USART_Init &rArr; RCC_GetClocksFreq
</UL>
<BR>[Calls]<UL><LI><a href="#[60]">&gt;&gt;</a>&nbsp;&nbsp;&nbsp;GPIO_Init
<LI><a href="#[5f]">&gt;&gt;</a>&nbsp;&nbsp;&nbsp;RCC_APB2PeriphClockCmd
<LI><a href="#[76]">&gt;&gt;</a>&nbsp;&nbsp;&nbsp;RCC_APB1PeriphClockCmd
<LI><a href="#[79]">&gt;&gt;</a>&nbsp;&nbsp;&nbsp;ESP8266_USART_NVIC_Configuration
<LI><a href="#[77]">&gt;&gt;</a>&nbsp;&nbsp;&nbsp;USART_Init
<LI><a href="#[78]">&gt;&gt;</a>&nbsp;&nbsp;&nbsp;USART_ITConfig
<LI><a href="#[7a]">&gt;&gt;</a>&nbsp;&nbsp;&nbsp;USART_Cmd
</UL>
<BR>[Called By]<UL><LI><a href="#[6e]">&gt;&gt;</a>&nbsp;&nbsp;&nbsp;ESP8266_Init
</UL>

<P><STRONG><a name="[79]"></a>ESP8266_USART_NVIC_Configuration</STRONG> (Thumb, 32 bytes, Stack size 16 bytes, bsp_esp8266.o(i.ESP8266_USART_NVIC_Configuration))
<BR><BR>[Stack]<UL><LI>Max Depth = 48 + Unknown Stack Size
<LI>Call Chain = ESP8266_USART_NVIC_Configuration &rArr; LOS_HwiCreate
</UL>
<BR>[Calls]<UL><LI><a href="#[7d]">&gt;&gt;</a>&nbsp;&nbsp;&nbsp;LOS_IntRestore
<LI><a href="#[7b]">&gt;&gt;</a>&nbsp;&nbsp;&nbsp;LOS_IntLock
<LI><a href="#[7c]">&gt;&gt;</a>&nbsp;&nbsp;&nbsp;LOS_HwiCreate
</UL>
<BR>[Called By]<UL><LI><a href="#[6f]">&gt;&gt;</a>&nbsp;&nbsp;&nbsp;ESP8266_USART_Config
</UL>

<P><STRONG><a name="[10c]"></a>osSwTmrTimeoutHandle</STRONG> (Thumb, 128 bytes, Stack size 16 bytes, los_swtmr.o(i.osSwTmrTimeoutHandle))
<BR><BR>[Stack]<UL><LI>Max Depth = 136 + Unknown Stack Size
<LI>Call Chain = osSwTmrTimeoutHandle &rArr; LOS_QueueWrite &rArr; osQueuePend &rArr; osTaskAdd2TimerList &rArr; LOS_ListTailInsert
</UL>
<BR>[Calls]<UL><LI><a href="#[ae]">&gt;&gt;</a>&nbsp;&nbsp;&nbsp;LOS_QueueWrite
<LI><a href="#[a4]">&gt;&gt;</a>&nbsp;&nbsp;&nbsp;LOS_MemboxFree
<LI><a href="#[a3]">&gt;&gt;</a>&nbsp;&nbsp;&nbsp;LOS_MemboxAlloc
<LI><a href="#[10e]">&gt;&gt;</a>&nbsp;&nbsp;&nbsp;osSwTmrStart
<LI><a href="#[10d]">&gt;&gt;</a>&nbsp;&nbsp;&nbsp;osSwtmrDelete
</UL>
<BR>[Called By]<UL><LI><a href="#[dc]">&gt;&gt;</a>&nbsp;&nbsp;&nbsp;osSwtmrScan
</UL>

<P><STRONG><a name="[10d]"></a>osSwtmrDelete</STRONG> (Thumb, 16 bytes, Stack size 0 bytes, los_swtmr.o(i.osSwtmrDelete))
<BR><BR>[Called By]<UL><LI><a href="#[10c]">&gt;&gt;</a>&nbsp;&nbsp;&nbsp;osSwTmrTimeoutHandle
</UL>

<P><STRONG><a name="[94]"></a>LOS_ListAdd</STRONG> (Thumb, 14 bytes, Stack size 0 bytes, los_task.o(i.LOS_ListAdd))
<BR><BR>[Called By]<UL><LI><a href="#[ba]">&gt;&gt;</a>&nbsp;&nbsp;&nbsp;LOS_TaskCreateOnly
<LI><a href="#[93]">&gt;&gt;</a>&nbsp;&nbsp;&nbsp;LOS_ListTailInsert
</UL>

<P><STRONG><a name="[bd]"></a>LOS_ListDelete</STRONG> (Thumb, 20 bytes, Stack size 0 bytes, los_task.o(i.LOS_ListDelete))
<BR><BR>[Called By]<UL><LI><a href="#[b4]">&gt;&gt;</a>&nbsp;&nbsp;&nbsp;osTimerListDelete
<LI><a href="#[10f]">&gt;&gt;</a>&nbsp;&nbsp;&nbsp;osTaskSelfDelete
<LI><a href="#[db]">&gt;&gt;</a>&nbsp;&nbsp;&nbsp;osTaskScan
<LI><a href="#[c0]">&gt;&gt;</a>&nbsp;&nbsp;&nbsp;LOS_TaskYield
<LI><a href="#[ba]">&gt;&gt;</a>&nbsp;&nbsp;&nbsp;LOS_TaskCreateOnly
</UL>

<P><STRONG><a name="[be]"></a>LOS_ListEmpty</STRONG> (Thumb, 16 bytes, Stack size 0 bytes, los_task.o(i.LOS_ListEmpty))
<BR><BR>[Called By]<UL><LI><a href="#[ba]">&gt;&gt;</a>&nbsp;&nbsp;&nbsp;LOS_TaskCreateOnly
</UL>

<P><STRONG><a name="[110]"></a>LOS_ListInit</STRONG> (Thumb, 6 bytes, Stack size 0 bytes, los_task.o(i.LOS_ListInit))
<BR><BR>[Called By]<UL><LI><a href="#[fa]">&gt;&gt;</a>&nbsp;&nbsp;&nbsp;osTaskInit
</UL>

<P><STRONG><a name="[93]"></a>LOS_ListTailInsert</STRONG> (Thumb, 16 bytes, Stack size 16 bytes, los_task.o(i.LOS_ListTailInsert))
<BR><BR>[Stack]<UL><LI>Max Depth = 16<LI>Call Chain = LOS_ListTailInsert
</UL>
<BR>[Calls]<UL><LI><a href="#[94]">&gt;&gt;</a>&nbsp;&nbsp;&nbsp;LOS_ListAdd
</UL>
<BR>[Called By]<UL><LI><a href="#[10f]">&gt;&gt;</a>&nbsp;&nbsp;&nbsp;osTaskSelfDelete
<LI><a href="#[fa]">&gt;&gt;</a>&nbsp;&nbsp;&nbsp;osTaskInit
<LI><a href="#[c2]">&gt;&gt;</a>&nbsp;&nbsp;&nbsp;osTaskAdd2TimerList
</UL>

<P><STRONG><a name="[96]"></a>LOS_ListAdd</STRONG> (Thumb, 14 bytes, Stack size 0 bytes, los_mux.o(i.LOS_ListAdd))
<BR><BR>[Called By]<UL><LI><a href="#[95]">&gt;&gt;</a>&nbsp;&nbsp;&nbsp;LOS_ListTailInsert
</UL>

<P><STRONG><a name="[107]"></a>LOS_ListInit</STRONG> (Thumb, 6 bytes, Stack size 0 bytes, los_mux.o(i.LOS_ListInit))
<BR><BR>[Called By]<UL><LI><a href="#[fc]">&gt;&gt;</a>&nbsp;&nbsp;&nbsp;osMuxInit
</UL>

<P><STRONG><a name="[95]"></a>LOS_ListTailInsert</STRONG> (Thumb, 16 bytes, Stack size 16 bytes, los_mux.o(i.LOS_ListTailInsert))
<BR><BR>[Stack]<UL><LI>Max Depth = 16<LI>Call Chain = LOS_ListTailInsert
</UL>
<BR>[Calls]<UL><LI><a href="#[96]">&gt;&gt;</a>&nbsp;&nbsp;&nbsp;LOS_ListAdd
</UL>
<BR>[Called By]<UL><LI><a href="#[fc]">&gt;&gt;</a>&nbsp;&nbsp;&nbsp;osMuxInit
</UL>

<P><STRONG><a name="[109]"></a>LOS_ListAdd</STRONG> (Thumb, 14 bytes, Stack size 0 bytes, los_queue.o(i.LOS_ListAdd))
<BR><BR>[Called By]<UL><LI><a href="#[aa]">&gt;&gt;</a>&nbsp;&nbsp;&nbsp;osQueuePend
</UL>

<P><STRONG><a name="[ac]"></a>LOS_ListEmpty</STRONG> (Thumb, 16 bytes, Stack size 0 bytes, los_queue.o(i.LOS_ListEmpty))
<BR><BR>[Called By]<UL><LI><a href="#[ae]">&gt;&gt;</a>&nbsp;&nbsp;&nbsp;LOS_QueueWrite
<LI><a href="#[a9]">&gt;&gt;</a>&nbsp;&nbsp;&nbsp;LOS_QueueRead
<LI><a href="#[aa]">&gt;&gt;</a>&nbsp;&nbsp;&nbsp;osQueuePend
</UL>

<P><STRONG><a name="[a8]"></a>LOS_ListInit</STRONG> (Thumb, 6 bytes, Stack size 0 bytes, los_queue.o(i.LOS_ListInit))
<BR><BR>[Called By]<UL><LI><a href="#[a6]">&gt;&gt;</a>&nbsp;&nbsp;&nbsp;LOS_QueueCreate
</UL>

<P><STRONG><a name="[aa]"></a>osQueuePend</STRONG> (Thumb, 132 bytes, Stack size 24 bytes, los_queue.o(i.osQueuePend))
<BR><BR>[Stack]<UL><LI>Max Depth = 72<LI>Call Chain = osQueuePend &rArr; osTaskAdd2TimerList &rArr; LOS_ListTailInsert
</UL>
<BR>[Calls]<UL><LI><a href="#[ac]">&gt;&gt;</a>&nbsp;&nbsp;&nbsp;LOS_ListEmpty
<LI><a href="#[109]">&gt;&gt;</a>&nbsp;&nbsp;&nbsp;LOS_ListAdd
<LI><a href="#[c2]">&gt;&gt;</a>&nbsp;&nbsp;&nbsp;osTaskAdd2TimerList
<LI><a href="#[c1]">&gt;&gt;</a>&nbsp;&nbsp;&nbsp;LOS_PriqueueDequeue
</UL>
<BR>[Called By]<UL><LI><a href="#[ae]">&gt;&gt;</a>&nbsp;&nbsp;&nbsp;LOS_QueueWrite
<LI><a href="#[a9]">&gt;&gt;</a>&nbsp;&nbsp;&nbsp;LOS_QueueRead
</UL>

<P><STRONG><a name="[ad]"></a>osQueueWakeUp</STRONG> (Thumb, 90 bytes, Stack size 16 bytes, los_queue.o(i.osQueueWakeUp))
<BR><BR>[Stack]<UL><LI>Max Depth = 40<LI>Call Chain = osQueueWakeUp &rArr; osTimerListDelete
</UL>
<BR>[Calls]<UL><LI><a href="#[b4]">&gt;&gt;</a>&nbsp;&nbsp;&nbsp;osTimerListDelete
<LI><a href="#[b5]">&gt;&gt;</a>&nbsp;&nbsp;&nbsp;LOS_PriqueueEnqueue
</UL>
<BR>[Called By]<UL><LI><a href="#[ae]">&gt;&gt;</a>&nbsp;&nbsp;&nbsp;LOS_QueueWrite
<LI><a href="#[a9]">&gt;&gt;</a>&nbsp;&nbsp;&nbsp;LOS_QueueRead
</UL>

<P><STRONG><a name="[98]"></a>LOS_ListAdd</STRONG> (Thumb, 14 bytes, Stack size 0 bytes, los_sem.o(i.LOS_ListAdd))
<BR><BR>[Called By]<UL><LI><a href="#[97]">&gt;&gt;</a>&nbsp;&nbsp;&nbsp;LOS_ListTailInsert
</UL>

<P><STRONG><a name="[b3]"></a>LOS_ListDelete</STRONG> (Thumb, 20 bytes, Stack size 0 bytes, los_sem.o(i.LOS_ListDelete))
<BR><BR>[Called By]<UL><LI><a href="#[b1]">&gt;&gt;</a>&nbsp;&nbsp;&nbsp;LOS_SemPost
</UL>

<P><STRONG><a name="[b2]"></a>LOS_ListEmpty</STRONG> (Thumb, 16 bytes, Stack size 0 bytes, los_sem.o(i.LOS_ListEmpty))
<BR><BR>[Called By]<UL><LI><a href="#[b1]">&gt;&gt;</a>&nbsp;&nbsp;&nbsp;LOS_SemPost
</UL>

<P><STRONG><a name="[10a]"></a>LOS_ListInit</STRONG> (Thumb, 6 bytes, Stack size 0 bytes, los_sem.o(i.LOS_ListInit))
<BR><BR>[Called By]<UL><LI><a href="#[fb]">&gt;&gt;</a>&nbsp;&nbsp;&nbsp;osSemInit
</UL>

<P><STRONG><a name="[97]"></a>LOS_ListTailInsert</STRONG> (Thumb, 16 bytes, Stack size 16 bytes, los_sem.o(i.LOS_ListTailInsert))
<BR><BR>[Stack]<UL><LI>Max Depth = 16<LI>Call Chain = LOS_ListTailInsert
</UL>
<BR>[Calls]<UL><LI><a href="#[98]">&gt;&gt;</a>&nbsp;&nbsp;&nbsp;LOS_ListAdd
</UL>
<BR>[Called By]<UL><LI><a href="#[fb]">&gt;&gt;</a>&nbsp;&nbsp;&nbsp;osSemInit
</UL>

<P><STRONG><a name="[a1]"></a>LOS_ListAdd</STRONG> (Thumb, 14 bytes, Stack size 0 bytes, los_memory.o(i.LOS_ListAdd))
<BR><BR>[Called By]<UL><LI><a href="#[9f]">&gt;&gt;</a>&nbsp;&nbsp;&nbsp;LOS_MemInit
<LI><a href="#[101]">&gt;&gt;</a>&nbsp;&nbsp;&nbsp;osMemSpitNode
<LI><a href="#[9e]">&gt;&gt;</a>&nbsp;&nbsp;&nbsp;osMemFreeNode
</UL>

<P><STRONG><a name="[102]"></a>LOS_ListDelete</STRONG> (Thumb, 20 bytes, Stack size 0 bytes, los_memory.o(i.LOS_ListDelete))
<BR><BR>[Called By]<UL><LI><a href="#[101]">&gt;&gt;</a>&nbsp;&nbsp;&nbsp;osMemSpitNode
<LI><a href="#[9e]">&gt;&gt;</a>&nbsp;&nbsp;&nbsp;osMemFreeNode
<LI><a href="#[9a]">&gt;&gt;</a>&nbsp;&nbsp;&nbsp;osMemAllocWithCheck
</UL>

<P><STRONG><a name="[9a]"></a>osMemAllocWithCheck</STRONG> (Thumb, 92 bytes, Stack size 24 bytes, los_memory.o(i.osMemAllocWithCheck))
<BR><BR>[Stack]<UL><LI>Max Depth = 80<LI>Call Chain = osMemAllocWithCheck &rArr; osMemSpitNode &rArr; LOS_DLnkMultiHead
</UL>
<BR>[Calls]<UL><LI><a href="#[103]">&gt;&gt;</a>&nbsp;&nbsp;&nbsp;osTaskMemUsedInc
<LI><a href="#[101]">&gt;&gt;</a>&nbsp;&nbsp;&nbsp;osMemSpitNode
<LI><a href="#[a2]">&gt;&gt;</a>&nbsp;&nbsp;&nbsp;osMemSetMagicNumAndTaskid
<LI><a href="#[100]">&gt;&gt;</a>&nbsp;&nbsp;&nbsp;osMemFindSuitableFreeBlock
<LI><a href="#[102]">&gt;&gt;</a>&nbsp;&nbsp;&nbsp;LOS_ListDelete
</UL>
<BR>[Called By]<UL><LI><a href="#[9b]">&gt;&gt;</a>&nbsp;&nbsp;&nbsp;LOS_MemAllocAlign
<LI><a href="#[99]">&gt;&gt;</a>&nbsp;&nbsp;&nbsp;LOS_MemAlloc
</UL>

<P><STRONG><a name="[9d]"></a>osMemCheckUsedNode</STRONG> (Thumb, 152 bytes, Stack size 40 bytes, los_memory.o(i.osMemCheckUsedNode))
<BR><BR>[Stack]<UL><LI>Max Depth = 52<LI>Call Chain = osMemCheckUsedNode &rArr; osMemIsNodeValid
</UL>
<BR>[Calls]<UL><LI><a href="#[104]">&gt;&gt;</a>&nbsp;&nbsp;&nbsp;osMemIsNodeValid
</UL>
<BR>[Called By]<UL><LI><a href="#[9c]">&gt;&gt;</a>&nbsp;&nbsp;&nbsp;LOS_MemFree
</UL>

<P><STRONG><a name="[100]"></a>osMemFindSuitableFreeBlock</STRONG> (Thumb, 80 bytes, Stack size 16 bytes, los_memory.o(i.osMemFindSuitableFreeBlock))
<BR><BR>[Stack]<UL><LI>Max Depth = 40<LI>Call Chain = osMemFindSuitableFreeBlock &rArr; LOS_DLnkMultiHead
</UL>
<BR>[Calls]<UL><LI><a href="#[91]">&gt;&gt;</a>&nbsp;&nbsp;&nbsp;LOS_DLnkMultiHead
</UL>
<BR>[Called By]<UL><LI><a href="#[9a]">&gt;&gt;</a>&nbsp;&nbsp;&nbsp;osMemAllocWithCheck
</UL>

<P><STRONG><a name="[9e]"></a>osMemFreeNode</STRONG> (Thumb, 178 bytes, Stack size 24 bytes, los_memory.o(i.osMemFreeNode))
<BR><BR>[Stack]<UL><LI>Max Depth = 48<LI>Call Chain = osMemFreeNode &rArr; LOS_DLnkMultiHead
</UL>
<BR>[Calls]<UL><LI><a href="#[105]">&gt;&gt;</a>&nbsp;&nbsp;&nbsp;osTaskMemUsedDec
<LI><a href="#[91]">&gt;&gt;</a>&nbsp;&nbsp;&nbsp;LOS_DLnkMultiHead
<LI><a href="#[106]">&gt;&gt;</a>&nbsp;&nbsp;&nbsp;osMemMergeNode
<LI><a href="#[102]">&gt;&gt;</a>&nbsp;&nbsp;&nbsp;LOS_ListDelete
<LI><a href="#[a1]">&gt;&gt;</a>&nbsp;&nbsp;&nbsp;LOS_ListAdd
</UL>
<BR>[Called By]<UL><LI><a href="#[9c]">&gt;&gt;</a>&nbsp;&nbsp;&nbsp;LOS_MemFree
</UL>

<P><STRONG><a name="[104]"></a>osMemIsNodeValid</STRONG> (Thumb, 62 bytes, Stack size 12 bytes, los_memory.o(i.osMemIsNodeValid))
<BR><BR>[Stack]<UL><LI>Max Depth = 12<LI>Call Chain = osMemIsNodeValid
</UL>
<BR>[Called By]<UL><LI><a href="#[9d]">&gt;&gt;</a>&nbsp;&nbsp;&nbsp;osMemCheckUsedNode
</UL>

<P><STRONG><a name="[106]"></a>osMemMergeNode</STRONG> (Thumb, 36 bytes, Stack size 0 bytes, los_memory.o(i.osMemMergeNode))
<BR><BR>[Called By]<UL><LI><a href="#[101]">&gt;&gt;</a>&nbsp;&nbsp;&nbsp;osMemSpitNode
<LI><a href="#[9e]">&gt;&gt;</a>&nbsp;&nbsp;&nbsp;osMemFreeNode
</UL>

<P><STRONG><a name="[a2]"></a>osMemSetMagicNumAndTaskid</STRONG> (Thumb, 28 bytes, Stack size 0 bytes, los_memory.o(i.osMemSetMagicNumAndTaskid))
<BR><BR>[Called By]<UL><LI><a href="#[9f]">&gt;&gt;</a>&nbsp;&nbsp;&nbsp;LOS_MemInit
<LI><a href="#[9a]">&gt;&gt;</a>&nbsp;&nbsp;&nbsp;osMemAllocWithCheck
</UL>

<P><STRONG><a name="[101]"></a>osMemSpitNode</STRONG> (Thumb, 92 bytes, Stack size 32 bytes, los_memory.o(i.osMemSpitNode))
<BR><BR>[Stack]<UL><LI>Max Depth = 56<LI>Call Chain = osMemSpitNode &rArr; LOS_DLnkMultiHead
</UL>
<BR>[Calls]<UL><LI><a href="#[91]">&gt;&gt;</a>&nbsp;&nbsp;&nbsp;LOS_DLnkMultiHead
<LI><a href="#[106]">&gt;&gt;</a>&nbsp;&nbsp;&nbsp;osMemMergeNode
<LI><a href="#[102]">&gt;&gt;</a>&nbsp;&nbsp;&nbsp;LOS_ListDelete
<LI><a href="#[a1]">&gt;&gt;</a>&nbsp;&nbsp;&nbsp;LOS_ListAdd
</UL>
<BR>[Called By]<UL><LI><a href="#[9a]">&gt;&gt;</a>&nbsp;&nbsp;&nbsp;osMemAllocWithCheck
</UL>

<P><STRONG><a name="[92]"></a>LOS_Log2</STRONG> (Thumb, 320 bytes, Stack size 0 bytes, los_multipledlinkhead.o(i.LOS_Log2))
<BR><BR>[Called By]<UL><LI><a href="#[91]">&gt;&gt;</a>&nbsp;&nbsp;&nbsp;LOS_DLnkMultiHead
</UL>

<P><STRONG><a name="[ea]"></a>_printf_core</STRONG> (Thumb, 658 bytes, Stack size 104 bytes, printf5.o(i._printf_core), UNUSED)
<BR><BR>[Calls]<UL><LI><a href="#[57]">&gt;&gt;</a>&nbsp;&nbsp;&nbsp;__aeabi_uldivmod
</UL>
<BR>[Called By]<UL><LI><a href="#[eb]">&gt;&gt;</a>&nbsp;&nbsp;&nbsp;__0sprintf$5
<LI><a href="#[e9]">&gt;&gt;</a>&nbsp;&nbsp;&nbsp;__0printf$5
</UL>

<P><STRONG><a name="[4e]"></a>_sputc</STRONG> (Thumb, 10 bytes, Stack size 0 bytes, printf5.o(i._sputc))
<BR><BR>[Called By]<UL><LI><a href="#[eb]">&gt;&gt;</a>&nbsp;&nbsp;&nbsp;__0sprintf$5
</UL>
<BR>[Address Reference Count : 1]<UL><LI> printf5.o(i.__0sprintf$5)
</UL><P>
<H3>
Undefined Global Symbols
</H3><HR></body></html>
