<html>
<body>
<pre>
<h1>µVision Build Log</h1>
<h2>Tool Versions:</h2>
IDE-Version: ¦ÌVision V5.15
Copyright (C) 2015 ARM Ltd and ARM Germany GmbH. All rights reserved.
License Information: xia xia, xia, LIC=Q7GX7-ELMF0-LVN1I-T3M47-YASNJ-JMD66
 
Tool Versions:
Toolchain:       MDK-ARM Professional  Version: 5.15.0
Toolchain Path:  C:\Keil_v5\ARM\ARMCC\Bin
C Compiler:      Armcc.exe V5.05 update 2 (build 169)
Assembler:       Armasm.exe V5.05 update 2 (build 169)
Linker/Locator:  ArmLink.exe V5.05 update 2 (build 169)
Library Manager: ArmAr.exe V5.05 update 2 (build 169)
Hex Converter:   FromElf.exe V5.05 update 2 (build 169)
CPU DLL:         SARMCM3.DLL V5.15.0
Dialog DLL:      DCM.DLL V1.13.2.0
Target DLL:      CMSIS_AGDI.dll V1.21.12.0
Dialog DLL:      TCM.DLL V1.14.5.0
 
<h2>Project:</h2>
G:\HuaweiLiteOS\Huawei LiteOS For STM32F103_Cam\Project\HuaweiLiteOS.uvprojx
Project File Date:  01/08/2017

<h2>Output:</h2>
*** Using Compiler 'V5.05 update 2 (build 169)', folder: 'C:\Keil_v5\ARM\ARMCC\Bin'
Build target 'HuaweiLiteOS'
compiling bsp_ov7725.c...
..\Huawei_LiteOS\platform\bsp\sample\config\los_config.h(283): warning:  #47-D: incompatible redefinition of macro "VER" (declared at line 19 of "..\User\ov7725\bsp_ov7725.h")
  #define VER                                                 "Huawei LiteOS KernelV100R001c00B021"
..\User\ov7725\bsp_ov7725.c(234): warning:  #1295-D: Deprecated declaration Example_Exti3_Init - give arg types
  extern void Example_Exti3_Init();
..\User\ov7725\bsp_ov7725.c(245): warning:  #111-D: statement is unreachable
      NVIC_PriorityGroupConfig(NVIC_PriorityGroup_1);
..\User\ov7725\bsp_ov7725.c(308): warning:  #188-D: enumerated type mixed with another type
                return 
RROR ;
..\User\ov7725\bsp_ov7725.c(308): warning:  #68-D: integer conversion resulted in a change of sign
                return 
RROR ;
..\User\ov7725\bsp_ov7725.c(314): warning:  #188-D: enumerated type mixed with another type
                return 
RROR;
..\User\ov7725\bsp_ov7725.c(314): warning:  #68-D: integer conversion resulted in a change of sign
                return 
RROR;
..\User\ov7725\bsp_ov7725.c(325): warning:  #188-D: enumerated type mixed with another type
                                return 
RROR;
..\User\ov7725\bsp_ov7725.c(325): warning:  #68-D: integer conversion resulted in a change of sign
                                return 
RROR;
..\User\ov7725\bsp_ov7725.c(331): warning:  #188-D: enumerated type mixed with another type
                return 
RROR;
..\User\ov7725\bsp_ov7725.c(331): warning:  #68-D: integer conversion resulted in a change of sign
                return 
RROR;
..\User\ov7725\bsp_ov7725.c(459): warning:  #68-D: integer conversion resulted in a change of sign
                        uwRet = 
RROR;
..\User\ov7725\bsp_ov7725.c(367): warning:  #177-D: variable "iSend" was declared but never referenced
        UINT32 count=0, iSend=0;
..\User\ov7725\bsp_ov7725.c(422): warning:  #177-D: variable "fCountRes" was declared but never referenced
        float fCountRes = 0;
..\User\ov7725\bsp_ov7725.c: 14 warnings, 0 errors
linking...
Program Size: Code=17492 RO-data=352 RW-data=1440 ZI-data=62128  
FromELF: creating hex file...
".\Objects\HuaweiLiteOS.axf" - 0 Error(s), 14 Warning(s).

<h2>Collection of Component include folders:</h2>
  G:\HuaweiLiteOS\Huawei LiteOS For STM32F103_Cam\Project\RTE
  C:\Keil_v5\ARM\PACK\Keil\STM32F1xx_DFP\1.1.0\Device\Include

<h2>Collection of Component Files used:</h2>
</pre>
</body>
</html>
