<html>
<body>
<pre>
<h1>礦ision Build Log</h1>
<h2>Tool Versions:</h2>
IDE-Version: μVision V5.14.0.0
Copyright (C) 2015 ARM Ltd and ARM Germany GmbH. All rights reserved.
License Information: zhou andy, hhu, LIC=EPPJJ-UXBKT-JNEA8-3UCRX-0KQD1-2BBPX
 
Tool Versions:
Toolchain:       MDK-ARM Professional  Version: 5.14.0.0
Toolchain Path:  D:\Keil_v5\ARM\ARMCC\Bin
C Compiler:      Armcc.exe V5.05 update 1 (build 106)
Assembler:       Armasm.exe V5.05 update 1 (build 106)
Linker/Locator:  ArmLink.exe V5.05 update 1 (build 106)
Library Manager: ArmAr.exe V5.05 update 1 (build 106)
Hex Converter:   FromElf.exe V5.05 update 1 (build 106)
CPU DLL:         SARMCM3.DLL V5.14.0.0
Dialog DLL:      DARMSTM.DLL V1.65.0.0
Target DLL:      CMSIS_AGDI.dll V1.21.0.0
Dialog DLL:      TARMSTM.DLL V1.64.0.0
 
<h2>Project:</h2>
C:\Users\andy\Desktop\华为比赛\GPIO\Project\RVMDK（uv4）\iSO-STM32.uvprojx
Project File Date:  01/08/2017

<h2>Output:</h2>
Build target 'Huawei_LiteOS'
compiling WIFI.c...
..\..\Huawei_LiteOS_Kernel-master\Huawei_LiteOS\platform\bsp\sample\config\los_config.h(710): warning:  #1295-D: Deprecated declaration osBackTrace - give arg types
  extern void osBackTrace();
..\..\User\ESP8266\WIFI.c: 1 warning, 0 errors
linking...
Program Size: Code=26412 RO-data=652 RW-data=1244 ZI-data=36652  
FromELF: creating hex file...
"..\..\Output\流水灯.axf" - 0 Error(s), 1 Warning(s).

<h2>Software Packages used:</h2>

Package Vendor: ARM
                http://www.keil.com/pack/ARM.CMSIS.4.2.0.pack
                ARM::CMSIS:CORE:3.40.0
                CMSIS (Cortex Microcontroller Software Interface Standard)
   * Component: CORE Version: 3.40.0

<h2>Collection of Component include folders:</h2>
  C:\Users\andy\Desktop\华为比赛\GPIO\Project\RVMDK（uv4）\RTE
  D:\Keil_v5\ARM\PACK\ARM\CMSIS\4.2.0\CMSIS\Include
  D:\Keil_v5\ARM\PACK\Keil\STM32F1xx_DFP\1.0.5\Device\Include

<h2>Collection of Component Files used:</h2>

   * Component: ARM::CMSIS:CORE:3.40.0
      Source file:   CMSIS\UserCodeTemplates\ARM\ITM_Retarget.c
</pre>
</body>
</html>
